Archive member included to satisfy reference by file (symbol)

..\library.a(initialize.o)    obj\debug\main_lab5.o (InitializeHardware)
..\library.a(startup_stm32f429xx.o)
                              ..\library.a(initialize.o) (Reset_Handler)
..\library.a(stm32f4xx_it.o)  ..\library.a(initialize.o) (IncludeThis)
..\library.a(lcd_log.o)       ..\library.a(initialize.o) (LCD_LOG_Init)
..\library.a(stm32f429i_discovery.o)
                              ..\library.a(initialize.o) (BSP_PB_Init)
..\library.a(stm32f429i_discovery_lcd.o)
                              ..\library.a(initialize.o) (BSP_LCD_Init)
..\library.a(stm32f429i_discovery_sdram.o)
                              ..\library.a(stm32f429i_discovery_lcd.o) (BSP_SDRAM_Init)
..\library.a(system_stm32f4xx.o)
                              ..\library.a(startup_stm32f429xx.o) (SystemInit)
..\library.a(stm32f4xx_hal.o)
                              ..\library.a(initialize.o) (HAL_Init)
..\library.a(stm32f4xx_hal_cortex.o)
                              ..\library.a(stm32f4xx_hal.o) (HAL_NVIC_SetPriorityGrouping)
..\library.a(stm32f4xx_hal_dma.o)
                              ..\library.a(stm32f429i_discovery_sdram.o) (HAL_DMA_Init)
..\library.a(stm32f4xx_hal_dma2d.o)
                              ..\library.a(stm32f429i_discovery_lcd.o) (HAL_DMA2D_Init)
..\library.a(stm32f4xx_hal_gpio.o)
                              ..\library.a(stm32f429i_discovery.o) (HAL_GPIO_Init)
..\library.a(stm32f4xx_hal_i2c.o)
                              ..\library.a(stm32f429i_discovery.o) (HAL_I2C_Init)
..\library.a(stm32f4xx_hal_ltdc.o)
                              ..\library.a(stm32f429i_discovery_lcd.o) (HAL_LTDC_Init)
..\library.a(stm32f4xx_hal_pwr_ex.o)
                              ..\library.a(initialize.o) (HAL_PWREx_EnableOverDrive)
..\library.a(stm32f4xx_hal_rcc.o)
                              ..\library.a(initialize.o) (HAL_RCC_OscConfig)
..\library.a(stm32f4xx_hal_rcc_ex.o)
                              ..\library.a(stm32f429i_discovery_lcd.o) (HAL_RCCEx_PeriphCLKConfig)
..\library.a(stm32f4xx_hal_sdram.o)
                              ..\library.a(stm32f429i_discovery_sdram.o) (HAL_SDRAM_Init)
..\library.a(stm32f4xx_hal_spi.o)
                              ..\library.a(stm32f429i_discovery.o) (HAL_SPI_Init)
..\library.a(stm32f4xx_ll_fmc.o)
                              ..\library.a(stm32f4xx_hal_sdram.o) (FMC_SDRAM_Init)
..\library.a(ili9341.o)       ..\library.a(stm32f429i_discovery_lcd.o) (ili9341_drv)
c:/program files (x86)/embitz/1.00/share/em_armgcc/bin/../lib/gcc/arm-none-eabi/5.4.1/../../../../arm-none-eabi/lib/armv7e-m/fpu\libg_n.a(lib_a-memcpy-stub.o)
                              obj\debug\main_lab5.o (memcpy)
c:/program files (x86)/embitz/1.00/share/em_armgcc/bin/../lib/gcc/arm-none-eabi/5.4.1/../../../../arm-none-eabi/lib/armv7e-m/fpu\libg_n.a(lib_a-nano-vfprintf_float.o)
                              (_printf_float)
c:/program files (x86)/embitz/1.00/share/em_armgcc/bin/../lib/gcc/arm-none-eabi/5.4.1/../../../../arm-none-eabi/lib/armv7e-m/fpu\libg_n.a(lib_a-nano-vfprintf_i.o)
                              c:/program files (x86)/embitz/1.00/share/em_armgcc/bin/../lib/gcc/arm-none-eabi/5.4.1/../../../../arm-none-eabi/lib/armv7e-m/fpu\libg_n.a(lib_a-nano-vfprintf_float.o) (_printf_common)
c:/program files (x86)/embitz/1.00/share/em_armgcc/bin/../lib/gcc/arm-none-eabi/5.4.1/../../../../arm-none-eabi/lib/armv7e-m/fpu\libg_n.a(lib_a-printf.o)
                              obj\debug\main_lab5.o (printf)
c:/program files (x86)/embitz/1.00/share/em_armgcc/bin/../lib/gcc/arm-none-eabi/5.4.1/../../../../arm-none-eabi/lib/armv7e-m/fpu\libg_n.a(lib_a-strchr.o)
                              ..\library.a(initialize.o) (strchr)
c:/program files (x86)/embitz/1.00/share/em_armgcc/bin/../lib/gcc/arm-none-eabi/5.4.1/../../../../arm-none-eabi/lib/armv7e-m/fpu\libg_n.a(lib_a-strcpy.o)
                              ..\library.a(initialize.o) (strcpy)
c:/program files (x86)/embitz/1.00/share/em_armgcc/bin/../lib/gcc/arm-none-eabi/5.4.1/../../../../arm-none-eabi/lib/armv7e-m/fpu\libg_n.a(lib_a-strlen.o)
                              c:/program files (x86)/embitz/1.00/share/em_armgcc/bin/../lib/gcc/arm-none-eabi/5.4.1/../../../../arm-none-eabi/lib/armv7e-m/fpu\libg_n.a(lib_a-nano-vfprintf_float.o) (strlen)
c:/program files (x86)/embitz/1.00/share/em_armgcc/bin/../lib/gcc/arm-none-eabi/5.4.1/../../../../arm-none-eabi/lib/armv7e-m/fpu\libg_n.a(lib_a-dtoa.o)
                              c:/program files (x86)/embitz/1.00/share/em_armgcc/bin/../lib/gcc/arm-none-eabi/5.4.1/../../../../arm-none-eabi/lib/armv7e-m/fpu\libg_n.a(lib_a-nano-vfprintf_float.o) (_dtoa_r)
c:/program files (x86)/embitz/1.00/share/em_armgcc/bin/../lib/gcc/arm-none-eabi/5.4.1/../../../../arm-none-eabi/lib/armv7e-m/fpu\libg_n.a(lib_a-findfp.o)
[...]
Memory Configuration

Name             Origin             Length             Attributes
ROM              0x08000000         0x00200000         xr
RAM              0x20000000         0x00030000         xrw
CCRAM            0x10000000         0x00010000         xrw
*default*        0x00000000         0xffffffff

Linker script and memory map

                0x00000200                __HEAP_SIZE = 0x200
                0x00000400                __STACK_SIZE = 0x400

.text           0x08000000     0x9341
 *(.isr_vector)
 .isr_vector    0x08000000      0x1ac ..\library.a(startup_stm32f429xx.o)
                0x08000000                __isr_vector
 *(.text*)
 .text.startup.main
                0x080001ac       0x40 obj\debug\main_lab5.o
                0x080001ac                main
 .text          0x080001ec       0x24 obj\debug\lab_5.o
                0x080001ec                minimum_asm
 .text.InitializeHardware
                0x08000210      0x10c ..\library.a(initialize.o)
                0x08000210                InitializeHardware
 .text          0x0800031c      0x118 ..\library.a(startup_stm32f429xx.o)
                0x0800031c                Reset_Handler
                0x0800034c                _start
                0x0800036c                HardFault_Handler
                0x0800036e                MemManage_Handler
                0x08000370                BusFault_Handler
                0x08000372                UsageFault_Handler
                0x08000374                Default_Handler
                0x08000376                WWDG_IRQHandler
                0x08000378                PVD_IRQHandler
                0x0800037a                TAMP_STAMP_IRQHandler
                0x0800037c                RTC_WKUP_IRQHandler
                0x0800037e                FLASH_IRQHandler
                0x08000380                RCC_IRQHandler
                0x08000382                EXTI0_IRQHandler
                0x08000384                EXTI1_IRQHandler
                0x08000386                EXTI2_IRQHandler
                0x08000388                EXTI3_IRQHandler
                0x0800038a                EXTI4_IRQHandler
                0x0800038c                DMA1_Stream0_IRQHandler
                0x0800038e                DMA1_Stream1_IRQHandler
                0x08000390                DMA1_Stream2_IRQHandler
                0x08000392                DMA1_Stream3_IRQHandler
                0x08000394                DMA1_Stream4_IRQHandler
                0x08000396                DMA1_Stream5_IRQHandler
                0x08000398                DMA1_Stream6_IRQHandler
                0x0800039a                ADC_IRQHandler
                0x0800039c                CAN1_TX_IRQHandler
                0x0800039e                CAN1_RX0_IRQHandler
                0x080003a0                CAN1_RX1_IRQHandler
                0x080003a2                CAN1_SCE_IRQHandler
                0x080003a4                EXTI9_5_IRQHandler
                0x080003a6                TIM1_BRK_TIM9_IRQHandler
                0x080003a8                TIM1_UP_TIM10_IRQHandler
                0x080003aa                TIM1_TRG_COM_TIM11_IRQHandler
                0x080003ac                TIM1_CC_IRQHandler
                0x080003ae                TIM2_IRQHandler
                0x080003b0                TIM3_IRQHandler
                0x080003b2                TIM4_IRQHandler
                0x080003b4                I2C1_EV_IRQHandler
                0x080003b6                I2C1_ER_IRQHandler
                0x080003b8                I2C2_EV_IRQHandler
                0x080003ba                I2C2_ER_IRQHandler
                0x080003bc                SPI1_IRQHandler
                0x080003be                SPI2_IRQHandler
                0x080003c0                USART1_IRQHandler
                0x080003c2                USART2_IRQHandler
                0x080003c4                USART3_IRQHandler
                0x080003c6                EXTI15_10_IRQHandler
                0x080003c8                RTC_Alarm_IRQHandler
                0x080003ca                OTG_FS_WKUP_IRQHandler
                0x080003cc                TIM8_BRK_TIM12_IRQHandler
                0x080003ce                TIM8_UP_TIM13_IRQHandler
                0x080003d0                TIM8_TRG_COM_TIM14_IRQHandler
                0x080003d2                TIM8_CC_IRQHandler
                0x080003d4                DMA1_Stream7_IRQHandler
                0x080003d6                FSMC_IRQHandler
                0x080003d8                SDIO_IRQHandler
                0x080003da                TIM5_IRQHandler
                0x080003dc                SPI3_IRQHandler
                0x080003de                UART4_IRQHandler
                0x080003e0                UART5_IRQHandler
                0x080003e2                TIM6_DAC_IRQHandler
                0x080003e4                TIM7_IRQHandler
                0x080003e6                DMA2_Stream0_IRQHandler
                0x080003e8                DMA2_Stream1_IRQHandler
                0x080003ea                DMA2_Stream2_IRQHandler
                0x080003ec                DMA2_Stream3_IRQHandler
                0x080003ee                DMA2_Stream4_IRQHandler
                0x080003f0                ETH_IRQHandler
                0x080003f2                ETH_WKUP_IRQHandler
                0x080003f4                CAN2_TX_IRQHandler
                0x080003f6                CAN2_RX0_IRQHandler
                0x080003f8                CAN2_RX1_IRQHandler
                0x080003fa                CAN2_SCE_IRQHandler
                0x080003fc                OTG_FS_IRQHandler
                0x080003fe                DMA2_Stream5_IRQHandler
                0x08000400                DMA2_Stream6_IRQHandler
                0x08000402                DMA2_Stream7_IRQHandler
                0x08000404                USART6_IRQHandler
                0x08000406                I2C3_EV_IRQHandler
                0x08000408                I2C3_ER_IRQHandler
                0x0800040a                OTG_HS_EP1_OUT_IRQHandler
                0x0800040c                OTG_HS_EP1_IN_IRQHandler
                0x0800040e                OTG_HS_WKUP_IRQHandler
                0x08000410                OTG_HS_IRQHandler
                0x08000412                DCMI_IRQHandler
                0x08000414                CRYP_IRQHandler
                0x08000416                HASH_RNG_IRQHandler
                0x08000418                FPU_IRQHandler
                0x0800041a                UART7_IRQHandler
                0x0800041c                UART8_IRQHandler
                0x0800041e                SPI4_IRQHandler
                0x08000420                SPI5_IRQHandler
                0x08000422                SPI6_IRQHandler
                0x08000424                SAI1_IRQHandler
                0x08000426                LTDC_IRQHandler
                0x08000428                LTDC_ER_IRQHandler
                0x0800042a                DMA2D_IRQHandler
 .text.NMI_Handler
                0x08000434        0x2 ..\library.a(stm32f4xx_it.o)
                0x08000434                NMI_Handler
 .text.SVC_Handler
                0x08000436        0x2 ..\library.a(stm32f4xx_it.o)
                0x08000436                SVC_Handler
 .text.DebugMon_Handler
                0x08000438        0x2 ..\library.a(stm32f4xx_it.o)
                0x08000438                DebugMon_Handler
 .text.PendSV_Handler
                0x0800043a        0x2 ..\library.a(stm32f4xx_it.o)
                0x0800043a                PendSV_Handler
 .text.SysTick_Handler
                0x0800043c        0x4 ..\library.a(stm32f4xx_it.o)
                0x0800043c                SysTick_Handler
 .text.LCD_LOG_DeInit
                0x08000440       0x64 ..\library.a(lcd_log.o)
                0x08000440                LCD_LOG_DeInit
 .text.LCD_LOG_Init
                0x080004a4       0x12 ..\library.a(lcd_log.o)
                0x080004a4                LCD_LOG_Init
 *fill*         0x080004b6        0x2 
 .text.LCD_LOG_SetHeader
                0x080004b8       0x6c ..\library.a(lcd_log.o)
                0x080004b8                LCD_LOG_SetHeader
 .text.LCD_LOG_SetFooter
                0x08000524       0x80 ..\library.a(lcd_log.o)
                0x08000524                LCD_LOG_SetFooter
 .text.LCD_LOG_UpdateDisplay
                0x080005a4       0x7c ..\library.a(lcd_log.o)
                0x080005a4                LCD_LOG_UpdateDisplay
 .text.Put1Char
                0x08000620      0x140 ..\library.a(lcd_log.o)
                0x08000620                Put1Char
 .text._write   0x08000760       0x1a ..\library.a(lcd_log.o)
                0x08000760                _write
 *fill*         0x0800077a        0x2 
 .text.SPIx_Init
                0x0800077c       0x94 ..\library.a(stm32f429i_discovery.o)
 .text.SPIx_Write
                0x08000810       0x30 ..\library.a(stm32f429i_discovery.o)
 .text.BSP_PB_Init
                0x08000840       0x70 ..\library.a(stm32f429i_discovery.o)
                0x08000840                BSP_PB_Init
 .text.LCD_IO_Init
                0x080008b0       0xb0 ..\library.a(stm32f429i_discovery.o)
                0x080008b0                LCD_IO_Init
 .text.LCD_IO_WriteData
                0x08000960       0x38 ..\library.a(stm32f429i_discovery.o)
                0x08000960                LCD_IO_WriteData
 .text.LCD_IO_WriteReg
                0x08000998       0x38 ..\library.a(stm32f429i_discovery.o)
                0x08000998                LCD_IO_WriteReg
 .text.LCD_IO_ReadData
                0x080009d0       0x6c ..\library.a(stm32f429i_discovery.o)
                0x080009d0                LCD_IO_ReadData
 .text.LCD_Delay
                0x08000a3c        0x4 ..\library.a(stm32f429i_discovery.o)
                0x08000a3c                LCD_Delay
 .text.FillBuffer
                0x08000a40       0x64 ..\library.a(stm32f429i_discovery_lcd.o)
 .text.BSP_LCD_Init
                0x08000aa4      0x1dc ..\library.a(stm32f429i_discovery_lcd.o)
                0x08000aa4                BSP_LCD_Init
 .text.BSP_LCD_GetXSize
                0x08000c80       0x10 ..\library.a(stm32f429i_discovery_lcd.o)
                0x08000c80                BSP_LCD_GetXSize
 .text.BSP_LCD_GetYSize
                0x08000c90       0x10 ..\library.a(stm32f429i_discovery_lcd.o)
                0x08000c90                BSP_LCD_GetYSize
 .text.BSP_LCD_LayerDefaultInit
                0x08000ca0       0x80 ..\library.a(stm32f429i_discovery_lcd.o)
                0x08000ca0                BSP_LCD_LayerDefaultInit
 .text.BSP_LCD_SelectLayer
                0x08000d20        0xc ..\library.a(stm32f429i_discovery_lcd.o)
                0x08000d20                BSP_LCD_SelectLayer
 .text.BSP_LCD_SetTextColor
                0x08000d2c       0x18 ..\library.a(stm32f429i_discovery_lcd.o)
                0x08000d2c                BSP_LCD_SetTextColor
 .text.BSP_LCD_SetBackColor
                0x08000d44       0x18 ..\library.a(stm32f429i_discovery_lcd.o)
                0x08000d44                BSP_LCD_SetBackColor
 .text.BSP_LCD_SetFont
                0x08000d5c       0x18 ..\library.a(stm32f429i_discovery_lcd.o)
                0x08000d5c                BSP_LCD_SetFont
 .text.BSP_LCD_GetFont
                0x08000d74       0x18 ..\library.a(stm32f429i_discovery_lcd.o)
                0x08000d74                BSP_LCD_GetFont
 .text.BSP_LCD_Clear
                0x08000d8c       0x3c ..\library.a(stm32f429i_discovery_lcd.o)
                0x08000d8c                BSP_LCD_Clear
 .text.BSP_LCD_FillRect
                0x08000dc8       0x5c ..\library.a(stm32f429i_discovery_lcd.o)
                0x08000dc8                BSP_LCD_FillRect
 .text.BSP_LCD_DisplayOn
                0x08000e24       0x14 ..\library.a(stm32f429i_discovery_lcd.o)
                0x08000e24                BSP_LCD_DisplayOn
 .text.BSP_LCD_DrawPixel
                0x08000e38       0x2c ..\library.a(stm32f429i_discovery_lcd.o)
                0x08000e38                BSP_LCD_DrawPixel
 .text.BSP_LCD_DisplayChar
                0x08000e64       0xd8 ..\library.a(stm32f429i_discovery_lcd.o)
                0x08000e64                BSP_LCD_DisplayChar
 .text.BSP_LCD_DisplayStringAt
                0x08000f3c       0xb4 ..\library.a(stm32f429i_discovery_lcd.o)
                0x08000f3c                BSP_LCD_DisplayStringAt
 .text.BSP_LCD_DisplayStringAtLine
                0x08000ff0       0x2c ..\library.a(stm32f429i_discovery_lcd.o)
                0x08000ff0                BSP_LCD_DisplayStringAtLine
 .text.BSP_SDRAM_Initialization_sequence
                0x0800101c       0x9c ..\library.a(stm32f429i_discovery_sdram.o)
                0x0800101c                BSP_SDRAM_Initialization_sequence
 .text.BSP_SDRAM_Init
                0x080010b8      0x1d8 ..\library.a(stm32f429i_discovery_sdram.o)
                0x080010b8                BSP_SDRAM_Init
 .text.SystemInit
                0x08001290       0x4c ..\library.a(system_stm32f4xx.o)
                0x08001290                SystemInit
 .text.HAL_MspInit
                0x080012dc        0x2 ..\library.a(stm32f4xx_hal.o)
                0x080012dc                HAL_MspInit
 .text.HAL_InitTick
                0x080012de       0x24 ..\library.a(stm32f4xx_hal.o)
                0x080012de                HAL_InitTick
 *fill*         0x08001302        0x2 
 .text.HAL_Init
                0x08001304       0x34 ..\library.a(stm32f4xx_hal.o)
                0x08001304                HAL_Init
 .text.HAL_IncTick
                0x08001338       0x10 ..\library.a(stm32f4xx_hal.o)
                0x08001338                HAL_IncTick
 .text.HAL_GetTick
                0x08001348        0xc ..\library.a(stm32f4xx_hal.o)
                0x08001348                HAL_GetTick
 .text.HAL_Delay
                0x08001354       0x1a ..\library.a(stm32f4xx_hal.o)
                0x08001354                HAL_Delay
 *fill*         0x0800136e        0x2 
 .text.HAL_NVIC_SetPriorityGrouping
                0x08001370       0x24 ..\library.a(stm32f4xx_hal_cortex.o)
                0x08001370                HAL_NVIC_SetPriorityGrouping
 .text.HAL_NVIC_SetPriority
                0x08001394       0x64 ..\library.a(stm32f4xx_hal_cortex.o)
                0x08001394                HAL_NVIC_SetPriority
 .text.HAL_NVIC_EnableIRQ
                0x080013f8       0x18 ..\library.a(stm32f4xx_hal_cortex.o)
                0x080013f8                HAL_NVIC_EnableIRQ
 .text.HAL_SYSTICK_Config
                0x08001410       0x2c ..\library.a(stm32f4xx_hal_cortex.o)
                0x08001410                HAL_SYSTICK_Config
 .text.HAL_DMA_Init
                0x0800143c       0x74 ..\library.a(stm32f4xx_hal_dma.o)
                0x0800143c                HAL_DMA_Init
 .text.HAL_DMA_DeInit
                0x080014b0      0x414 ..\library.a(stm32f4xx_hal_dma.o)
                0x080014b0                HAL_DMA_DeInit
 .text.DMA2D_SetConfig
                0x080018c4       0x8a ..\library.a(stm32f4xx_hal_dma2d.o)
 .text.HAL_DMA2D_MspInit
                0x0800194e        0x2 ..\library.a(stm32f4xx_hal_dma2d.o)
                0x0800194e                HAL_DMA2D_MspInit
 .text.HAL_DMA2D_Init
                0x08001950       0x5c ..\library.a(stm32f4xx_hal_dma2d.o)
                0x08001950                HAL_DMA2D_Init
 .text.HAL_DMA2D_Start
                0x080019ac       0x40 ..\library.a(stm32f4xx_hal_dma2d.o)
                0x080019ac                HAL_DMA2D_Start
 .text.HAL_DMA2D_PollForTransfer
                0x080019ec       0xc8 ..\library.a(stm32f4xx_hal_dma2d.o)
                0x080019ec                HAL_DMA2D_PollForTransfer
 .text.HAL_DMA2D_ConfigLayer
                0x08001ab4       0xdc ..\library.a(stm32f4xx_hal_dma2d.o)
                0x08001ab4                HAL_DMA2D_ConfigLayer
 .text.HAL_GPIO_Init
                0x08001b90      0x19c ..\library.a(stm32f4xx_hal_gpio.o)
                0x08001b90                HAL_GPIO_Init
 .text.HAL_GPIO_WritePin
                0x08001d2c        0x8 ..\library.a(stm32f4xx_hal_gpio.o)
                0x08001d2c                HAL_GPIO_WritePin
 .text.LTDC_SetConfig
                0x08001d34      0x170 ..\library.a(stm32f4xx_hal_ltdc.o)
 .text.HAL_LTDC_MspInit
                0x08001ea4        0x2 ..\library.a(stm32f4xx_hal_ltdc.o)
                0x08001ea4                HAL_LTDC_MspInit
 *fill*         0x08001ea6        0x2 
 .text.HAL_LTDC_Init
                0x08001ea8      0x104 ..\library.a(stm32f4xx_hal_ltdc.o)
                0x08001ea8                HAL_LTDC_Init
 .text.HAL_LTDC_ConfigLayer
                0x08001fac       0x56 ..\library.a(stm32f4xx_hal_ltdc.o)
                0x08001fac                HAL_LTDC_ConfigLayer
 *fill*         0x08002002        0x2 
 .text.HAL_LTDC_EnableDither
                0x08002004       0x34 ..\library.a(stm32f4xx_hal_ltdc.o)
                0x08002004                HAL_LTDC_EnableDither
 .text.HAL_PWREx_EnableOverDrive
                0x08002038       0x98 ..\library.a(stm32f4xx_hal_pwr_ex.o)
                0x08002038                HAL_PWREx_EnableOverDrive
 .text.HAL_RCC_OscConfig
                0x080020d0      0x304 ..\library.a(stm32f4xx_hal_rcc.o)
                0x080020d0                HAL_RCC_OscConfig
 .text.HAL_RCC_ClockConfig
                0x080023d4      0x208 ..\library.a(stm32f4xx_hal_rcc.o)
                0x080023d4                HAL_RCC_ClockConfig
 .text.HAL_RCC_GetSysClockFreq
                0x080025dc       0x8c ..\library.a(stm32f4xx_hal_rcc.o)
                0x080025dc                HAL_RCC_GetSysClockFreq
 .text.HAL_RCC_GetHCLKFreq
                0x08002668       0x38 ..\library.a(stm32f4xx_hal_rcc.o)
                0x08002668                HAL_RCC_GetHCLKFreq
 .text.HAL_RCCEx_PeriphCLKConfig
                0x080026a0      0x2d8 ..\library.a(stm32f4xx_hal_rcc_ex.o)
                0x080026a0                HAL_RCCEx_PeriphCLKConfig
 .text.HAL_SDRAM_MspInit
                0x08002978        0x2 ..\library.a(stm32f4xx_hal_sdram.o)
                0x08002978                HAL_SDRAM_MspInit
 .text.HAL_SDRAM_Init
                0x0800297a       0x40 ..\library.a(stm32f4xx_hal_sdram.o)
                0x0800297a                HAL_SDRAM_Init
 .text.HAL_SDRAM_SendCommand
                0x080029ba       0x2e ..\library.a(stm32f4xx_hal_sdram.o)
                0x080029ba                HAL_SDRAM_SendCommand
 .text.HAL_SDRAM_ProgramRefreshRate
                0x080029e8       0x24 ..\library.a(stm32f4xx_hal_sdram.o)
                0x080029e8                HAL_SDRAM_ProgramRefreshRate
 .text.SPI_WaitOnFlagUntilTimeout
                0x08002a0c       0x98 ..\library.a(stm32f4xx_hal_spi.o)
 .text.HAL_SPI_MspInit
                0x08002aa4        0x2 ..\library.a(stm32f4xx_hal_spi.o)
                0x08002aa4                HAL_SPI_MspInit
 .text.HAL_SPI_Init
                0x08002aa6       0x86 ..\library.a(stm32f4xx_hal_spi.o)
                0x08002aa6                HAL_SPI_Init
 .text.HAL_SPI_MspDeInit
                0x08002b2c        0x2 ..\library.a(stm32f4xx_hal_spi.o)
                0x08002b2c                HAL_SPI_MspDeInit
 .text.HAL_SPI_DeInit
                0x08002b2e       0x26 ..\library.a(stm32f4xx_hal_spi.o)
                0x08002b2e                HAL_SPI_DeInit
 .text.HAL_SPI_Transmit
                0x08002b54      0x14c ..\library.a(stm32f4xx_hal_spi.o)
                0x08002b54                HAL_SPI_Transmit
 .text.HAL_SPI_TransmitReceive
                0x08002ca0      0x2c6 ..\library.a(stm32f4xx_hal_spi.o)
                0x08002ca0                HAL_SPI_TransmitReceive
 .text.HAL_SPI_Receive
                0x08002f66      0x1dc ..\library.a(stm32f4xx_hal_spi.o)
                0x08002f66                HAL_SPI_Receive
 .text.HAL_SPI_GetState
                0x08003142        0x6 ..\library.a(stm32f4xx_hal_spi.o)
                0x08003142                HAL_SPI_GetState
 .text.FMC_SDRAM_Init
                0x08003148       0x84 ..\library.a(stm32f4xx_ll_fmc.o)
                0x08003148                FMC_SDRAM_Init
 .text.FMC_SDRAM_Timing_Init
                0x080031cc       0x8a ..\library.a(stm32f4xx_ll_fmc.o)
                0x080031cc                FMC_SDRAM_Timing_Init
 .text.FMC_SDRAM_SendCommand
                0x08003256       0x4c ..\library.a(stm32f4xx_ll_fmc.o)
                0x08003256                FMC_SDRAM_SendCommand
 .text.FMC_SDRAM_ProgramRefreshRate
                0x080032a2        0xc ..\library.a(stm32f4xx_ll_fmc.o)
                0x080032a2                FMC_SDRAM_ProgramRefreshRate
 .text.ili9341_GetLcdPixelWidth
                0x080032ae        0x4 ..\library.a(ili9341.o)
                0x080032ae                ili9341_GetLcdPixelWidth
 .text.ili9341_GetLcdPixelHeight
                0x080032b2        0x6 ..\library.a(ili9341.o)
                0x080032b2                ili9341_GetLcdPixelHeight
 .text.ili9341_DisplayOn
                0x080032b8        0x6 ..\library.a(ili9341.o)
                0x080032b8                ili9341_DisplayOn
 .text.ili9341_DisplayOff
                0x080032be        0x6 ..\library.a(ili9341.o)
                0x080032be                ili9341_DisplayOff
 .text.ili9341_Init
                0x080032c4      0x292 ..\library.a(ili9341.o)
                0x080032c4                ili9341_Init
 .text.ili9341_ReadID
                0x08003556       0x12 ..\library.a(ili9341.o)
                0x08003556                ili9341_ReadID
 .text.memcpy   0x08003568       0x16 c:/program files (x86)/embitz/1.00/share/em_armgcc/bin/../lib/gcc/arm-none-eabi/5.4.1/../../../../arm-none-eabi/lib/armv7e-m/fpu\libg_n.a(lib_a-memcpy-stub.o)
                0x08003568                memcpy
 .text.__cvt    0x0800357e       0xc8 c:/program files (x86)/embitz/1.00/share/em_armgcc/bin/../lib/gcc/arm-none-eabi/5.4.1/../../../../arm-none-eabi/lib/armv7e-m/fpu\libg_n.a(lib_a-nano-vfprintf_float.o)
                0x0800357e                __cvt
 .text.__exponent
                0x08003646       0x60 c:/program files (x86)/embitz/1.00/share/em_armgcc/bin/../lib/gcc/arm-none-eabi/5.4.1/../../../../arm-none-eabi/lib/armv7e-m/fpu\libg_n.a(lib_a-nano-vfprintf_float.o)
                0x08003646                __exponent
 *fill*         0x080036a6        0x2 
 .text._printf_float
                0x080036a8      0x47c c:/program files (x86)/embitz/1.00/share/em_armgcc/bin/../lib/gcc/arm-none-eabi/5.4.1/../../../../arm-none-eabi/lib/armv7e-m/fpu\libg_n.a(lib_a-nano-vfprintf_float.o)
                0x080036a8                _printf_float
 .text._printf_common
                0x08003b24       0xec c:/program files (x86)/embitz/1.00/share/em_armgcc/bin/../lib/gcc/arm-none-eabi/5.4.1/../../../../arm-none-eabi/lib/armv7e-m/fpu\libg_n.a(lib_a-nano-vfprintf_i.o)
                0x08003b24                _printf_common
 .text._printf_i
                0x08003c10      0x24c c:/program files (x86)/embitz/1.00/share/em_armgcc/bin/../lib/gcc/arm-none-eabi/5.4.1/../../../../arm-none-eabi/lib/armv7e-m/fpu\libg_n.a(lib_a-nano-vfprintf_i.o)
                0x08003c10                _printf_i
 .text.printf   0x08003e5c       0x30 c:/program files (x86)/embitz/1.00/share/em_armgcc/bin/../lib/gcc/arm-none-eabi/5.4.1/../../../../arm-none-eabi/lib/armv7e-m/fpu\libg_n.a(lib_a-printf.o)
                0x08003e5c                iprintf
                0x08003e5c                printf
 .text.strchr   0x08003e8c       0x1c c:/program files (x86)/embitz/1.00/share/em_armgcc/bin/../lib/gcc/arm-none-eabi/5.4.1/../../../../arm-none-eabi/lib/armv7e-m/fpu\libg_n.a(lib_a-strchr.o)
                0x08003e8c                strchr
 .text.strcpy   0x08003ea8       0x10 c:/program files (x86)/embitz/1.00/share/em_armgcc/bin/../lib/gcc/arm-none-eabi/5.4.1/../../../../arm-none-eabi/lib/armv7e-m/fpu\libg_n.a(lib_a-strcpy.o)
                0x08003ea8                strcpy
 .text          0x08003eb8       0x10 c:/program files (x86)/embitz/1.00/share/em_armgcc/bin/../lib/gcc/arm-none-eabi/5.4.1/../../../../arm-none-eabi/lib/armv7e-m/fpu\libg_n.a(lib_a-strlen.o)
                0x08003eb8                strlen
 .text.quorem   0x08003ec8      0x11e c:/program files (x86)/embitz/1.00/share/em_armgcc/bin/../lib/gcc/arm-none-eabi/5.4.1/../../../../arm-none-eabi/lib/armv7e-m/fpu\libg_n.a(lib_a-dtoa.o)
 *fill*         0x08003fe6        0x2 
 .text._dtoa_r  0x08003fe8      0xb40 c:/program files (x86)/embitz/1.00/share/em_armgcc/bin/../lib/gcc/arm-none-eabi/5.4.1/../../../../arm-none-eabi/lib/armv7e-m/fpu\libg_n.a(lib_a-dtoa.o)
                0x08003fe8                _dtoa_r
 .text._cleanup_r
                0x08004b28        0xc c:/program files (x86)/embitz/1.00/share/em_armgcc/bin/../lib/gcc/arm-none-eabi/5.4.1/../../../../arm-none-eabi/lib/armv7e-m/fpu\libg_n.a(lib_a-findfp.o)
                0x08004b28                _cleanup_r
 .text.std.isra.0
                0x08004b34       0x48 c:/program files (x86)/embitz/1.00/share/em_armgcc/bin/../lib/gcc/arm-none-eabi/5.4.1/../../../../arm-none-eabi/lib/armv7e-m/fpu\libg_n.a(lib_a-findfp.o)
 .text.__sfmoreglue
                0x08004b7c       0x2c c:/program files (x86)/embitz/1.00/share/em_armgcc/bin/../lib/gcc/arm-none-eabi/5.4.1/../../../../arm-none-eabi/lib/armv7e-m/fpu\libg_n.a(lib_a-findfp.o)
                0x08004b7c                __sfmoreglue
 .text.__sinit  0x08004ba8       0x60 c:/program files (x86)/embitz/1.00/share/em_armgcc/bin/../lib/gcc/arm-none-eabi/5.4.1/../../../../arm-none-eabi/lib/armv7e-m/fpu\libg_n.a(lib_a-findfp.o)
                0x08004ba8                __sinit
 .text.__sfp    0x08004c08       0x78 c:/program files (x86)/embitz/1.00/share/em_armgcc/bin/../lib/gcc/arm-none-eabi/5.4.1/../../../../arm-none-eabi/lib/armv7e-m/fpu\libg_n.a(lib_a-findfp.o)
                0x08004c08                __sfp
 .text._fwalk_reent
                0x08004c80       0x3c c:/program files (x86)/embitz/1.00/share/em_armgcc/bin/../lib/gcc/arm-none-eabi/5.4.1/../../../../arm-none-eabi/lib/armv7e-m/fpu\libg_n.a(lib_a-fwalk.o)
                0x08004c80                _fwalk_reent
 .text._localeconv_r
                0x08004cbc        0x8 c:/program files (x86)/embitz/1.00/share/em_armgcc/bin/../lib/gcc/arm-none-eabi/5.4.1/../../../../arm-none-eabi/lib/armv7e-m/fpu\libg_n.a(lib_a-locale.o)
                0x08004cbc                _localeconv_r
 .text.malloc   0x08004cc4       0x10 c:/program files (x86)/embitz/1.00/share/em_armgcc/bin/../lib/gcc/arm-none-eabi/5.4.1/../../../../arm-none-eabi/lib/armv7e-m/fpu\libg_n.a(lib_a-malloc.o)
                0x08004cc4                malloc
 *fill*         0x08004cd4        0xc 
 .text          0x08004ce0       0xa0 c:/program files (x86)/embitz/1.00/share/em_armgcc/bin/../lib/gcc/arm-none-eabi/5.4.1/../../../../arm-none-eabi/lib/armv7e-m/fpu\libg_n.a(lib_a-memchr.o)
                0x08004ce0                memchr
 .text.memset   0x08004d80       0x10 c:/program files (x86)/embitz/1.00/share/em_armgcc/bin/../lib/gcc/arm-none-eabi/5.4.1/../../../../arm-none-eabi/lib/armv7e-m/fpu\libg_n.a(lib_a-memset.o)
                0x08004d80                memset
 .text._Balloc  0x08004d90       0x6a c:/program files (x86)/embitz/1.00/share/em_armgcc/bin/../lib/gcc/arm-none-eabi/5.4.1/../../../../arm-none-eabi/lib/armv7e-m/fpu\libg_n.a(lib_a-mprec.o)
                0x08004d90                _Balloc
 .text._Bfree   0x08004dfa       0x2e c:/program files (x86)/embitz/1.00/share/em_armgcc/bin/../lib/gcc/arm-none-eabi/5.4.1/../../../../arm-none-eabi/lib/armv7e-m/fpu\libg_n.a(lib_a-mprec.o)
                0x08004dfa                _Bfree
 .text.__multadd
                0x08004e28       0x76 c:/program files (x86)/embitz/1.00/share/em_armgcc/bin/../lib/gcc/arm-none-eabi/5.4.1/../../../../arm-none-eabi/lib/armv7e-m/fpu\libg_n.a(lib_a-mprec.o)
                0x08004e28                __multadd
 .text.__hi0bits
                0x08004e9e       0x40 c:/program files (x86)/embitz/1.00/share/em_armgcc/bin/../lib/gcc/arm-none-eabi/5.4.1/../../../../arm-none-eabi/lib/armv7e-m/fpu\libg_n.a(lib_a-mprec.o)
                0x08004e9e                __hi0bits
 .text.__lo0bits
                0x08004ede       0x5a c:/program files (x86)/embitz/1.00/share/em_armgcc/bin/../lib/gcc/arm-none-eabi/5.4.1/../../../../arm-none-eabi/lib/armv7e-m/fpu\libg_n.a(lib_a-mprec.o)
                0x08004ede                __lo0bits
 .text.__i2b    0x08004f38       0x12 c:/program files (x86)/embitz/1.00/share/em_armgcc/bin/../lib/gcc/arm-none-eabi/5.4.1/../../../../arm-none-eabi/lib/armv7e-m/fpu\libg_n.a(lib_a-mprec.o)
                0x08004f38                __i2b
 .text.__multiply
                0x08004f4a      0x122 c:/program files (x86)/embitz/1.00/share/em_armgcc/bin/../lib/gcc/arm-none-eabi/5.4.1/../../../../arm-none-eabi/lib/armv7e-m/fpu\libg_n.a(lib_a-mprec.o)
                0x08004f4a                __multiply
 .text.__pow5mult
                0x0800506c       0x9c c:/program files (x86)/embitz/1.00/share/em_armgcc/bin/../lib/gcc/arm-none-eabi/5.4.1/../../../../arm-none-eabi/lib/armv7e-m/fpu\libg_n.a(lib_a-mprec.o)
                0x0800506c                __pow5mult
 .text.__lshift
                0x08005108       0xa2 c:/program files (x86)/embitz/1.00/share/em_armgcc/bin/../lib/gcc/arm-none-eabi/5.4.1/../../../../arm-none-eabi/lib/armv7e-m/fpu\libg_n.a(lib_a-mprec.o)
                0x08005108                __lshift
 .text.__mcmp   0x080051aa       0x38 c:/program files (x86)/embitz/1.00/share/em_armgcc/bin/../lib/gcc/arm-none-eabi/5.4.1/../../../../arm-none-eabi/lib/armv7e-m/fpu\libg_n.a(lib_a-mprec.o)
                0x080051aa                __mcmp
 .text.__mdiff  0x080051e2       0xbe c:/program files (x86)/embitz/1.00/share/em_armgcc/bin/../lib/gcc/arm-none-eabi/5.4.1/../../../../arm-none-eabi/lib/armv7e-m/fpu\libg_n.a(lib_a-mprec.o)
                0x080051e2                __mdiff
 .text.__d2b    0x080052a0       0x9c c:/program files (x86)/embitz/1.00/share/em_armgcc/bin/../lib/gcc/arm-none-eabi/5.4.1/../../../../arm-none-eabi/lib/armv7e-m/fpu\libg_n.a(lib_a-mprec.o)
                0x080052a0                __d2b
 .text._calloc_r
                0x0800533c       0x1c c:/program files (x86)/embitz/1.00/share/em_armgcc/bin/../lib/gcc/arm-none-eabi/5.4.1/../../../../arm-none-eabi/lib/armv7e-m/fpu\libg_n.a(lib_a-nano-callocr.o)
                0x0800533c                _calloc_r
 .text._free_r  0x08005358       0x9c c:/program files (x86)/embitz/1.00/share/em_armgcc/bin/../lib/gcc/arm-none-eabi/5.4.1/../../../../arm-none-eabi/lib/armv7e-m/fpu\libg_n.a(lib_a-nano-freer.o)
                0x08005358                _free_r
 .text._malloc_r
                0x080053f4       0xbc c:/program files (x86)/embitz/1.00/share/em_armgcc/bin/../lib/gcc/arm-none-eabi/5.4.1/../../../../arm-none-eabi/lib/armv7e-m/fpu\libg_n.a(lib_a-nano-mallocr.o)
                0x080053f4                _malloc_r
 .text.__sfputc_r
                0x080054b0       0x30 c:/program files (x86)/embitz/1.00/share/em_armgcc/bin/../lib/gcc/arm-none-eabi/5.4.1/../../../../arm-none-eabi/lib/armv7e-m/fpu\libg_n.a(lib_a-nano-vfprintf.o)
 .text.__sfputs_r
                0x080054e0       0x24 c:/program files (x86)/embitz/1.00/share/em_armgcc/bin/../lib/gcc/arm-none-eabi/5.4.1/../../../../arm-none-eabi/lib/armv7e-m/fpu\libg_n.a(lib_a-nano-vfprintf.o)
                0x080054e0                __sfputs_r
 .text._vfprintf_r
                0x08005504      0x238 c:/program files (x86)/embitz/1.00/share/em_armgcc/bin/../lib/gcc/arm-none-eabi/5.4.1/../../../../arm-none-eabi/lib/armv7e-m/fpu\libg_n.a(lib_a-nano-vfprintf.o)
                0x08005504                _vfprintf_r
                0x08005504                _vfiprintf_r
 .text._sbrk_r  0x0800573c       0x20 c:/program files (x86)/embitz/1.00/share/em_armgcc/bin/../lib/gcc/arm-none-eabi/5.4.1/../../../../arm-none-eabi/lib/armv7e-m/fpu\libg_n.a(lib_a-sbrkr.o)
                0x0800573c                _sbrk_r
 .text.__sread  0x0800575c       0x22 c:/program files (x86)/embitz/1.00/share/em_armgcc/bin/../lib/gcc/arm-none-eabi/5.4.1/../../../../arm-none-eabi/lib/armv7e-m/fpu\libg_n.a(lib_a-stdio.o)
                0x0800575c                __sread
 .text.__swrite
                0x0800577e       0x38 c:/program files (x86)/embitz/1.00/share/em_armgcc/bin/../lib/gcc/arm-none-eabi/5.4.1/../../../../arm-none-eabi/lib/armv7e-m/fpu\libg_n.a(lib_a-stdio.o)
                0x0800577e                __swrite
 .text.__sseek  0x080057b6       0x24 c:/program files (x86)/embitz/1.00/share/em_armgcc/bin/../lib/gcc/arm-none-eabi/5.4.1/../../../../arm-none-eabi/lib/armv7e-m/fpu\libg_n.a(lib_a-stdio.o)
                0x080057b6                __sseek
 .text.__sclose
                0x080057da        0x8 c:/program files (x86)/embitz/1.00/share/em_armgcc/bin/../lib/gcc/arm-none-eabi/5.4.1/../../../../arm-none-eabi/lib/armv7e-m/fpu\libg_n.a(lib_a-stdio.o)
                0x080057da                __sclose
 *fill*         0x080057e2        0x2 
 .text.__swbuf_r
                0x080057e4       0xa8 c:/program files (x86)/embitz/1.00/share/em_armgcc/bin/../lib/gcc/arm-none-eabi/5.4.1/../../../../arm-none-eabi/lib/armv7e-m/fpu\libg_n.a(lib_a-wbuf.o)
                0x080057e4                __swbuf_r
 .text._write_r
                0x0800588c       0x24 c:/program files (x86)/embitz/1.00/share/em_armgcc/bin/../lib/gcc/arm-none-eabi/5.4.1/../../../../arm-none-eabi/lib/armv7e-m/fpu\libg_n.a(lib_a-writer.o)
                0x0800588c                _write_r
 .text.__swsetup_r
                0x080058b0       0xdc c:/program files (x86)/embitz/1.00/share/em_armgcc/bin/../lib/gcc/arm-none-eabi/5.4.1/../../../../arm-none-eabi/lib/armv7e-m/fpu\libg_n.a(lib_a-wsetup.o)
                0x080058b0                __swsetup_r
 .text._close_r
                0x0800598c       0x20 c:/program files (x86)/embitz/1.00/share/em_armgcc/bin/../lib/gcc/arm-none-eabi/5.4.1/../../../../arm-none-eabi/lib/armv7e-m/fpu\libg_n.a(lib_a-closer.o)
                0x0800598c                _close_r
 .text.__sflush_r
                0x080059ac      0x110 c:/program files (x86)/embitz/1.00/share/em_armgcc/bin/../lib/gcc/arm-none-eabi/5.4.1/../../../../arm-none-eabi/lib/armv7e-m/fpu\libg_n.a(lib_a-fflush.o)
                0x080059ac                __sflush_r
 .text._fflush_r
                0x08005abc       0x54 c:/program files (x86)/embitz/1.00/share/em_armgcc/bin/../lib/gcc/arm-none-eabi/5.4.1/../../../../arm-none-eabi/lib/armv7e-m/fpu\libg_n.a(lib_a-fflush.o)
                0x08005abc                _fflush_r
 .text._lseek_r
                0x08005b10       0x24 c:/program files (x86)/embitz/1.00/share/em_armgcc/bin/../lib/gcc/arm-none-eabi/5.4.1/../../../../arm-none-eabi/lib/armv7e-m/fpu\libg_n.a(lib_a-lseekr.o)
                0x08005b10                _lseek_r
 .text.__swhatbuf_r
                0x08005b34       0x46 c:/program files (x86)/embitz/1.00/share/em_armgcc/bin/../lib/gcc/arm-none-eabi/5.4.1/../../../../arm-none-eabi/lib/armv7e-m/fpu\libg_n.a(lib_a-makebuf.o)
                0x08005b34                __swhatbuf_r
 *fill*         0x08005b7a        0x2 
 .text.__smakebuf_r
                0x08005b7c       0x78 c:/program files (x86)/embitz/1.00/share/em_armgcc/bin/../lib/gcc/arm-none-eabi/5.4.1/../../../../arm-none-eabi/lib/armv7e-m/fpu\libg_n.a(lib_a-makebuf.o)
                0x08005b7c                __smakebuf_r
 .text.__malloc_lock
                0x08005bf4        0x2 c:/program files (x86)/embitz/1.00/share/em_armgcc/bin/../lib/gcc/arm-none-eabi/5.4.1/../../../../arm-none-eabi/lib/armv7e-m/fpu\libg_n.a(lib_a-mlock.o)
                0x08005bf4                __malloc_lock
 .text.__malloc_unlock
                0x08005bf6        0x2 c:/program files (x86)/embitz/1.00/share/em_armgcc/bin/../lib/gcc/arm-none-eabi/5.4.1/../../../../arm-none-eabi/lib/armv7e-m/fpu\libg_n.a(lib_a-mlock.o)
                0x08005bf6                __malloc_unlock
 .text._read_r  0x08005bf8       0x24 c:/program files (x86)/embitz/1.00/share/em_armgcc/bin/../lib/gcc/arm-none-eabi/5.4.1/../../../../arm-none-eabi/lib/armv7e-m/fpu\libg_n.a(lib_a-readr.o)
                0x08005bf8                _read_r
 .text._fstat_r
                0x08005c1c       0x24 c:/program files (x86)/embitz/1.00/share/em_armgcc/bin/../lib/gcc/arm-none-eabi/5.4.1/../../../../arm-none-eabi/lib/armv7e-m/fpu\libg_n.a(lib_a-fstatr.o)
                0x08005c1c                _fstat_r
 .text._isatty_r
                0x08005c40       0x20 c:/program files (x86)/embitz/1.00/share/em_armgcc/bin/../lib/gcc/arm-none-eabi/5.4.1/../../../../arm-none-eabi/lib/armv7e-m/fpu\libg_n.a(lib_a-isattyr.o)
                0x08005c40                _isatty_r
 .text          0x08005c60      0x370 c:/program files (x86)/embitz/1.00/share/em_armgcc/bin/../lib/gcc/arm-none-eabi/5.4.1/armv7e-m/fpu\libgcc.a(_arm_addsubdf3.o)
                0x08005c60                __aeabi_drsub
                0x08005c68                __aeabi_dsub
                0x08005c68                __subdf3
                0x08005c6c                __aeabi_dadd
                0x08005c6c                __adddf3
                0x08005ee4                __floatunsidf
                0x08005ee4                __aeabi_ui2d
                0x08005f04                __floatsidf
                0x08005f04                __aeabi_i2d
                0x08005f28                __aeabi_f2d
                0x08005f28                __extendsfdf2
                0x08005f64                __floatundidf
                0x08005f64                __aeabi_ul2d
                0x08005f74                __floatdidf
                0x08005f74                __aeabi_l2d
 .text          0x08005fd0      0x424 c:/program files (x86)/embitz/1.00/share/em_armgcc/bin/../lib/gcc/arm-none-eabi/5.4.1/armv7e-m/fpu\libgcc.a(_arm_muldivdf3.o)
                0x08005fd0                __aeabi_dmul
                0x08005fd0                __muldf3
                0x08006224                __divdf3
                0x08006224                __aeabi_ddiv
 .text          0x080063f4      0x110 c:/program files (x86)/embitz/1.00/share/em_armgcc/bin/../lib/gcc/arm-none-eabi/5.4.1/armv7e-m/fpu\libgcc.a(_arm_cmpdf2.o)
                0x080063f4                __gtdf2
                0x080063f4                __gedf2
                0x080063fc                __ltdf2
                0x080063fc                __ledf2
                0x08006404                __nedf2
                0x08006404                __eqdf2
                0x08006404                __cmpdf2
                0x08006480                __aeabi_cdrcmple
                0x08006490                __aeabi_cdcmpeq
                0x08006490                __aeabi_cdcmple
                0x080064a0                __aeabi_dcmpeq
                0x080064b4                __aeabi_dcmplt
                0x080064c8                __aeabi_dcmple
                0x080064dc                __aeabi_dcmpge
                0x080064f0                __aeabi_dcmpgt
 .text          0x08006504       0x2c c:/program files (x86)/embitz/1.00/share/em_armgcc/bin/../lib/gcc/arm-none-eabi/5.4.1/armv7e-m/fpu\libgcc.a(_arm_unorddf2.o)
                0x08006504                __unorddf2
                0x08006504                __aeabi_dcmpun
 .text          0x08006530       0x50 c:/program files (x86)/embitz/1.00/share/em_armgcc/bin/../lib/gcc/arm-none-eabi/5.4.1/armv7e-m/fpu\libgcc.a(_arm_fixdfsi.o)
                0x08006530                __aeabi_d2iz
                0x08006530                __fixdfsi
 .text._close   0x08006580       0x10 c:/program files (x86)/embitz/1.00/share/em_armgcc/bin/../lib/gcc/arm-none-eabi/5.4.1/../../../../arm-none-eabi/lib/armv7e-m/fpu\libnosys_s.a(close.o)
                0x08006580                _close
 .text._fstat   0x08006590       0x10 c:/program files (x86)/embitz/1.00/share/em_armgcc/bin/../lib/gcc/arm-none-eabi/5.4.1/../../../../arm-none-eabi/lib/armv7e-m/fpu\libnosys_s.a(fstat.o)
                0x08006590                _fstat
 .text._isatty  0x080065a0       0x10 c:/program files (x86)/embitz/1.00/share/em_armgcc/bin/../lib/gcc/arm-none-eabi/5.4.1/../../../../arm-none-eabi/lib/armv7e-m/fpu\libnosys_s.a(isatty.o)
                0x080065a0                _isatty
 .text._lseek   0x080065b0       0x10 c:/program files (x86)/embitz/1.00/share/em_armgcc/bin/../lib/gcc/arm-none-eabi/5.4.1/../../../../arm-none-eabi/lib/armv7e-m/fpu\libnosys_s.a(lseek.o)
                0x080065b0                _lseek
 .text._read    0x080065c0       0x10 c:/program files (x86)/embitz/1.00/share/em_armgcc/bin/../lib/gcc/arm-none-eabi/5.4.1/../../../../arm-none-eabi/lib/armv7e-m/fpu\libnosys_s.a(read.o)
                0x080065c0                _read
 .text._sbrk    0x080065d0       0x1c c:/program files (x86)/embitz/1.00/share/em_armgcc/bin/../lib/gcc/arm-none-eabi/5.4.1/../../../../arm-none-eabi/lib/armv7e-m/fpu\libnosys_s.a(sbrk.o)
                0x080065d0                _sbrk
 *(.init)
 *(.fini)
 *crtbegin.o(.ctors)
 *crtbegin?.o(.ctors)
 *(EXCLUDE_FILE(*crtend.o *crtend?.o) .ctors)
 *(SORT(.ctors.*))
 *(.ctors)
 *crtbegin.o(.dtors)
 *crtbegin?.o(.dtors)
 *(EXCLUDE_FILE(*crtend.o *crtend?.o) .dtors)
 *(SORT(.dtors.*))
 *(.dtors)
 *(.rodata*)
 .rodata        0x080065ec       0x50 obj\debug\main_lab5.o
 .rodata.str1.1
                0x0800663c       0x25 obj\debug\main_lab5.o
 .rodata.Font16_Table
                0x08006661      0xbe0 ..\library.a(stm32f429i_discovery_lcd.o)
                0x08006661                Font16_Table
 .rodata.Font24_Table
                0x08007241     0x1ab8 ..\library.a(stm32f429i_discovery_lcd.o)
                0x08007241                Font24_Table
 .rodata.Font12_Table
                0x08008cf9      0x474 ..\library.a(stm32f429i_discovery_lcd.o)
                0x08008cf9                Font12_Table
 .rodata.APBAHBPrescTable
                0x0800916d       0x10 ..\library.a(stm32f4xx_hal_rcc.o)
                0x0800916d                APBAHBPrescTable
 .rodata.str1.1
                0x0800917d       0x12 c:/program files (x86)/embitz/1.00/share/em_armgcc/bin/../lib/gcc/arm-none-eabi/5.4.1/../../../../arm-none-eabi/lib/armv7e-m/fpu\libg_n.a(lib_a-nano-vfprintf_float.o)
 .rodata.str1.1
                0x0800918f       0x22 c:/program files (x86)/embitz/1.00/share/em_armgcc/bin/../lib/gcc/arm-none-eabi/5.4.1/../../../../arm-none-eabi/lib/armv7e-m/fpu\libg_n.a(lib_a-nano-vfprintf_i.o)
 .rodata.str1.1
                0x080091b1        0xd c:/program files (x86)/embitz/1.00/share/em_armgcc/bin/../lib/gcc/arm-none-eabi/5.4.1/../../../../arm-none-eabi/lib/armv7e-m/fpu\libg_n.a(lib_a-dtoa.o)
                                  0xf (size before relaxing)
 *fill*         0x080091be        0x2 
 .rodata.__sf_fake_stdin
                0x080091c0       0x20 c:/program files (x86)/embitz/1.00/share/em_armgcc/bin/../lib/gcc/arm-none-eabi/5.4.1/../../../../arm-none-eabi/lib/armv7e-m/fpu\libg_n.a(lib_a-findfp.o)
                0x080091c0                __sf_fake_stdin
 .rodata.__sf_fake_stdout
                0x080091e0       0x20 c:/program files (x86)/embitz/1.00/share/em_armgcc/bin/../lib/gcc/arm-none-eabi/5.4.1/../../../../arm-none-eabi/lib/armv7e-m/fpu\libg_n.a(lib_a-findfp.o)
                0x080091e0                __sf_fake_stdout
 .rodata.__sf_fake_stderr
                0x08009200       0x20 c:/program files (x86)/embitz/1.00/share/em_armgcc/bin/../lib/gcc/arm-none-eabi/5.4.1/../../../../arm-none-eabi/lib/armv7e-m/fpu\libg_n.a(lib_a-findfp.o)
                0x08009200                __sf_fake_stderr
 .rodata.str1.1
                0x08009220        0x2 c:/program files (x86)/embitz/1.00/share/em_armgcc/bin/../lib/gcc/arm-none-eabi/5.4.1/../../../../arm-none-eabi/lib/armv7e-m/fpu\libg_n.a(lib_a-impure.o)
 *fill*         0x08009222        0x2 
 .rodata._global_impure_ptr
                0x08009224        0x4 c:/program files (x86)/embitz/1.00/share/em_armgcc/bin/../lib/gcc/arm-none-eabi/5.4.1/../../../../arm-none-eabi/lib/armv7e-m/fpu\libg_n.a(lib_a-impure.o)
                0x08009224                _global_impure_ptr
 .rodata.str1.1
                0x08009228        0x8 c:/program files (x86)/embitz/1.00/share/em_armgcc/bin/../lib/gcc/arm-none-eabi/5.4.1/../../../../arm-none-eabi/lib/armv7e-m/fpu\libg_n.a(lib_a-locale.o)
                                  0xb (size before relaxing)
 .rodata.p05.5410
                0x08009230        0xc c:/program files (x86)/embitz/1.00/share/em_armgcc/bin/../lib/gcc/arm-none-eabi/5.4.1/../../../../arm-none-eabi/lib/armv7e-m/fpu\libg_n.a(lib_a-mprec.o)
 *fill*         0x0800923c        0x4 
 .rodata.__mprec_bigtens
                0x08009240       0x28 c:/program files (x86)/embitz/1.00/share/em_armgcc/bin/../lib/gcc/arm-none-eabi/5.4.1/../../../../arm-none-eabi/lib/armv7e-m/fpu\libg_n.a(lib_a-mprec.o)
                0x08009240                __mprec_bigtens
 .rodata.__mprec_tens
                0x08009268       0xc8 c:/program files (x86)/embitz/1.00/share/em_armgcc/bin/../lib/gcc/arm-none-eabi/5.4.1/../../../../arm-none-eabi/lib/armv7e-m/fpu\libg_n.a(lib_a-mprec.o)
                0x08009268                __mprec_tens
 .rodata.str1.1
                0x08009330       0x11 c:/program files (x86)/embitz/1.00/share/em_armgcc/bin/../lib/gcc/arm-none-eabi/5.4.1/../../../../arm-none-eabi/lib/armv7e-m/fpu\libg_n.a(lib_a-nano-vfprintf.o)
 *(.eh_frame*)

.glue_7         0x08009344        0x0
 .glue_7        0x08009344        0x0 linker stubs

.glue_7t        0x08009344        0x0
 .glue_7t       0x08009344        0x0 linker stubs

.vfp11_veneer   0x08009344        0x0
 .vfp11_veneer  0x08009344        0x0 linker stubs

.v4_bx          0x08009344        0x0
 .v4_bx         0x08009344        0x0 linker stubs

.iplt           0x08009344        0x0
 .iplt          0x08009344        0x0 obj\debug\main_lab5.o

.rel.dyn        0x08009344        0x0
 .rel.iplt      0x08009344        0x0 obj\debug\main_lab5.o

.ARM.extab
 *(.ARM.extab* .gnu.linkonce.armextab.*)
                0x08009344                __exidx_start = .

.ARM.exidx
 *(.ARM.exidx* .gnu.linkonce.armexidx.*)
                0x08009344                __exidx_end = .
                0x08009344                __etext = .

.data           0x20000000       0xf8 load address 0x08009341
                0x20000000                __data_start__ = .
 *(vtable)
 *(.data*)
 .data.SpixTimeout
                0x20000000        0x4 ..\library.a(stm32f429i_discovery.o)
                0x20000000                SpixTimeout
 .data.BUTTON_PORT
                0x20000004        0x4 ..\library.a(stm32f429i_discovery.o)
                0x20000004                BUTTON_PORT
 .data.Font24   0x20000008        0x8 ..\library.a(stm32f429i_discovery_lcd.o)
                0x20000008                Font24
 .data.Font12   0x20000010        0x8 ..\library.a(stm32f429i_discovery_lcd.o)
                0x20000010                Font12
 .data.Font16   0x20000018        0x8 ..\library.a(stm32f429i_discovery_lcd.o)
                0x20000018                Font16
 .data.SystemCoreClock
                0x20000020        0x4 ..\library.a(system_stm32f4xx.o)
                0x20000020                SystemCoreClock
 .data.ili9341_drv
                0x20000024       0x38 ..\library.a(ili9341.o)
                0x20000024                ili9341_drv
 .data.impure_data
                0x2000005c       0x60 c:/program files (x86)/embitz/1.00/share/em_armgcc/bin/../lib/gcc/arm-none-eabi/5.4.1/../../../../arm-none-eabi/lib/armv7e-m/fpu\libg_n.a(lib_a-impure.o)
 .data._impure_ptr
                0x200000bc        0x4 c:/program files (x86)/embitz/1.00/share/em_armgcc/bin/../lib/gcc/arm-none-eabi/5.4.1/../../../../arm-none-eabi/lib/armv7e-m/fpu\libg_n.a(lib_a-impure.o)
                0x200000bc                _impure_ptr
 .data.lconv    0x200000c0       0x38 c:/program files (x86)/embitz/1.00/share/em_armgcc/bin/../lib/gcc/arm-none-eabi/5.4.1/../../../../arm-none-eabi/lib/armv7e-m/fpu\libg_n.a(lib_a-locale.o)
                0x200000f8                . = ALIGN (0x4)
                [!provide]                PROVIDE (__preinit_array_start, .)
 *(.preinit_array)
                [!provide]                PROVIDE (__preinit_array_end, .)
                0x200000f8                . = ALIGN (0x4)
                [!provide]                PROVIDE (__init_array_start, .)
 *(SORT(.init_array.*))
 *(.init_array)
                [!provide]                PROVIDE (__init_array_end, .)
                0x200000f8                . = ALIGN (0x8)
                [!provide]                PROVIDE (__fini_array_start, .)
 *(SORT(.fini_array.*))
 *(.fini_array)
                [!provide]                PROVIDE (__fini_array_end, .)
                0x200000f8                . = ALIGN (0x8)
                0x200000f8                __data_end__ = .

.igot.plt       0x200000f8        0x0 load address 0x0800943c
 .igot.plt      0x200000f8        0x0 obj\debug\main_lab5.o

.bss            0x200000f8     0x3ec4 load address 0x0800943c
                0x200000f8                __bss_start__ = .
 *(.bss*)
 .bss.SpiHandle
                0x200000f8       0x58 ..\library.a(stm32f429i_discovery.o)
 .bss.Is_LCD_IO_Initialized
                0x20000150        0x1 ..\library.a(stm32f429i_discovery.o)
 *fill*         0x20000151        0x3 
 .bss.ActiveLayer
                0x20000154        0x4 ..\library.a(stm32f429i_discovery_lcd.o)
 .bss.DrawProp  0x20000158       0x18 ..\library.a(stm32f429i_discovery_lcd.o)
 .bss.Dma2dHandler
                0x20000170       0x40 ..\library.a(stm32f429i_discovery_lcd.o)
 .bss.PeriphClkInitStruct
                0x200001b0       0x30 ..\library.a(stm32f429i_discovery_lcd.o)
 .bss.LtdcHandler
                0x200001e0       0xa8 ..\library.a(stm32f429i_discovery_lcd.o)
 .bss.dmaHandle.10808
                0x20000288       0x50 ..\library.a(stm32f429i_discovery_sdram.o)
 .bss.Command   0x200002d8       0x10 ..\library.a(stm32f429i_discovery_sdram.o)
 .bss.Timing    0x200002e8       0x1c ..\library.a(stm32f429i_discovery_sdram.o)
 .bss.SdramHandle
                0x20000304       0x34 ..\library.a(stm32f429i_discovery_sdram.o)
 .bss.uwTick    0x20000338        0x4 ..\library.a(stm32f4xx_hal.o)
 .bss.__malloc_sbrk_start
                0x2000033c        0x4 c:/program files (x86)/embitz/1.00/share/em_armgcc/bin/../lib/gcc/arm-none-eabi/5.4.1/../../../../arm-none-eabi/lib/armv7e-m/fpu\libg_n.a(lib_a-nano-mallocr.o)
                0x2000033c                __malloc_sbrk_start
 .bss.__malloc_free_list
                0x20000340        0x4 c:/program files (x86)/embitz/1.00/share/em_armgcc/bin/../lib/gcc/arm-none-eabi/5.4.1/../../../../arm-none-eabi/lib/armv7e-m/fpu\libg_n.a(lib_a-nano-mallocr.o)
                0x20000340                __malloc_free_list
 .bss.heap_end.4169
                0x20000344        0x4 c:/program files (x86)/embitz/1.00/share/em_armgcc/bin/../lib/gcc/arm-none-eabi/5.4.1/../../../../arm-none-eabi/lib/armv7e-m/fpu\libnosys_s.a(sbrk.o)
 *(COMMON)
 COMMON         0x20000348     0x3c6a ..\library.a(lcd_log.o)
                0x20000348                LCD_CacheBuffer_yptr_bottom_bak
                0x2000034a                LCD_CacheBuffer_yptr_top_bak
                0x2000034c                LCD_CacheBuffer_yptr_bottom
                0x2000034e                LCD_CacheBuffer_xptr
                0x20000350                LCD_CacheBuffer_yptr_invert
                0x20000351                LCD_Lock
                0x20000352                LCD_Scrolled
                0x20000354                LCD_CacheBuffer_yptr_top
                0x20000356                LCD_ScrollActive
                0x20000358                LCD_CacheBuffer
                0x20003fac                LCD_LineColor
                0x20003fb0                LCD_ScrollBackStep
 *fill*         0x20003fb2        0x2 
 COMMON         0x20003fb4        0x4 ..\library.a(stm32f429i_discovery_lcd.o)
                0x20003fb4                LcdDrv
 COMMON         0x20003fb8        0x4 c:/program files (x86)/embitz/1.00/share/em_armgcc/bin/../lib/gcc/arm-none-eabi/5.4.1/../../../../arm-none-eabi/lib/armv7e-m/fpu\libg_n.a(lib_a-reent.o)
                0x20003fb8                errno
                0x20003fbc                __bss_end__ = .

.heap           0x20003fc0      0xc00
                0x20003fc0                __end__ = .
                0x20003fc0                end = __end__
 *(.heap*)
 .heap          0x20003fc0      0xc00 ..\library.a(startup_stm32f429xx.o)
                0x20003fc0                __HeapBase
                0x20004bc0                __HeapLimit = .

.stack_dummy    0x20003fc0      0x400
 *(.stack)
 .stack         0x20003fc0      0x400 ..\library.a(startup_stm32f429xx.o)
                0x20030000                __StackTop = (ORIGIN (RAM) + LENGTH (RAM))
                0x2002fc00                __StackLimit = (__StackTop - SIZEOF (.stack_dummy))
                [!provide]                PROVIDE (__stack, __StackTop)
                0x00000001                ASSERT ((__StackLimit >= __HeapLimit), region RAM overflowed with stack)
LOAD obj\debug\main_lab5.o
LOAD obj\debug\lab_5.o
LOAD ..\library.a
START GROUP
LOAD c:/program files (x86)/embitz/1.00/share/em_armgcc/bin/../lib/gcc/arm-none-eabi/5.4.1/armv7e-m/fpu\libgcc.a
LOAD c:/program files (x86)/embitz/1.00/share/em_armgcc/bin/../lib/gcc/arm-none-eabi/5.4.1/../../../../arm-none-eabi/lib/armv7e-m/fpu\libg_n.a
LOAD c:/program files (x86)/embitz/1.00/share/em_armgcc/bin/../lib/gcc/arm-none-eabi/5.4.1/../../../../arm-none-eabi/lib/armv7e-m/fpu\libc_n.a
END GROUP
START GROUP
LOAD c:/program files (x86)/embitz/1.00/share/em_armgcc/bin/../lib/gcc/arm-none-eabi/5.4.1/armv7e-m/fpu\libgcc.a
LOAD c:/program files (x86)/embitz/1.00/share/em_armgcc/bin/../lib/gcc/arm-none-eabi/5.4.1/../../../../arm-none-eabi/lib/armv7e-m/fpu\libc_n.a
LOAD c:/program files (x86)/embitz/1.00/share/em_armgcc/bin/../lib/gcc/arm-none-eabi/5.4.1/../../../../arm-none-eabi/lib/armv7e-m/fpu\libnosys_s.a
END GROUP
OUTPUT(Lab_5.elf elf32-littlearm)

.debug_info     0x00000000      0x237
 .debug_info    0x00000000      0x1cb obj\debug\main_lab5.o
 .debug_info    0x000001cb       0x6c obj\debug\lab_5.o

.debug_abbrev   0x00000000      0x119
 .debug_abbrev  0x00000000      0x105 obj\debug\main_lab5.o
 .debug_abbrev  0x00000105       0x14 obj\debug\lab_5.o

.debug_loc      0x00000000       0x63
 .debug_loc     0x00000000       0x63 obj\debug\main_lab5.o

.debug_aranges  0x00000000       0x48
 .debug_aranges
                0x00000000       0x28 obj\debug\main_lab5.o
 .debug_aranges
                0x00000028       0x20 obj\debug\lab_5.o

.debug_ranges   0x00000000       0x30
 .debug_ranges  0x00000000       0x30 obj\debug\main_lab5.o

.debug_macro    0x00000000     0x1bcf
 .debug_macro   0x00000000      0x1d0 obj\debug\main_lab5.o
 .debug_macro   0x000001d0      0x8b0 obj\debug\main_lab5.o
 .debug_macro   0x00000a80       0x22 obj\debug\main_lab5.o
 .debug_macro   0x00000aa2       0x4c obj\debug\main_lab5.o
 .debug_macro   0x00000aee       0x8d obj\debug\main_lab5.o
 .debug_macro   0x00000b7b       0x35 obj\debug\main_lab5.o
 .debug_macro   0x00000bb0       0x9c obj\debug\main_lab5.o
 .debug_macro   0x00000c4c       0x16 obj\debug\main_lab5.o
 .debug_macro   0x00000c62       0x4a obj\debug\main_lab5.o
 .debug_macro   0x00000cac       0x97 obj\debug\main_lab5.o
 .debug_macro   0x00000d43      0x30d obj\debug\main_lab5.o
 .debug_macro   0x00001050       0xfd obj\debug\main_lab5.o
 .debug_macro   0x0000114d       0x10 obj\debug\main_lab5.o
 .debug_macro   0x0000115d       0x52 obj\debug\main_lab5.o
 .debug_macro   0x000011af       0x1f obj\debug\main_lab5.o
 .debug_macro   0x000011ce       0x43 obj\debug\main_lab5.o
 .debug_macro   0x00001211       0x20 obj\debug\main_lab5.o
 .debug_macro   0x00001231      0x187 obj\debug\main_lab5.o
 .debug_macro   0x000013b8       0x10 obj\debug\main_lab5.o
 .debug_macro   0x000013c8       0x5e obj\debug\main_lab5.o
 .debug_macro   0x00001426       0x1c obj\debug\main_lab5.o
 .debug_macro   0x00001442       0x52 obj\debug\main_lab5.o
 .debug_macro   0x00001494       0x40 obj\debug\main_lab5.o
 .debug_macro   0x000014d4       0x10 obj\debug\main_lab5.o
 .debug_macro   0x000014e4       0x40 obj\debug\main_lab5.o
 .debug_macro   0x00001524       0xd7 obj\debug\main_lab5.o
 .debug_macro   0x000015fb       0x16 obj\debug\main_lab5.o
 .debug_macro   0x00001611      0x189 obj\debug\main_lab5.o
 .debug_macro   0x0000179a       0xfd obj\debug\main_lab5.o
 .debug_macro   0x00001897      0x1df obj\debug\main_lab5.o
 .debug_macro   0x00001a76       0x2b obj\debug\main_lab5.o
 .debug_macro   0x00001aa1      0x118 obj\debug\main_lab5.o
 .debug_macro   0x00001bb9       0x16 obj\debug\main_lab5.o

.debug_line     0x00000000      0x3df
 .debug_line    0x00000000      0x39b obj\debug\main_lab5.o
 .debug_line    0x0000039b       0x44 obj\debug\lab_5.o

.debug_str      0x00000000     0x719b
 .debug_str     0x00000000     0x719b obj\debug\main_lab5.o
                               0x73e1 (size before relaxing)

.comment        0x00000000       0xb4
 .comment       0x00000000       0x6e obj\debug\main_lab5.o
                                 0x6f (size before relaxing)
 .comment       0x0000006e       0x46 ..\library.a(initialize.o)
                                 0x47 (size before relaxing)
 .comment       0x000000b4       0x47 ..\library.a(stm32f4xx_it.o)
 .comment       0x000000b4       0x47 ..\library.a(lcd_log.o)
 .comment       0x000000b4       0x47 ..\library.a(stm32f429i_discovery.o)
 .comment       0x000000b4       0x47 ..\library.a(stm32f429i_discovery_lcd.o)
 .comment       0x000000b4       0x47 ..\library.a(stm32f429i_discovery_sdram.o)
 .comment       0x000000b4       0x47 ..\library.a(system_stm32f4xx.o)
 .comment       0x000000b4       0x47 ..\library.a(stm32f4xx_hal.o)
 .comment       0x000000b4       0x47 ..\library.a(stm32f4xx_hal_cortex.o)
 .comment       0x000000b4       0x47 ..\library.a(stm32f4xx_hal_dma.o)
 .comment       0x000000b4       0x47 ..\library.a(stm32f4xx_hal_dma2d.o)
 .comment       0x000000b4       0x47 ..\library.a(stm32f4xx_hal_gpio.o)
 .comment       0x000000b4       0x47 ..\library.a(stm32f4xx_hal_ltdc.o)
 .comment       0x000000b4       0x47 ..\library.a(stm32f4xx_hal_pwr_ex.o)
 .comment       0x000000b4       0x47 ..\library.a(stm32f4xx_hal_rcc.o)
 .comment       0x000000b4       0x47 ..\library.a(stm32f4xx_hal_rcc_ex.o)
 .comment       0x000000b4       0x47 ..\library.a(stm32f4xx_hal_sdram.o)
 .comment       0x000000b4       0x47 ..\library.a(stm32f4xx_hal_spi.o)
 .comment       0x000000b4       0x47 ..\library.a(stm32f4xx_ll_fmc.o)
 .comment       0x000000b4       0x47 ..\library.a(ili9341.o)

.ARM.attributes
                0x00000000       0x35
 .ARM.attributes
                0x00000000       0x39 obj\debug\main_lab5.o
 .ARM.attributes
                0x00000039       0x25 obj\debug\lab_5.o
 .ARM.attributes
                0x0000005e       0x39 ..\library.a(initialize.o)
 .ARM.attributes
                0x00000097       0x1f ..\library.a(startup_stm32f429xx.o)
 .ARM.attributes
                0x000000b6       0x39 ..\library.a(stm32f4xx_it.o)
 .ARM.attributes
                0x000000ef       0x39 ..\library.a(lcd_log.o)
 .ARM.attributes
                0x00000128       0x39 ..\library.a(stm32f429i_discovery.o)
 .ARM.attributes
                0x00000161       0x39 ..\library.a(stm32f429i_discovery_lcd.o)
 .ARM.attributes
                0x0000019a       0x39 ..\library.a(stm32f429i_discovery_sdram.o)
 .ARM.attributes
                0x000001d3       0x39 ..\library.a(system_stm32f4xx.o)
 .ARM.attributes
                0x0000020c       0x39 ..\library.a(stm32f4xx_hal.o)
 .ARM.attributes
                0x00000245       0x39 ..\library.a(stm32f4xx_hal_cortex.o)
 .ARM.attributes
                0x0000027e       0x39 ..\library.a(stm32f4xx_hal_dma.o)
 .ARM.attributes
                0x000002b7       0x39 ..\library.a(stm32f4xx_hal_dma2d.o)
 .ARM.attributes
                0x000002f0       0x39 ..\library.a(stm32f4xx_hal_gpio.o)
 .ARM.attributes
                0x00000329       0x39 ..\library.a(stm32f4xx_hal_ltdc.o)
 .ARM.attributes
                0x00000362       0x39 ..\library.a(stm32f4xx_hal_pwr_ex.o)
 .ARM.attributes
                0x0000039b       0x39 ..\library.a(stm32f4xx_hal_rcc.o)
 .ARM.attributes
                0x000003d4       0x39 ..\library.a(stm32f4xx_hal_rcc_ex.o)
 .ARM.attributes
                0x0000040d       0x39 ..\library.a(stm32f4xx_hal_sdram.o)
 .ARM.attributes
                0x00000446       0x39 ..\library.a(stm32f4xx_hal_spi.o)
 .ARM.attributes
                0x0000047f       0x39 ..\library.a(stm32f4xx_ll_fmc.o)
 .ARM.attributes
                0x000004b8       0x39 ..\library.a(ili9341.o)
 .ARM.attributes
                0x000004f1       0x34 c:/program files (x86)/embitz/1.00/share/em_armgcc/bin/../lib/gcc/arm-none-eabi/5.4.1/../../../../arm-none-eabi/lib/armv7e-m/fpu\libg_n.a(lib_a-memcpy-stub.o)
 .ARM.attributes
                0x00000525       0x34 c:/program files (x86)/embitz/1.00/share/em_armgcc/bin/../lib/gcc/arm-none-eabi/5.4.1/../../../../arm-none-eabi/lib/armv7e-m/fpu\libg_n.a(lib_a-nano-vfprintf_float.o)
 .ARM.attributes
                0x00000559       0x34 c:/program files (x86)/embitz/1.00/share/em_armgcc/bin/../lib/gcc/arm-none-eabi/5.4.1/../../../../arm-none-eabi/lib/armv7e-m/fpu\libg_n.a(lib_a-nano-vfprintf_i.o)
 .ARM.attributes
                0x0000058d       0x34 c:/program files (x86)/embitz/1.00/share/em_armgcc/bin/../lib/gcc/arm-none-eabi/5.4.1/../../../../arm-none-eabi/lib/armv7e-m/fpu\libg_n.a(lib_a-printf.o)
 .ARM.attributes
                0x000005c1       0x34 c:/program files (x86)/embitz/1.00/share/em_armgcc/bin/../lib/gcc/arm-none-eabi/5.4.1/../../../../arm-none-eabi/lib/armv7e-m/fpu\libg_n.a(lib_a-strchr.o)
 .ARM.attributes
                0x000005f5       0x34 c:/program files (x86)/embitz/1.00/share/em_armgcc/bin/../lib/gcc/arm-none-eabi/5.4.1/../../../../arm-none-eabi/lib/armv7e-m/fpu\libg_n.a(lib_a-strcpy.o)
 .ARM.attributes
                0x00000629       0x1b c:/program files (x86)/embitz/1.00/share/em_armgcc/bin/../lib/gcc/arm-none-eabi/5.4.1/../../../../arm-none-eabi/lib/armv7e-m/fpu\libg_n.a(lib_a-strlen.o)
 .ARM.attributes
                0x00000644       0x34 c:/program files (x86)/embitz/1.00/share/em_armgcc/bin/../lib/gcc/arm-none-eabi/5.4.1/../../../../arm-none-eabi/lib/armv7e-m/fpu\libg_n.a(lib_a-dtoa.o)
 .ARM.attributes
                0x00000678       0x34 c:/program files (x86)/embitz/1.00/share/em_armgcc/bin/../lib/gcc/arm-none-eabi/5.4.1/../../../../arm-none-eabi/lib/armv7e-m/fpu\libg_n.a(lib_a-findfp.o)
 .ARM.attributes
                0x000006ac       0x34 c:/program files (x86)/embitz/1.00/share/em_armgcc/bin/../lib/gcc/arm-none-eabi/5.4.1/../../../../arm-none-eabi/lib/armv7e-m/fpu\libg_n.a(lib_a-fwalk.o)
 .ARM.attributes
                0x000006e0       0x34 c:/program files (x86)/embitz/1.00/share/em_armgcc/bin/../lib/gcc/arm-none-eabi/5.4.1/../../../../arm-none-eabi/lib/armv7e-m/fpu\libg_n.a(lib_a-impure.o)
 .ARM.attributes
                0x00000714       0x34 c:/program files (x86)/embitz/1.00/share/em_armgcc/bin/../lib/gcc/arm-none-eabi/5.4.1/../../../../arm-none-eabi/lib/armv7e-m/fpu\libg_n.a(lib_a-locale.o)
 .ARM.attributes
                0x00000748       0x34 c:/program files (x86)/embitz/1.00/share/em_armgcc/bin/../lib/gcc/arm-none-eabi/5.4.1/../../../../arm-none-eabi/lib/armv7e-m/fpu\libg_n.a(lib_a-malloc.o)
 .ARM.attributes
                0x0000077c       0x20 c:/program files (x86)/embitz/1.00/share/em_armgcc/bin/../lib/gcc/arm-none-eabi/5.4.1/../../../../arm-none-eabi/lib/armv7e-m/fpu\libg_n.a(lib_a-memchr.o)
 .ARM.attributes
                0x0000079c       0x34 c:/program files (x86)/embitz/1.00/share/em_armgcc/bin/../lib/gcc/arm-none-eabi/5.4.1/../../../../arm-none-eabi/lib/armv7e-m/fpu\libg_n.a(lib_a-memset.o)
 .ARM.attributes
                0x000007d0       0x34 c:/program files (x86)/embitz/1.00/share/em_armgcc/bin/../lib/gcc/arm-none-eabi/5.4.1/../../../../arm-none-eabi/lib/armv7e-m/fpu\libg_n.a(lib_a-mprec.o)
 .ARM.attributes
                0x00000804       0x34 c:/program files (x86)/embitz/1.00/share/em_armgcc/bin/../lib/gcc/arm-none-eabi/5.4.1/../../../../arm-none-eabi/lib/armv7e-m/fpu\libg_n.a(lib_a-nano-callocr.o)
 .ARM.attributes
                0x00000838       0x34 c:/program files (x86)/embitz/1.00/share/em_armgcc/bin/../lib/gcc/arm-none-eabi/5.4.1/../../../../arm-none-eabi/lib/armv7e-m/fpu\libg_n.a(lib_a-nano-freer.o)
 .ARM.attributes
                0x0000086c       0x34 c:/program files (x86)/embitz/1.00/share/em_armgcc/bin/../lib/gcc/arm-none-eabi/5.4.1/../../../../arm-none-eabi/lib/armv7e-m/fpu\libg_n.a(lib_a-nano-mallocr.o)
 .ARM.attributes
                0x000008a0       0x34 c:/program files (x86)/embitz/1.00/share/em_armgcc/bin/../lib/gcc/arm-none-eabi/5.4.1/../../../../arm-none-eabi/lib/armv7e-m/fpu\libg_n.a(lib_a-nano-vfprintf.o)
 .ARM.attributes
                0x000008d4       0x34 c:/program files (x86)/embitz/1.00/share/em_armgcc/bin/../lib/gcc/arm-none-eabi/5.4.1/../../../../arm-none-eabi/lib/armv7e-m/fpu\libg_n.a(lib_a-sbrkr.o)
 .ARM.attributes
                0x00000908       0x34 c:/program files (x86)/embitz/1.00/share/em_armgcc/bin/../lib/gcc/arm-none-eabi/5.4.1/../../../../arm-none-eabi/lib/armv7e-m/fpu\libg_n.a(lib_a-stdio.o)
 .ARM.attributes
                0x0000093c       0x34 c:/program files (x86)/embitz/1.00/share/em_armgcc/bin/../lib/gcc/arm-none-eabi/5.4.1/../../../../arm-none-eabi/lib/armv7e-m/fpu\libg_n.a(lib_a-wbuf.o)
 .ARM.attributes
                0x00000970       0x34 c:/program files (x86)/embitz/1.00/share/em_armgcc/bin/../lib/gcc/arm-none-eabi/5.4.1/../../../../arm-none-eabi/lib/armv7e-m/fpu\libg_n.a(lib_a-writer.o)
 .ARM.attributes
                0x000009a4       0x34 c:/program files (x86)/embitz/1.00/share/em_armgcc/bin/../lib/gcc/arm-none-eabi/5.4.1/../../../../arm-none-eabi/lib/armv7e-m/fpu\libg_n.a(lib_a-wsetup.o)
 .ARM.attributes
                0x000009d8       0x34 c:/program files (x86)/embitz/1.00/share/em_armgcc/bin/../lib/gcc/arm-none-eabi/5.4.1/../../../../arm-none-eabi/lib/armv7e-m/fpu\libg_n.a(lib_a-closer.o)
 .ARM.attributes
                0x00000a0c       0x34 c:/program files (x86)/embitz/1.00/share/em_armgcc/bin/../lib/gcc/arm-none-eabi/5.4.1/../../../../arm-none-eabi/lib/armv7e-m/fpu\libg_n.a(lib_a-fflush.o)
 .ARM.attributes
                0x00000a40       0x34 c:/program files (x86)/embitz/1.00/share/em_armgcc/bin/../lib/gcc/arm-none-eabi/5.4.1/../../../../arm-none-eabi/lib/armv7e-m/fpu\libg_n.a(lib_a-lseekr.o)
 .ARM.attributes
                0x00000a74       0x34 c:/program files (x86)/embitz/1.00/share/em_armgcc/bin/../lib/gcc/arm-none-eabi/5.4.1/../../../../arm-none-eabi/lib/armv7e-m/fpu\libg_n.a(lib_a-makebuf.o)
 .ARM.attributes
                0x00000aa8       0x34 c:/program files (x86)/embitz/1.00/share/em_armgcc/bin/../lib/gcc/arm-none-eabi/5.4.1/../../../../arm-none-eabi/lib/armv7e-m/fpu\libg_n.a(lib_a-mlock.o)
 .ARM.attributes
                0x00000adc       0x34 c:/program files (x86)/embitz/1.00/share/em_armgcc/bin/../lib/gcc/arm-none-eabi/5.4.1/../../../../arm-none-eabi/lib/armv7e-m/fpu\libg_n.a(lib_a-readr.o)
 .ARM.attributes
                0x00000b10       0x34 c:/program files (x86)/embitz/1.00/share/em_armgcc/bin/../lib/gcc/arm-none-eabi/5.4.1/../../../../arm-none-eabi/lib/armv7e-m/fpu\libg_n.a(lib_a-reent.o)
 .ARM.attributes
                0x00000b44       0x34 c:/program files (x86)/embitz/1.00/share/em_armgcc/bin/../lib/gcc/arm-none-eabi/5.4.1/../../../../arm-none-eabi/lib/armv7e-m/fpu\libg_n.a(lib_a-fstatr.o)
 .ARM.attributes
                0x00000b78       0x34 c:/program files (x86)/embitz/1.00/share/em_armgcc/bin/../lib/gcc/arm-none-eabi/5.4.1/../../../../arm-none-eabi/lib/armv7e-m/fpu\libg_n.a(lib_a-isattyr.o)
 .ARM.attributes
                0x00000bac       0x22 c:/program files (x86)/embitz/1.00/share/em_armgcc/bin/../lib/gcc/arm-none-eabi/5.4.1/armv7e-m/fpu\libgcc.a(_arm_addsubdf3.o)
 .ARM.attributes
                0x00000bce       0x22 c:/program files (x86)/embitz/1.00/share/em_armgcc/bin/../lib/gcc/arm-none-eabi/5.4.1/armv7e-m/fpu\libgcc.a(_arm_muldivdf3.o)
 .ARM.attributes
                0x00000bf0       0x22 c:/program files (x86)/embitz/1.00/share/em_armgcc/bin/../lib/gcc/arm-none-eabi/5.4.1/armv7e-m/fpu\libgcc.a(_arm_cmpdf2.o)
 .ARM.attributes
                0x00000c12       0x22 c:/program files (x86)/embitz/1.00/share/em_armgcc/bin/../lib/gcc/arm-none-eabi/5.4.1/armv7e-m/fpu\libgcc.a(_arm_unorddf2.o)
 .ARM.attributes
                0x00000c34       0x22 c:/program files (x86)/embitz/1.00/share/em_armgcc/bin/../lib/gcc/arm-none-eabi/5.4.1/armv7e-m/fpu\libgcc.a(_arm_fixdfsi.o)
 .ARM.attributes
                0x00000c56       0x34 c:/program files (x86)/embitz/1.00/share/em_armgcc/bin/../lib/gcc/arm-none-eabi/5.4.1/../../../../arm-none-eabi/lib/armv7e-m/fpu\libnosys_s.a(close.o)
 .ARM.attributes
                0x00000c8a       0x34 c:/program files (x86)/embitz/1.00/share/em_armgcc/bin/../lib/gcc/arm-none-eabi/5.4.1/../../../../arm-none-eabi/lib/armv7e-m/fpu\libnosys_s.a(fstat.o)
 .ARM.attributes
                0x00000cbe       0x34 c:/program files (x86)/embitz/1.00/share/em_armgcc/bin/../lib/gcc/arm-none-eabi/5.4.1/../../../../arm-none-eabi/lib/armv7e-m/fpu\libnosys_s.a(isatty.o)
 .ARM.attributes
                0x00000cf2       0x34 c:/program files (x86)/embitz/1.00/share/em_armgcc/bin/../lib/gcc/arm-none-eabi/5.4.1/../../../../arm-none-eabi/lib/armv7e-m/fpu\libnosys_s.a(lseek.o)
 .ARM.attributes
                0x00000d26       0x34 c:/program files (x86)/embitz/1.00/share/em_armgcc/bin/../lib/gcc/arm-none-eabi/5.4.1/../../../../arm-none-eabi/lib/armv7e-m/fpu\libnosys_s.a(read.o)
 .ARM.attributes
                0x00000d5a       0x34 c:/program files (x86)/embitz/1.00/share/em_armgcc/bin/../lib/gcc/arm-none-eabi/5.4.1/../../../../arm-none-eabi/lib/armv7e-m/fpu\libnosys_s.a(sbrk.o)

.debug_frame    0x00000000      0xc70
 .debug_frame   0x00000000       0x44 obj\debug\main_lab5.o
 .debug_frame   0x00000044       0x28 c:/program files (x86)/embitz/1.00/share/em_armgcc/bin/../lib/gcc/arm-none-eabi/5.4.1/../../../../arm-none-eabi/lib/armv7e-m/fpu\libg_n.a(lib_a-memcpy-stub.o)
 .debug_frame   0x0000006c       0x88 c:/program files (x86)/embitz/1.00/share/em_armgcc/bin/../lib/gcc/arm-none-eabi/5.4.1/../../../../arm-none-eabi/lib/armv7e-m/fpu\libg_n.a(lib_a-nano-vfprintf_float.o)
 .debug_frame   0x000000f4       0x60 c:/program files (x86)/embitz/1.00/share/em_armgcc/bin/../lib/gcc/arm-none-eabi/5.4.1/../../../../arm-none-eabi/lib/armv7e-m/fpu\libg_n.a(lib_a-nano-vfprintf_i.o)
 .debug_frame   0x00000154       0x74 c:/program files (x86)/embitz/1.00/share/em_armgcc/bin/../lib/gcc/arm-none-eabi/5.4.1/../../../../arm-none-eabi/lib/armv7e-m/fpu\libg_n.a(lib_a-printf.o)
 .debug_frame   0x000001c8       0x20 c:/program files (x86)/embitz/1.00/share/em_armgcc/bin/../lib/gcc/arm-none-eabi/5.4.1/../../../../arm-none-eabi/lib/armv7e-m/fpu\libg_n.a(lib_a-strchr.o)
 .debug_frame   0x000001e8       0x20 c:/program files (x86)/embitz/1.00/share/em_armgcc/bin/../lib/gcc/arm-none-eabi/5.4.1/../../../../arm-none-eabi/lib/armv7e-m/fpu\libg_n.a(lib_a-strcpy.o)
 .debug_frame   0x00000208       0x6c c:/program files (x86)/embitz/1.00/share/em_armgcc/bin/../lib/gcc/arm-none-eabi/5.4.1/../../../../arm-none-eabi/lib/armv7e-m/fpu\libg_n.a(lib_a-dtoa.o)
 .debug_frame   0x00000274      0x11c c:/program files (x86)/embitz/1.00/share/em_armgcc/bin/../lib/gcc/arm-none-eabi/5.4.1/../../../../arm-none-eabi/lib/armv7e-m/fpu\libg_n.a(lib_a-findfp.o)
 .debug_frame   0x00000390       0x54 c:/program files (x86)/embitz/1.00/share/em_armgcc/bin/../lib/gcc/arm-none-eabi/5.4.1/../../../../arm-none-eabi/lib/armv7e-m/fpu\libg_n.a(lib_a-fwalk.o)
 .debug_frame   0x000003e4       0x98 c:/program files (x86)/embitz/1.00/share/em_armgcc/bin/../lib/gcc/arm-none-eabi/5.4.1/../../../../arm-none-eabi/lib/armv7e-m/fpu\libg_n.a(lib_a-locale.o)
 .debug_frame   0x0000047c       0x30 c:/program files (x86)/embitz/1.00/share/em_armgcc/bin/../lib/gcc/arm-none-eabi/5.4.1/../../../../arm-none-eabi/lib/armv7e-m/fpu\libg_n.a(lib_a-malloc.o)
 .debug_frame   0x000004ac       0x20 c:/program files (x86)/embitz/1.00/share/em_armgcc/bin/../lib/gcc/arm-none-eabi/5.4.1/../../../../arm-none-eabi/lib/armv7e-m/fpu\libg_n.a(lib_a-memset.o)
 .debug_frame   0x000004cc      0x238 c:/program files (x86)/embitz/1.00/share/em_armgcc/bin/../lib/gcc/arm-none-eabi/5.4.1/../../../../arm-none-eabi/lib/armv7e-m/fpu\libg_n.a(lib_a-mprec.o)
 .debug_frame   0x00000704       0x2c c:/program files (x86)/embitz/1.00/share/em_armgcc/bin/../lib/gcc/arm-none-eabi/5.4.1/../../../../arm-none-eabi/lib/armv7e-m/fpu\libg_n.a(lib_a-nano-callocr.o)
 .debug_frame   0x00000730       0x38 c:/program files (x86)/embitz/1.00/share/em_armgcc/bin/../lib/gcc/arm-none-eabi/5.4.1/../../../../arm-none-eabi/lib/armv7e-m/fpu\libg_n.a(lib_a-nano-freer.o)
 .debug_frame   0x00000768       0x2c c:/program files (x86)/embitz/1.00/share/em_armgcc/bin/../lib/gcc/arm-none-eabi/5.4.1/../../../../arm-none-eabi/lib/armv7e-m/fpu\libg_n.a(lib_a-nano-mallocr.o)
 .debug_frame   0x00000794       0xac c:/program files (x86)/embitz/1.00/share/em_armgcc/bin/../lib/gcc/arm-none-eabi/5.4.1/../../../../arm-none-eabi/lib/armv7e-m/fpu\libg_n.a(lib_a-nano-vfprintf.o)
 .debug_frame   0x00000840       0x2c c:/program files (x86)/embitz/1.00/share/em_armgcc/bin/../lib/gcc/arm-none-eabi/5.4.1/../../../../arm-none-eabi/lib/armv7e-m/fpu\libg_n.a(lib_a-sbrkr.o)
 .debug_frame   0x0000086c       0x88 c:/program files (x86)/embitz/1.00/share/em_armgcc/bin/../lib/gcc/arm-none-eabi/5.4.1/../../../../arm-none-eabi/lib/armv7e-m/fpu\libg_n.a(lib_a-stdio.o)
 .debug_frame   0x000008f4       0x40 c:/program files (x86)/embitz/1.00/share/em_armgcc/bin/../lib/gcc/arm-none-eabi/5.4.1/../../../../arm-none-eabi/lib/armv7e-m/fpu\libg_n.a(lib_a-wbuf.o)
 .debug_frame   0x00000934       0x2c c:/program files (x86)/embitz/1.00/share/em_armgcc/bin/../lib/gcc/arm-none-eabi/5.4.1/../../../../arm-none-eabi/lib/armv7e-m/fpu\libg_n.a(lib_a-writer.o)
 .debug_frame   0x00000960       0x2c c:/program files (x86)/embitz/1.00/share/em_armgcc/bin/../lib/gcc/arm-none-eabi/5.4.1/../../../../arm-none-eabi/lib/armv7e-m/fpu\libg_n.a(lib_a-wsetup.o)
 .debug_frame   0x0000098c       0x2c c:/program files (x86)/embitz/1.00/share/em_armgcc/bin/../lib/gcc/arm-none-eabi/5.4.1/../../../../arm-none-eabi/lib/armv7e-m/fpu\libg_n.a(lib_a-closer.o)
 .debug_frame   0x000009b8       0x68 c:/program files (x86)/embitz/1.00/share/em_armgcc/bin/../lib/gcc/arm-none-eabi/5.4.1/../../../../arm-none-eabi/lib/armv7e-m/fpu\libg_n.a(lib_a-fflush.o)
 .debug_frame   0x00000a20       0x2c c:/program files (x86)/embitz/1.00/share/em_armgcc/bin/../lib/gcc/arm-none-eabi/5.4.1/../../../../arm-none-eabi/lib/armv7e-m/fpu\libg_n.a(lib_a-lseekr.o)
 .debug_frame   0x00000a4c       0x54 c:/program files (x86)/embitz/1.00/share/em_armgcc/bin/../lib/gcc/arm-none-eabi/5.4.1/../../../../arm-none-eabi/lib/armv7e-m/fpu\libg_n.a(lib_a-makebuf.o)
 .debug_frame   0x00000aa0       0x30 c:/program files (x86)/embitz/1.00/share/em_armgcc/bin/../lib/gcc/arm-none-eabi/5.4.1/../../../../arm-none-eabi/lib/armv7e-m/fpu\libg_n.a(lib_a-mlock.o)
 .debug_frame   0x00000ad0       0x2c c:/program files (x86)/embitz/1.00/share/em_armgcc/bin/../lib/gcc/arm-none-eabi/5.4.1/../../../../arm-none-eabi/lib/armv7e-m/fpu\libg_n.a(lib_a-readr.o)
 .debug_frame   0x00000afc       0x5c c:/program files (x86)/embitz/1.00/share/em_armgcc/bin/../lib/gcc/arm-none-eabi/5.4.1/../../../../arm-none-eabi/lib/armv7e-m/fpu\libg_n.a(lib_a-reent.o)
 .debug_frame   0x00000b58       0x2c c:/program files (x86)/embitz/1.00/share/em_armgcc/bin/../lib/gcc/arm-none-eabi/5.4.1/../../../../arm-none-eabi/lib/armv7e-m/fpu\libg_n.a(lib_a-fstatr.o)
 .debug_frame   0x00000b84       0x2c c:/program files (x86)/embitz/1.00/share/em_armgcc/bin/../lib/gcc/arm-none-eabi/5.4.1/../../../../arm-none-eabi/lib/armv7e-m/fpu\libg_n.a(lib_a-isattyr.o)
 .debug_frame   0x00000bb0       0x20 c:/program files (x86)/embitz/1.00/share/em_armgcc/bin/../lib/gcc/arm-none-eabi/5.4.1/../../../../arm-none-eabi/lib/armv7e-m/fpu\libnosys_s.a(close.o)
 .debug_frame   0x00000bd0       0x20 c:/program files (x86)/embitz/1.00/share/em_armgcc/bin/../lib/gcc/arm-none-eabi/5.4.1/../../../../arm-none-eabi/lib/armv7e-m/fpu\libnosys_s.a(fstat.o)
 .debug_frame   0x00000bf0       0x20 c:/program files (x86)/embitz/1.00/share/em_armgcc/bin/../lib/gcc/arm-none-eabi/5.4.1/../../../../arm-none-eabi/lib/armv7e-m/fpu\libnosys_s.a(isatty.o)
 .debug_frame   0x00000c10       0x20 c:/program files (x86)/embitz/1.00/share/em_armgcc/bin/../lib/gcc/arm-none-eabi/5.4.1/../../../../arm-none-eabi/lib/armv7e-m/fpu\libnosys_s.a(lseek.o)
 .debug_frame   0x00000c30       0x20 c:/program files (x86)/embitz/1.00/share/em_armgcc/bin/../lib/gcc/arm-none-eabi/5.4.1/../../../../arm-none-eabi/lib/armv7e-m/fpu\libnosys_s.a(read.o)
 .debug_frame   0x00000c50       0x20 c:/program files (x86)/embitz/1.00/share/em_armgcc/bin/../lib/gcc/arm-none-eabi/5.4.1/../../../../arm-none-eabi/lib/armv7e-m/fpu\libnosys_s.a(sbrk.o)

.stab           0x00000000       0x84
 .stab          0x00000000       0x24 c:/program files (x86)/embitz/1.00/share/em_armgcc/bin/../lib/gcc/arm-none-eabi/5.4.1/../../../../arm-none-eabi/lib/armv7e-m/fpu\libnosys_s.a(close.o)
 .stab          0x00000024       0x18 c:/program files (x86)/embitz/1.00/share/em_armgcc/bin/../lib/gcc/arm-none-eabi/5.4.1/../../../../arm-none-eabi/lib/armv7e-m/fpu\libnosys_s.a(fstat.o)
                                 0x24 (size before relaxing)
 .stab          0x0000003c       0x18 c:/program files (x86)/embitz/1.00/share/em_armgcc/bin/../lib/gcc/arm-none-eabi/5.4.1/../../../../arm-none-eabi/lib/armv7e-m/fpu\libnosys_s.a(isatty.o)
                                 0x24 (size before relaxing)
 .stab          0x00000054       0x18 c:/program files (x86)/embitz/1.00/share/em_armgcc/bin/../lib/gcc/arm-none-eabi/5.4.1/../../../../arm-none-eabi/lib/armv7e-m/fpu\libnosys_s.a(lseek.o)
                                 0x24 (size before relaxing)
 .stab          0x0000006c       0x18 c:/program files (x86)/embitz/1.00/share/em_armgcc/bin/../lib/gcc/arm-none-eabi/5.4.1/../../../../arm-none-eabi/lib/armv7e-m/fpu\libnosys_s.a(read.o)
                                 0x24 (size before relaxing)

.stabstr        0x00000000      0x117
 .stabstr       0x00000000      0x117 c:/program files (x86)/embitz/1.00/share/em_armgcc/bin/../lib/gcc/arm-none-eabi/5.4.1/../../../../arm-none-eabi/lib/armv7e-m/fpu\libnosys_s.a(close.o)
