Archive member included to satisfy reference by file (symbol)

..\library.a(initialize.o)    obj\debug\testbitfields.o (InitializeHardware)
..\library.a(startup_stm32f429xx.o)
                              ..\library.a(initialize.o) (Reset_Handler)
..\library.a(stm32f4xx_it.o)  ..\library.a(initialize.o) (IncludeThis)
..\library.a(lcd_log.o)       ..\library.a(initialize.o) (LCD_LOG_Init)
..\library.a(stm32f429i_discovery.o)
                              ..\library.a(initialize.o) (BSP_PB_Init)
..\library.a(stm32f429i_discovery_lcd.o)
                              ..\library.a(initialize.o) (BSP_LCD_Init)
..\library.a(stm32f429i_discovery_sdram.o)
                              ..\library.a(stm32f429i_discovery_lcd.o) (BSP_SDRAM_Init)
..\library.a(system_stm32f4xx.o)
                              ..\library.a(startup_stm32f429xx.o) (SystemInit)
..\library.a(stm32f4xx_hal.o)
                              ..\library.a(initialize.o) (HAL_Init)
..\library.a(stm32f4xx_hal_cortex.o)
                              ..\library.a(stm32f4xx_hal.o) (HAL_NVIC_SetPriorityGrouping)
..\library.a(stm32f4xx_hal_dma.o)
                              ..\library.a(stm32f429i_discovery_sdram.o) (HAL_DMA_Init)
..\library.a(stm32f4xx_hal_dma2d.o)
                              ..\library.a(stm32f429i_discovery_lcd.o) (HAL_DMA2D_Init)
..\library.a(stm32f4xx_hal_gpio.o)
                              ..\library.a(stm32f429i_discovery.o) (HAL_GPIO_Init)
..\library.a(stm32f4xx_hal_i2c.o)
                              ..\library.a(stm32f429i_discovery.o) (HAL_I2C_Init)
..\library.a(stm32f4xx_hal_ltdc.o)
                              ..\library.a(stm32f429i_discovery_lcd.o) (HAL_LTDC_Init)
..\library.a(stm32f4xx_hal_pwr_ex.o)
                              ..\library.a(initialize.o) (HAL_PWREx_EnableOverDrive)
..\library.a(stm32f4xx_hal_rcc.o)
                              ..\library.a(initialize.o) (HAL_RCC_OscConfig)
..\library.a(stm32f4xx_hal_rcc_ex.o)
                              ..\library.a(stm32f429i_discovery_lcd.o) (HAL_RCCEx_PeriphCLKConfig)
..\library.a(stm32f4xx_hal_sdram.o)
                              ..\library.a(stm32f429i_discovery_sdram.o) (HAL_SDRAM_Init)
..\library.a(stm32f4xx_hal_spi.o)
                              ..\library.a(stm32f429i_discovery.o) (HAL_SPI_Init)
..\library.a(stm32f4xx_ll_fmc.o)
                              ..\library.a(stm32f4xx_hal_sdram.o) (FMC_SDRAM_Init)
..\library.a(ili9341.o)       ..\library.a(stm32f429i_discovery_lcd.o) (ili9341_drv)
c:/program files (x86)/embitz/1.00/share/em_armgcc/bin/../lib/gcc/arm-none-eabi/5.4.1/../../../../arm-none-eabi/lib/armv7e-m/fpu\libg_n.a(lib_a-nano-vfprintf_float.o)
                              (_printf_float)
c:/program files (x86)/embitz/1.00/share/em_armgcc/bin/../lib/gcc/arm-none-eabi/5.4.1/../../../../arm-none-eabi/lib/armv7e-m/fpu\libg_n.a(lib_a-nano-vfprintf_i.o)
                              c:/program files (x86)/embitz/1.00/share/em_armgcc/bin/../lib/gcc/arm-none-eabi/5.4.1/../../../../arm-none-eabi/lib/armv7e-m/fpu\libg_n.a(lib_a-nano-vfprintf_float.o) (_printf_common)
c:/program files (x86)/embitz/1.00/share/em_armgcc/bin/../lib/gcc/arm-none-eabi/5.4.1/../../../../arm-none-eabi/lib/armv7e-m/fpu\libg_n.a(lib_a-printf.o)
                              obj\debug\testbitfields.o (printf)
c:/program files (x86)/embitz/1.00/share/em_armgcc/bin/../lib/gcc/arm-none-eabi/5.4.1/../../../../arm-none-eabi/lib/armv7e-m/fpu\libg_n.a(lib_a-putchar.o)
                              obj\debug\testbitfields.o (putchar)
c:/program files (x86)/embitz/1.00/share/em_armgcc/bin/../lib/gcc/arm-none-eabi/5.4.1/../../../../arm-none-eabi/lib/armv7e-m/fpu\libg_n.a(lib_a-puts.o)
                              obj\debug\testbitfields.o (puts)
c:/program files (x86)/embitz/1.00/share/em_armgcc/bin/../lib/gcc/arm-none-eabi/5.4.1/../../../../arm-none-eabi/lib/armv7e-m/fpu\libg_n.a(lib_a-sprintf.o)
                              obj\debug\testbitfields.o (sprintf)
c:/program files (x86)/embitz/1.00/share/em_armgcc/bin/../lib/gcc/arm-none-eabi/5.4.1/../../../../arm-none-eabi/lib/armv7e-m/fpu\libg_n.a(lib_a-sscanf.o)
                              obj\debug\testbitfields.o (sscanf)
c:/program files (x86)/embitz/1.00/share/em_armgcc/bin/../lib/gcc/arm-none-eabi/5.4.1/../../../../arm-none-eabi/lib/armv7e-m/fpu\libg_n.a(lib_a-stdio.o)
                              c:/program files (x86)/embitz/1.00/share/em_armgcc/bin/../lib/gcc/arm-none-eabi/5.4.1/../../../../arm-none-eabi/lib/armv7e-m/fpu\libg_n.a(lib_a-sscanf.o) (__seofread)
c:/program files (x86)/embitz/1.00/share/em_armgcc/bin/../lib/gcc/arm-none-eabi/5.4.1/../../../../arm-none-eabi/lib/armv7e-m/fpu\libg_n.a(lib_a-strchr.o)
                              ..\library.a(initialize.o) (strchr)
c:/program files (x86)/embitz/1.00/share/em_armgcc/bin/../lib/gcc/arm-none-eabi/5.4.1/../../../../arm-none-eabi/lib/armv7e-m/fpu\libg_n.a(lib_a-strcmp.o)
[...]
Memory Configuration

Name             Origin             Length             Attributes
ROM              0x08000000         0x00200000         xr
RAM              0x20000000         0x00030000         xrw
CCRAM            0x10000000         0x00010000         xrw
*default*        0x00000000         0xffffffff

Linker script and memory map

                0x00000200                __HEAP_SIZE = 0x200
                0x00000400                __STACK_SIZE = 0x400

.text           0x08000000     0xa631
 *(.isr_vector)
 .isr_vector    0x08000000      0x1ac ..\library.a(startup_stm32f429xx.o)
                0x08000000                __isr_vector
 *(.text*)
 .text.startup.main
                0x080001ac      0x268 obj\debug\testbitfields.o
                0x080001ac                main
 .text          0x08000414       0x40 obj\debug\lab_6.o
                0x08000414                UBFX
                0x08000428                BFI
 .text.InitializeHardware
                0x08000454      0x10c ..\library.a(initialize.o)
                0x08000454                InitializeHardware
 .text          0x08000560      0x118 ..\library.a(startup_stm32f429xx.o)
                0x08000560                Reset_Handler
                0x08000590                _start
                0x080005b0                HardFault_Handler
                0x080005b2                MemManage_Handler
                0x080005b4                BusFault_Handler
                0x080005b6                UsageFault_Handler
                0x080005b8                Default_Handler
                0x080005ba                WWDG_IRQHandler
                0x080005bc                PVD_IRQHandler
                0x080005be                TAMP_STAMP_IRQHandler
                0x080005c0                RTC_WKUP_IRQHandler
                0x080005c2                FLASH_IRQHandler
                0x080005c4                RCC_IRQHandler
                0x080005c6                EXTI0_IRQHandler
                0x080005c8                EXTI1_IRQHandler
                0x080005ca                EXTI2_IRQHandler
                0x080005cc                EXTI3_IRQHandler
                0x080005ce                EXTI4_IRQHandler
                0x080005d0                DMA1_Stream0_IRQHandler
                0x080005d2                DMA1_Stream1_IRQHandler
                0x080005d4                DMA1_Stream2_IRQHandler
                0x080005d6                DMA1_Stream3_IRQHandler
                0x080005d8                DMA1_Stream4_IRQHandler
                0x080005da                DMA1_Stream5_IRQHandler
                0x080005dc                DMA1_Stream6_IRQHandler
                0x080005de                ADC_IRQHandler
                0x080005e0                CAN1_TX_IRQHandler
                0x080005e2                CAN1_RX0_IRQHandler
                0x080005e4                CAN1_RX1_IRQHandler
                0x080005e6                CAN1_SCE_IRQHandler
                0x080005e8                EXTI9_5_IRQHandler
                0x080005ea                TIM1_BRK_TIM9_IRQHandler
                0x080005ec                TIM1_UP_TIM10_IRQHandler
                0x080005ee                TIM1_TRG_COM_TIM11_IRQHandler
                0x080005f0                TIM1_CC_IRQHandler
                0x080005f2                TIM2_IRQHandler
                0x080005f4                TIM3_IRQHandler
                0x080005f6                TIM4_IRQHandler
                0x080005f8                I2C1_EV_IRQHandler
                0x080005fa                I2C1_ER_IRQHandler
                0x080005fc                I2C2_EV_IRQHandler
                0x080005fe                I2C2_ER_IRQHandler
                0x08000600                SPI1_IRQHandler
                0x08000602                SPI2_IRQHandler
                0x08000604                USART1_IRQHandler
                0x08000606                USART2_IRQHandler
                0x08000608                USART3_IRQHandler
                0x0800060a                EXTI15_10_IRQHandler
                0x0800060c                RTC_Alarm_IRQHandler
                0x0800060e                OTG_FS_WKUP_IRQHandler
                0x08000610                TIM8_BRK_TIM12_IRQHandler
                0x08000612                TIM8_UP_TIM13_IRQHandler
                0x08000614                TIM8_TRG_COM_TIM14_IRQHandler
                0x08000616                TIM8_CC_IRQHandler
                0x08000618                DMA1_Stream7_IRQHandler
                0x0800061a                FSMC_IRQHandler
                0x0800061c                SDIO_IRQHandler
                0x0800061e                TIM5_IRQHandler
                0x08000620                SPI3_IRQHandler
                0x08000622                UART4_IRQHandler
                0x08000624                UART5_IRQHandler
                0x08000626                TIM6_DAC_IRQHandler
                0x08000628                TIM7_IRQHandler
                0x0800062a                DMA2_Stream0_IRQHandler
                0x0800062c                DMA2_Stream1_IRQHandler
                0x0800062e                DMA2_Stream2_IRQHandler
                0x08000630                DMA2_Stream3_IRQHandler
                0x08000632                DMA2_Stream4_IRQHandler
                0x08000634                ETH_IRQHandler
                0x08000636                ETH_WKUP_IRQHandler
                0x08000638                CAN2_TX_IRQHandler
                0x0800063a                CAN2_RX0_IRQHandler
                0x0800063c                CAN2_RX1_IRQHandler
                0x0800063e                CAN2_SCE_IRQHandler
                0x08000640                OTG_FS_IRQHandler
                0x08000642                DMA2_Stream5_IRQHandler
                0x08000644                DMA2_Stream6_IRQHandler
                0x08000646                DMA2_Stream7_IRQHandler
                0x08000648                USART6_IRQHandler
                0x0800064a                I2C3_EV_IRQHandler
                0x0800064c                I2C3_ER_IRQHandler
                0x0800064e                OTG_HS_EP1_OUT_IRQHandler
                0x08000650                OTG_HS_EP1_IN_IRQHandler
                0x08000652                OTG_HS_WKUP_IRQHandler
                0x08000654                OTG_HS_IRQHandler
                0x08000656                DCMI_IRQHandler
                0x08000658                CRYP_IRQHandler
                0x0800065a                HASH_RNG_IRQHandler
                0x0800065c                FPU_IRQHandler
                0x0800065e                UART7_IRQHandler
                0x08000660                UART8_IRQHandler
                0x08000662                SPI4_IRQHandler
                0x08000664                SPI5_IRQHandler
                0x08000666                SPI6_IRQHandler
                0x08000668                SAI1_IRQHandler
                0x0800066a                LTDC_IRQHandler
                0x0800066c                LTDC_ER_IRQHandler
                0x0800066e                DMA2D_IRQHandler
 .text.NMI_Handler
                0x08000678        0x2 ..\library.a(stm32f4xx_it.o)
                0x08000678                NMI_Handler
 .text.SVC_Handler
                0x0800067a        0x2 ..\library.a(stm32f4xx_it.o)
                0x0800067a                SVC_Handler
 .text.DebugMon_Handler
                0x0800067c        0x2 ..\library.a(stm32f4xx_it.o)
                0x0800067c                DebugMon_Handler
 .text.PendSV_Handler
                0x0800067e        0x2 ..\library.a(stm32f4xx_it.o)
                0x0800067e                PendSV_Handler
 .text.SysTick_Handler
                0x08000680        0x4 ..\library.a(stm32f4xx_it.o)
                0x08000680                SysTick_Handler
 .text.LCD_LOG_DeInit
                0x08000684       0x64 ..\library.a(lcd_log.o)
                0x08000684                LCD_LOG_DeInit
 .text.LCD_LOG_Init
                0x080006e8       0x12 ..\library.a(lcd_log.o)
                0x080006e8                LCD_LOG_Init
 *fill*         0x080006fa        0x2 
 .text.LCD_LOG_SetHeader
                0x080006fc       0x6c ..\library.a(lcd_log.o)
                0x080006fc                LCD_LOG_SetHeader
 .text.LCD_LOG_SetFooter
                0x08000768       0x80 ..\library.a(lcd_log.o)
                0x08000768                LCD_LOG_SetFooter
 .text.LCD_LOG_UpdateDisplay
                0x080007e8       0x7c ..\library.a(lcd_log.o)
                0x080007e8                LCD_LOG_UpdateDisplay
 .text.Put1Char
                0x08000864      0x140 ..\library.a(lcd_log.o)
                0x08000864                Put1Char
 .text._write   0x080009a4       0x1a ..\library.a(lcd_log.o)
                0x080009a4                _write
 *fill*         0x080009be        0x2 
 .text.SPIx_Init
                0x080009c0       0x94 ..\library.a(stm32f429i_discovery.o)
 .text.SPIx_Write
                0x08000a54       0x30 ..\library.a(stm32f429i_discovery.o)
 .text.BSP_PB_Init
                0x08000a84       0x70 ..\library.a(stm32f429i_discovery.o)
                0x08000a84                BSP_PB_Init
 .text.LCD_IO_Init
                0x08000af4       0xb0 ..\library.a(stm32f429i_discovery.o)
                0x08000af4                LCD_IO_Init
 .text.LCD_IO_WriteData
                0x08000ba4       0x38 ..\library.a(stm32f429i_discovery.o)
                0x08000ba4                LCD_IO_WriteData
 .text.LCD_IO_WriteReg
                0x08000bdc       0x38 ..\library.a(stm32f429i_discovery.o)
                0x08000bdc                LCD_IO_WriteReg
 .text.LCD_IO_ReadData
                0x08000c14       0x6c ..\library.a(stm32f429i_discovery.o)
                0x08000c14                LCD_IO_ReadData
 .text.LCD_Delay
                0x08000c80        0x4 ..\library.a(stm32f429i_discovery.o)
                0x08000c80                LCD_Delay
 .text.FillBuffer
                0x08000c84       0x64 ..\library.a(stm32f429i_discovery_lcd.o)
 .text.BSP_LCD_Init
                0x08000ce8      0x1dc ..\library.a(stm32f429i_discovery_lcd.o)
                0x08000ce8                BSP_LCD_Init
 .text.BSP_LCD_GetXSize
                0x08000ec4       0x10 ..\library.a(stm32f429i_discovery_lcd.o)
                0x08000ec4                BSP_LCD_GetXSize
 .text.BSP_LCD_GetYSize
                0x08000ed4       0x10 ..\library.a(stm32f429i_discovery_lcd.o)
                0x08000ed4                BSP_LCD_GetYSize
 .text.BSP_LCD_LayerDefaultInit
                0x08000ee4       0x80 ..\library.a(stm32f429i_discovery_lcd.o)
                0x08000ee4                BSP_LCD_LayerDefaultInit
 .text.BSP_LCD_SelectLayer
                0x08000f64        0xc ..\library.a(stm32f429i_discovery_lcd.o)
                0x08000f64                BSP_LCD_SelectLayer
 .text.BSP_LCD_SetTextColor
                0x08000f70       0x18 ..\library.a(stm32f429i_discovery_lcd.o)
                0x08000f70                BSP_LCD_SetTextColor
 .text.BSP_LCD_SetBackColor
                0x08000f88       0x18 ..\library.a(stm32f429i_discovery_lcd.o)
                0x08000f88                BSP_LCD_SetBackColor
 .text.BSP_LCD_SetFont
                0x08000fa0       0x18 ..\library.a(stm32f429i_discovery_lcd.o)
                0x08000fa0                BSP_LCD_SetFont
 .text.BSP_LCD_GetFont
                0x08000fb8       0x18 ..\library.a(stm32f429i_discovery_lcd.o)
                0x08000fb8                BSP_LCD_GetFont
 .text.BSP_LCD_Clear
                0x08000fd0       0x3c ..\library.a(stm32f429i_discovery_lcd.o)
                0x08000fd0                BSP_LCD_Clear
 .text.BSP_LCD_FillRect
                0x0800100c       0x5c ..\library.a(stm32f429i_discovery_lcd.o)
                0x0800100c                BSP_LCD_FillRect
 .text.BSP_LCD_DisplayOn
                0x08001068       0x14 ..\library.a(stm32f429i_discovery_lcd.o)
                0x08001068                BSP_LCD_DisplayOn
 .text.BSP_LCD_DrawPixel
                0x0800107c       0x2c ..\library.a(stm32f429i_discovery_lcd.o)
                0x0800107c                BSP_LCD_DrawPixel
 .text.BSP_LCD_DisplayChar
                0x080010a8       0xd8 ..\library.a(stm32f429i_discovery_lcd.o)
                0x080010a8                BSP_LCD_DisplayChar
 .text.BSP_LCD_DisplayStringAt
                0x08001180       0xb4 ..\library.a(stm32f429i_discovery_lcd.o)
                0x08001180                BSP_LCD_DisplayStringAt
 .text.BSP_LCD_DisplayStringAtLine
                0x08001234       0x2c ..\library.a(stm32f429i_discovery_lcd.o)
                0x08001234                BSP_LCD_DisplayStringAtLine
 .text.BSP_SDRAM_Initialization_sequence
                0x08001260       0x9c ..\library.a(stm32f429i_discovery_sdram.o)
                0x08001260                BSP_SDRAM_Initialization_sequence
 .text.BSP_SDRAM_Init
                0x080012fc      0x1d8 ..\library.a(stm32f429i_discovery_sdram.o)
                0x080012fc                BSP_SDRAM_Init
 .text.SystemInit
                0x080014d4       0x4c ..\library.a(system_stm32f4xx.o)
                0x080014d4                SystemInit
 .text.HAL_MspInit
                0x08001520        0x2 ..\library.a(stm32f4xx_hal.o)
                0x08001520                HAL_MspInit
 .text.HAL_InitTick
                0x08001522       0x24 ..\library.a(stm32f4xx_hal.o)
                0x08001522                HAL_InitTick
 *fill*         0x08001546        0x2 
 .text.HAL_Init
                0x08001548       0x34 ..\library.a(stm32f4xx_hal.o)
                0x08001548                HAL_Init
 .text.HAL_IncTick
                0x0800157c       0x10 ..\library.a(stm32f4xx_hal.o)
                0x0800157c                HAL_IncTick
 .text.HAL_GetTick
                0x0800158c        0xc ..\library.a(stm32f4xx_hal.o)
                0x0800158c                HAL_GetTick
 .text.HAL_Delay
                0x08001598       0x1a ..\library.a(stm32f4xx_hal.o)
                0x08001598                HAL_Delay
 *fill*         0x080015b2        0x2 
 .text.HAL_NVIC_SetPriorityGrouping
                0x080015b4       0x24 ..\library.a(stm32f4xx_hal_cortex.o)
                0x080015b4                HAL_NVIC_SetPriorityGrouping
 .text.HAL_NVIC_SetPriority
                0x080015d8       0x64 ..\library.a(stm32f4xx_hal_cortex.o)
                0x080015d8                HAL_NVIC_SetPriority
 .text.HAL_NVIC_EnableIRQ
                0x0800163c       0x18 ..\library.a(stm32f4xx_hal_cortex.o)
                0x0800163c                HAL_NVIC_EnableIRQ
 .text.HAL_SYSTICK_Config
                0x08001654       0x2c ..\library.a(stm32f4xx_hal_cortex.o)
                0x08001654                HAL_SYSTICK_Config
 .text.HAL_DMA_Init
                0x08001680       0x74 ..\library.a(stm32f4xx_hal_dma.o)
                0x08001680                HAL_DMA_Init
 .text.HAL_DMA_DeInit
                0x080016f4      0x414 ..\library.a(stm32f4xx_hal_dma.o)
                0x080016f4                HAL_DMA_DeInit
 .text.DMA2D_SetConfig
                0x08001b08       0x8a ..\library.a(stm32f4xx_hal_dma2d.o)
 .text.HAL_DMA2D_MspInit
                0x08001b92        0x2 ..\library.a(stm32f4xx_hal_dma2d.o)
                0x08001b92                HAL_DMA2D_MspInit
 .text.HAL_DMA2D_Init
                0x08001b94       0x5c ..\library.a(stm32f4xx_hal_dma2d.o)
                0x08001b94                HAL_DMA2D_Init
 .text.HAL_DMA2D_Start
                0x08001bf0       0x40 ..\library.a(stm32f4xx_hal_dma2d.o)
                0x08001bf0                HAL_DMA2D_Start
 .text.HAL_DMA2D_PollForTransfer
                0x08001c30       0xc8 ..\library.a(stm32f4xx_hal_dma2d.o)
                0x08001c30                HAL_DMA2D_PollForTransfer
 .text.HAL_DMA2D_ConfigLayer
                0x08001cf8       0xdc ..\library.a(stm32f4xx_hal_dma2d.o)
                0x08001cf8                HAL_DMA2D_ConfigLayer
 .text.HAL_GPIO_Init
                0x08001dd4      0x19c ..\library.a(stm32f4xx_hal_gpio.o)
                0x08001dd4                HAL_GPIO_Init
 .text.HAL_GPIO_WritePin
                0x08001f70        0x8 ..\library.a(stm32f4xx_hal_gpio.o)
                0x08001f70                HAL_GPIO_WritePin
 .text.LTDC_SetConfig
                0x08001f78      0x170 ..\library.a(stm32f4xx_hal_ltdc.o)
 .text.HAL_LTDC_MspInit
                0x080020e8        0x2 ..\library.a(stm32f4xx_hal_ltdc.o)
                0x080020e8                HAL_LTDC_MspInit
 *fill*         0x080020ea        0x2 
 .text.HAL_LTDC_Init
                0x080020ec      0x104 ..\library.a(stm32f4xx_hal_ltdc.o)
                0x080020ec                HAL_LTDC_Init
 .text.HAL_LTDC_ConfigLayer
                0x080021f0       0x56 ..\library.a(stm32f4xx_hal_ltdc.o)
                0x080021f0                HAL_LTDC_ConfigLayer
 *fill*         0x08002246        0x2 
 .text.HAL_LTDC_EnableDither
                0x08002248       0x34 ..\library.a(stm32f4xx_hal_ltdc.o)
                0x08002248                HAL_LTDC_EnableDither
 .text.HAL_PWREx_EnableOverDrive
                0x0800227c       0x98 ..\library.a(stm32f4xx_hal_pwr_ex.o)
                0x0800227c                HAL_PWREx_EnableOverDrive
 .text.HAL_RCC_OscConfig
                0x08002314      0x304 ..\library.a(stm32f4xx_hal_rcc.o)
                0x08002314                HAL_RCC_OscConfig
 .text.HAL_RCC_ClockConfig
                0x08002618      0x208 ..\library.a(stm32f4xx_hal_rcc.o)
                0x08002618                HAL_RCC_ClockConfig
 .text.HAL_RCC_GetSysClockFreq
                0x08002820       0x8c ..\library.a(stm32f4xx_hal_rcc.o)
                0x08002820                HAL_RCC_GetSysClockFreq
 .text.HAL_RCC_GetHCLKFreq
                0x080028ac       0x38 ..\library.a(stm32f4xx_hal_rcc.o)
                0x080028ac                HAL_RCC_GetHCLKFreq
 .text.HAL_RCCEx_PeriphCLKConfig
                0x080028e4      0x2d8 ..\library.a(stm32f4xx_hal_rcc_ex.o)
                0x080028e4                HAL_RCCEx_PeriphCLKConfig
 .text.HAL_SDRAM_MspInit
                0x08002bbc        0x2 ..\library.a(stm32f4xx_hal_sdram.o)
                0x08002bbc                HAL_SDRAM_MspInit
 .text.HAL_SDRAM_Init
                0x08002bbe       0x40 ..\library.a(stm32f4xx_hal_sdram.o)
                0x08002bbe                HAL_SDRAM_Init
 .text.HAL_SDRAM_SendCommand
                0x08002bfe       0x2e ..\library.a(stm32f4xx_hal_sdram.o)
                0x08002bfe                HAL_SDRAM_SendCommand
 .text.HAL_SDRAM_ProgramRefreshRate
                0x08002c2c       0x24 ..\library.a(stm32f4xx_hal_sdram.o)
                0x08002c2c                HAL_SDRAM_ProgramRefreshRate
 .text.SPI_WaitOnFlagUntilTimeout
                0x08002c50       0x98 ..\library.a(stm32f4xx_hal_spi.o)
 .text.HAL_SPI_MspInit
                0x08002ce8        0x2 ..\library.a(stm32f4xx_hal_spi.o)
                0x08002ce8                HAL_SPI_MspInit
 .text.HAL_SPI_Init
                0x08002cea       0x86 ..\library.a(stm32f4xx_hal_spi.o)
                0x08002cea                HAL_SPI_Init
 .text.HAL_SPI_MspDeInit
                0x08002d70        0x2 ..\library.a(stm32f4xx_hal_spi.o)
                0x08002d70                HAL_SPI_MspDeInit
 .text.HAL_SPI_DeInit
                0x08002d72       0x26 ..\library.a(stm32f4xx_hal_spi.o)
                0x08002d72                HAL_SPI_DeInit
 .text.HAL_SPI_Transmit
                0x08002d98      0x14c ..\library.a(stm32f4xx_hal_spi.o)
                0x08002d98                HAL_SPI_Transmit
 .text.HAL_SPI_TransmitReceive
                0x08002ee4      0x2c6 ..\library.a(stm32f4xx_hal_spi.o)
                0x08002ee4                HAL_SPI_TransmitReceive
 .text.HAL_SPI_Receive
                0x080031aa      0x1dc ..\library.a(stm32f4xx_hal_spi.o)
                0x080031aa                HAL_SPI_Receive
 .text.HAL_SPI_GetState
                0x08003386        0x6 ..\library.a(stm32f4xx_hal_spi.o)
                0x08003386                HAL_SPI_GetState
 .text.FMC_SDRAM_Init
                0x0800338c       0x84 ..\library.a(stm32f4xx_ll_fmc.o)
                0x0800338c                FMC_SDRAM_Init
 .text.FMC_SDRAM_Timing_Init
                0x08003410       0x8a ..\library.a(stm32f4xx_ll_fmc.o)
                0x08003410                FMC_SDRAM_Timing_Init
 .text.FMC_SDRAM_SendCommand
                0x0800349a       0x4c ..\library.a(stm32f4xx_ll_fmc.o)
                0x0800349a                FMC_SDRAM_SendCommand
 .text.FMC_SDRAM_ProgramRefreshRate
                0x080034e6        0xc ..\library.a(stm32f4xx_ll_fmc.o)
                0x080034e6                FMC_SDRAM_ProgramRefreshRate
 .text.ili9341_GetLcdPixelWidth
                0x080034f2        0x4 ..\library.a(ili9341.o)
                0x080034f2                ili9341_GetLcdPixelWidth
 .text.ili9341_GetLcdPixelHeight
                0x080034f6        0x6 ..\library.a(ili9341.o)
                0x080034f6                ili9341_GetLcdPixelHeight
 .text.ili9341_DisplayOn
                0x080034fc        0x6 ..\library.a(ili9341.o)
                0x080034fc                ili9341_DisplayOn
 .text.ili9341_DisplayOff
                0x08003502        0x6 ..\library.a(ili9341.o)
                0x08003502                ili9341_DisplayOff
 .text.ili9341_Init
                0x08003508      0x292 ..\library.a(ili9341.o)
                0x08003508                ili9341_Init
 .text.ili9341_ReadID
                0x0800379a       0x12 ..\library.a(ili9341.o)
                0x0800379a                ili9341_ReadID
 .text.__cvt    0x080037ac       0xc8 c:/program files (x86)/embitz/1.00/share/em_armgcc/bin/../lib/gcc/arm-none-eabi/5.4.1/../../../../arm-none-eabi/lib/armv7e-m/fpu\libg_n.a(lib_a-nano-vfprintf_float.o)
                0x080037ac                __cvt
 .text.__exponent
                0x08003874       0x60 c:/program files (x86)/embitz/1.00/share/em_armgcc/bin/../lib/gcc/arm-none-eabi/5.4.1/../../../../arm-none-eabi/lib/armv7e-m/fpu\libg_n.a(lib_a-nano-vfprintf_float.o)
                0x08003874                __exponent
 .text._printf_float
                0x080038d4      0x47c c:/program files (x86)/embitz/1.00/share/em_armgcc/bin/../lib/gcc/arm-none-eabi/5.4.1/../../../../arm-none-eabi/lib/armv7e-m/fpu\libg_n.a(lib_a-nano-vfprintf_float.o)
                0x080038d4                _printf_float
 .text._printf_common
                0x08003d50       0xec c:/program files (x86)/embitz/1.00/share/em_armgcc/bin/../lib/gcc/arm-none-eabi/5.4.1/../../../../arm-none-eabi/lib/armv7e-m/fpu\libg_n.a(lib_a-nano-vfprintf_i.o)
                0x08003d50                _printf_common
 .text._printf_i
                0x08003e3c      0x24c c:/program files (x86)/embitz/1.00/share/em_armgcc/bin/../lib/gcc/arm-none-eabi/5.4.1/../../../../arm-none-eabi/lib/armv7e-m/fpu\libg_n.a(lib_a-nano-vfprintf_i.o)
                0x08003e3c                _printf_i
 .text.printf   0x08004088       0x30 c:/program files (x86)/embitz/1.00/share/em_armgcc/bin/../lib/gcc/arm-none-eabi/5.4.1/../../../../arm-none-eabi/lib/armv7e-m/fpu\libg_n.a(lib_a-printf.o)
                0x08004088                iprintf
                0x08004088                printf
 .text.putchar  0x080040b8       0x28 c:/program files (x86)/embitz/1.00/share/em_armgcc/bin/../lib/gcc/arm-none-eabi/5.4.1/../../../../arm-none-eabi/lib/armv7e-m/fpu\libg_n.a(lib_a-putchar.o)
                0x080040b8                putchar
 .text._puts_r  0x080040e0       0xb4 c:/program files (x86)/embitz/1.00/share/em_armgcc/bin/../lib/gcc/arm-none-eabi/5.4.1/../../../../arm-none-eabi/lib/armv7e-m/fpu\libg_n.a(lib_a-puts.o)
                0x080040e0                _puts_r
 .text.puts     0x08004194       0x10 c:/program files (x86)/embitz/1.00/share/em_armgcc/bin/../lib/gcc/arm-none-eabi/5.4.1/../../../../arm-none-eabi/lib/armv7e-m/fpu\libg_n.a(lib_a-puts.o)
                0x08004194                puts
 .text.sprintf  0x080041a4       0x48 c:/program files (x86)/embitz/1.00/share/em_armgcc/bin/../lib/gcc/arm-none-eabi/5.4.1/../../../../arm-none-eabi/lib/armv7e-m/fpu\libg_n.a(lib_a-sprintf.o)
                0x080041a4                siprintf
                0x080041a4                sprintf
 .text.sscanf   0x080041ec       0x54 c:/program files (x86)/embitz/1.00/share/em_armgcc/bin/../lib/gcc/arm-none-eabi/5.4.1/../../../../arm-none-eabi/lib/armv7e-m/fpu\libg_n.a(lib_a-sscanf.o)
                0x080041ec                siscanf
                0x080041ec                sscanf
 .text.__sread  0x08004240       0x22 c:/program files (x86)/embitz/1.00/share/em_armgcc/bin/../lib/gcc/arm-none-eabi/5.4.1/../../../../arm-none-eabi/lib/armv7e-m/fpu\libg_n.a(lib_a-stdio.o)
                0x08004240                __sread
 .text.__seofread
                0x08004262        0x4 c:/program files (x86)/embitz/1.00/share/em_armgcc/bin/../lib/gcc/arm-none-eabi/5.4.1/../../../../arm-none-eabi/lib/armv7e-m/fpu\libg_n.a(lib_a-stdio.o)
                0x08004262                __seofread
 .text.__swrite
                0x08004266       0x38 c:/program files (x86)/embitz/1.00/share/em_armgcc/bin/../lib/gcc/arm-none-eabi/5.4.1/../../../../arm-none-eabi/lib/armv7e-m/fpu\libg_n.a(lib_a-stdio.o)
                0x08004266                __swrite
 .text.__sseek  0x0800429e       0x24 c:/program files (x86)/embitz/1.00/share/em_armgcc/bin/../lib/gcc/arm-none-eabi/5.4.1/../../../../arm-none-eabi/lib/armv7e-m/fpu\libg_n.a(lib_a-stdio.o)
                0x0800429e                __sseek
 .text.__sclose
                0x080042c2        0x8 c:/program files (x86)/embitz/1.00/share/em_armgcc/bin/../lib/gcc/arm-none-eabi/5.4.1/../../../../arm-none-eabi/lib/armv7e-m/fpu\libg_n.a(lib_a-stdio.o)
                0x080042c2                __sclose
 .text.strchr   0x080042ca       0x1c c:/program files (x86)/embitz/1.00/share/em_armgcc/bin/../lib/gcc/arm-none-eabi/5.4.1/../../../../arm-none-eabi/lib/armv7e-m/fpu\libg_n.a(lib_a-strchr.o)
                0x080042ca                strchr
 .text          0x080042e6       0x14 c:/program files (x86)/embitz/1.00/share/em_armgcc/bin/../lib/gcc/arm-none-eabi/5.4.1/../../../../arm-none-eabi/lib/armv7e-m/fpu\libg_n.a(lib_a-strcmp.o)
                0x080042e6                strcmp
 .text.strcpy   0x080042fa       0x10 c:/program files (x86)/embitz/1.00/share/em_armgcc/bin/../lib/gcc/arm-none-eabi/5.4.1/../../../../arm-none-eabi/lib/armv7e-m/fpu\libg_n.a(lib_a-strcpy.o)
                0x080042fa                strcpy
 .text          0x0800430a       0x10 c:/program files (x86)/embitz/1.00/share/em_armgcc/bin/../lib/gcc/arm-none-eabi/5.4.1/../../../../arm-none-eabi/lib/armv7e-m/fpu\libg_n.a(lib_a-strlen.o)
                0x0800430a                strlen
 *fill*         0x0800431a        0x2 
 .text.__swbuf_r
                0x0800431c       0xa8 c:/program files (x86)/embitz/1.00/share/em_armgcc/bin/../lib/gcc/arm-none-eabi/5.4.1/../../../../arm-none-eabi/lib/armv7e-m/fpu\libg_n.a(lib_a-wbuf.o)
                0x0800431c                __swbuf_r
 .text._write_r
                0x080043c4       0x24 c:/program files (x86)/embitz/1.00/share/em_armgcc/bin/../lib/gcc/arm-none-eabi/5.4.1/../../../../arm-none-eabi/lib/armv7e-m/fpu\libg_n.a(lib_a-writer.o)
                0x080043c4                _write_r
 .text.__swsetup_r
                0x080043e8       0xdc c:/program files (x86)/embitz/1.00/share/em_armgcc/bin/../lib/gcc/arm-none-eabi/5.4.1/../../../../arm-none-eabi/lib/armv7e-m/fpu\libg_n.a(lib_a-wsetup.o)
                0x080043e8                __swsetup_r
 .text._close_r
                0x080044c4       0x20 c:/program files (x86)/embitz/1.00/share/em_armgcc/bin/../lib/gcc/arm-none-eabi/5.4.1/../../../../arm-none-eabi/lib/armv7e-m/fpu\libg_n.a(lib_a-closer.o)
                0x080044c4                _close_r
 .text.quorem   0x080044e4      0x11e c:/program files (x86)/embitz/1.00/share/em_armgcc/bin/../lib/gcc/arm-none-eabi/5.4.1/../../../../arm-none-eabi/lib/armv7e-m/fpu\libg_n.a(lib_a-dtoa.o)
 *fill*         0x08004602        0x6 
 .text._dtoa_r  0x08004608      0xb40 c:/program files (x86)/embitz/1.00/share/em_armgcc/bin/../lib/gcc/arm-none-eabi/5.4.1/../../../../arm-none-eabi/lib/armv7e-m/fpu\libg_n.a(lib_a-dtoa.o)
                0x08004608                _dtoa_r
 .text.__sflush_r
                0x08005148      0x110 c:/program files (x86)/embitz/1.00/share/em_armgcc/bin/../lib/gcc/arm-none-eabi/5.4.1/../../../../arm-none-eabi/lib/armv7e-m/fpu\libg_n.a(lib_a-fflush.o)
                0x08005148                __sflush_r
 .text._fflush_r
                0x08005258       0x54 c:/program files (x86)/embitz/1.00/share/em_armgcc/bin/../lib/gcc/arm-none-eabi/5.4.1/../../../../arm-none-eabi/lib/armv7e-m/fpu\libg_n.a(lib_a-fflush.o)
                0x08005258                _fflush_r
 .text._cleanup_r
                0x080052ac        0xc c:/program files (x86)/embitz/1.00/share/em_armgcc/bin/../lib/gcc/arm-none-eabi/5.4.1/../../../../arm-none-eabi/lib/armv7e-m/fpu\libg_n.a(lib_a-findfp.o)
                0x080052ac                _cleanup_r
 .text.std.isra.0
                0x080052b8       0x48 c:/program files (x86)/embitz/1.00/share/em_armgcc/bin/../lib/gcc/arm-none-eabi/5.4.1/../../../../arm-none-eabi/lib/armv7e-m/fpu\libg_n.a(lib_a-findfp.o)
 .text.__sfmoreglue
                0x08005300       0x2c c:/program files (x86)/embitz/1.00/share/em_armgcc/bin/../lib/gcc/arm-none-eabi/5.4.1/../../../../arm-none-eabi/lib/armv7e-m/fpu\libg_n.a(lib_a-findfp.o)
                0x08005300                __sfmoreglue
 .text.__sinit  0x0800532c       0x60 c:/program files (x86)/embitz/1.00/share/em_armgcc/bin/../lib/gcc/arm-none-eabi/5.4.1/../../../../arm-none-eabi/lib/armv7e-m/fpu\libg_n.a(lib_a-findfp.o)
                0x0800532c                __sinit
 .text.__sfp    0x0800538c       0x78 c:/program files (x86)/embitz/1.00/share/em_armgcc/bin/../lib/gcc/arm-none-eabi/5.4.1/../../../../arm-none-eabi/lib/armv7e-m/fpu\libg_n.a(lib_a-findfp.o)
                0x0800538c                __sfp
 .text._fwalk_reent
                0x08005404       0x3c c:/program files (x86)/embitz/1.00/share/em_armgcc/bin/../lib/gcc/arm-none-eabi/5.4.1/../../../../arm-none-eabi/lib/armv7e-m/fpu\libg_n.a(lib_a-fwalk.o)
                0x08005404                _fwalk_reent
 .text._localeconv_r
                0x08005440        0x8 c:/program files (x86)/embitz/1.00/share/em_armgcc/bin/../lib/gcc/arm-none-eabi/5.4.1/../../../../arm-none-eabi/lib/armv7e-m/fpu\libg_n.a(lib_a-locale.o)
                0x08005440                _localeconv_r
 .text._lseek_r
                0x08005448       0x24 c:/program files (x86)/embitz/1.00/share/em_armgcc/bin/../lib/gcc/arm-none-eabi/5.4.1/../../../../arm-none-eabi/lib/armv7e-m/fpu\libg_n.a(lib_a-lseekr.o)
                0x08005448                _lseek_r
 .text.__swhatbuf_r
                0x0800546c       0x46 c:/program files (x86)/embitz/1.00/share/em_armgcc/bin/../lib/gcc/arm-none-eabi/5.4.1/../../../../arm-none-eabi/lib/armv7e-m/fpu\libg_n.a(lib_a-makebuf.o)
                0x0800546c                __swhatbuf_r
 *fill*         0x080054b2        0x2 
 .text.__smakebuf_r
                0x080054b4       0x78 c:/program files (x86)/embitz/1.00/share/em_armgcc/bin/../lib/gcc/arm-none-eabi/5.4.1/../../../../arm-none-eabi/lib/armv7e-m/fpu\libg_n.a(lib_a-makebuf.o)
                0x080054b4                __smakebuf_r
 .text.malloc   0x0800552c       0x10 c:/program files (x86)/embitz/1.00/share/em_armgcc/bin/../lib/gcc/arm-none-eabi/5.4.1/../../../../arm-none-eabi/lib/armv7e-m/fpu\libg_n.a(lib_a-malloc.o)
                0x0800552c                malloc
 *fill*         0x0800553c        0x4 
 .text          0x08005540       0xa0 c:/program files (x86)/embitz/1.00/share/em_armgcc/bin/../lib/gcc/arm-none-eabi/5.4.1/../../../../arm-none-eabi/lib/armv7e-m/fpu\libg_n.a(lib_a-memchr.o)
                0x08005540                memchr
 .text.memcpy   0x080055e0       0x16 c:/program files (x86)/embitz/1.00/share/em_armgcc/bin/../lib/gcc/arm-none-eabi/5.4.1/../../../../arm-none-eabi/lib/armv7e-m/fpu\libg_n.a(lib_a-memcpy-stub.o)
                0x080055e0                memcpy
 .text.memset   0x080055f6       0x10 c:/program files (x86)/embitz/1.00/share/em_armgcc/bin/../lib/gcc/arm-none-eabi/5.4.1/../../../../arm-none-eabi/lib/armv7e-m/fpu\libg_n.a(lib_a-memset.o)
                0x080055f6                memset
 .text._Balloc  0x08005606       0x6a c:/program files (x86)/embitz/1.00/share/em_armgcc/bin/../lib/gcc/arm-none-eabi/5.4.1/../../../../arm-none-eabi/lib/armv7e-m/fpu\libg_n.a(lib_a-mprec.o)
                0x08005606                _Balloc
 .text._Bfree   0x08005670       0x2e c:/program files (x86)/embitz/1.00/share/em_armgcc/bin/../lib/gcc/arm-none-eabi/5.4.1/../../../../arm-none-eabi/lib/armv7e-m/fpu\libg_n.a(lib_a-mprec.o)
                0x08005670                _Bfree
 .text.__multadd
                0x0800569e       0x76 c:/program files (x86)/embitz/1.00/share/em_armgcc/bin/../lib/gcc/arm-none-eabi/5.4.1/../../../../arm-none-eabi/lib/armv7e-m/fpu\libg_n.a(lib_a-mprec.o)
                0x0800569e                __multadd
 .text.__hi0bits
                0x08005714       0x40 c:/program files (x86)/embitz/1.00/share/em_armgcc/bin/../lib/gcc/arm-none-eabi/5.4.1/../../../../arm-none-eabi/lib/armv7e-m/fpu\libg_n.a(lib_a-mprec.o)
                0x08005714                __hi0bits
 .text.__lo0bits
                0x08005754       0x5a c:/program files (x86)/embitz/1.00/share/em_armgcc/bin/../lib/gcc/arm-none-eabi/5.4.1/../../../../arm-none-eabi/lib/armv7e-m/fpu\libg_n.a(lib_a-mprec.o)
                0x08005754                __lo0bits
 .text.__i2b    0x080057ae       0x12 c:/program files (x86)/embitz/1.00/share/em_armgcc/bin/../lib/gcc/arm-none-eabi/5.4.1/../../../../arm-none-eabi/lib/armv7e-m/fpu\libg_n.a(lib_a-mprec.o)
                0x080057ae                __i2b
 .text.__multiply
                0x080057c0      0x122 c:/program files (x86)/embitz/1.00/share/em_armgcc/bin/../lib/gcc/arm-none-eabi/5.4.1/../../../../arm-none-eabi/lib/armv7e-m/fpu\libg_n.a(lib_a-mprec.o)
                0x080057c0                __multiply
 *fill*         0x080058e2        0x2 
 .text.__pow5mult
                0x080058e4       0x9c c:/program files (x86)/embitz/1.00/share/em_armgcc/bin/../lib/gcc/arm-none-eabi/5.4.1/../../../../arm-none-eabi/lib/armv7e-m/fpu\libg_n.a(lib_a-mprec.o)
                0x080058e4                __pow5mult
 .text.__lshift
                0x08005980       0xa2 c:/program files (x86)/embitz/1.00/share/em_armgcc/bin/../lib/gcc/arm-none-eabi/5.4.1/../../../../arm-none-eabi/lib/armv7e-m/fpu\libg_n.a(lib_a-mprec.o)
                0x08005980                __lshift
 .text.__mcmp   0x08005a22       0x38 c:/program files (x86)/embitz/1.00/share/em_armgcc/bin/../lib/gcc/arm-none-eabi/5.4.1/../../../../arm-none-eabi/lib/armv7e-m/fpu\libg_n.a(lib_a-mprec.o)
                0x08005a22                __mcmp
 .text.__mdiff  0x08005a5a       0xbe c:/program files (x86)/embitz/1.00/share/em_armgcc/bin/../lib/gcc/arm-none-eabi/5.4.1/../../../../arm-none-eabi/lib/armv7e-m/fpu\libg_n.a(lib_a-mprec.o)
                0x08005a5a                __mdiff
 .text.__d2b    0x08005b18       0x9c c:/program files (x86)/embitz/1.00/share/em_armgcc/bin/../lib/gcc/arm-none-eabi/5.4.1/../../../../arm-none-eabi/lib/armv7e-m/fpu\libg_n.a(lib_a-mprec.o)
                0x08005b18                __d2b
 .text._calloc_r
                0x08005bb4       0x1c c:/program files (x86)/embitz/1.00/share/em_armgcc/bin/../lib/gcc/arm-none-eabi/5.4.1/../../../../arm-none-eabi/lib/armv7e-m/fpu\libg_n.a(lib_a-nano-callocr.o)
                0x08005bb4                _calloc_r
 .text._free_r  0x08005bd0       0x9c c:/program files (x86)/embitz/1.00/share/em_armgcc/bin/../lib/gcc/arm-none-eabi/5.4.1/../../../../arm-none-eabi/lib/armv7e-m/fpu\libg_n.a(lib_a-nano-freer.o)
                0x08005bd0                _free_r
 .text._malloc_r
                0x08005c6c       0xbc c:/program files (x86)/embitz/1.00/share/em_armgcc/bin/../lib/gcc/arm-none-eabi/5.4.1/../../../../arm-none-eabi/lib/armv7e-m/fpu\libg_n.a(lib_a-nano-mallocr.o)
                0x08005c6c                _malloc_r
 .text.__ssputs_r
                0x08005d28       0xb2 c:/program files (x86)/embitz/1.00/share/em_armgcc/bin/../lib/gcc/arm-none-eabi/5.4.1/../../../../arm-none-eabi/lib/armv7e-m/fpu\libg_n.a(lib_a-nano-svfprintf.o)
                0x08005d28                __ssputs_r
 *fill*         0x08005dda        0x2 
 .text._svfprintf_r
                0x08005ddc      0x1e8 c:/program files (x86)/embitz/1.00/share/em_armgcc/bin/../lib/gcc/arm-none-eabi/5.4.1/../../../../arm-none-eabi/lib/armv7e-m/fpu\libg_n.a(lib_a-nano-svfprintf.o)
                0x08005ddc                _svfiprintf_r
                0x08005ddc                _svfprintf_r
 .text._sungetc_r
                0x08005fc4       0x7c c:/program files (x86)/embitz/1.00/share/em_armgcc/bin/../lib/gcc/arm-none-eabi/5.4.1/../../../../arm-none-eabi/lib/armv7e-m/fpu\libg_n.a(lib_a-nano-svfscanf.o)
                0x08005fc4                _sungetc_r
 .text.__ssrefill_r
                0x08006040       0x3a c:/program files (x86)/embitz/1.00/share/em_armgcc/bin/../lib/gcc/arm-none-eabi/5.4.1/../../../../arm-none-eabi/lib/armv7e-m/fpu\libg_n.a(lib_a-nano-svfscanf.o)
                0x08006040                __ssrefill_r
 *fill*         0x0800607a        0x2 
 .text.__ssvfscanf_r
                0x0800607c      0x2a8 c:/program files (x86)/embitz/1.00/share/em_armgcc/bin/../lib/gcc/arm-none-eabi/5.4.1/../../../../arm-none-eabi/lib/armv7e-m/fpu\libg_n.a(lib_a-nano-svfscanf.o)
                0x0800607c                __ssvfiscanf_r
                0x0800607c                __ssvfscanf_r
 .text.__sfputc_r
                0x08006324       0x30 c:/program files (x86)/embitz/1.00/share/em_armgcc/bin/../lib/gcc/arm-none-eabi/5.4.1/../../../../arm-none-eabi/lib/armv7e-m/fpu\libg_n.a(lib_a-nano-vfprintf.o)
 .text.__sfputs_r
                0x08006354       0x24 c:/program files (x86)/embitz/1.00/share/em_armgcc/bin/../lib/gcc/arm-none-eabi/5.4.1/../../../../arm-none-eabi/lib/armv7e-m/fpu\libg_n.a(lib_a-nano-vfprintf.o)
                0x08006354                __sfputs_r
 .text._vfprintf_r
                0x08006378      0x238 c:/program files (x86)/embitz/1.00/share/em_armgcc/bin/../lib/gcc/arm-none-eabi/5.4.1/../../../../arm-none-eabi/lib/armv7e-m/fpu\libg_n.a(lib_a-nano-vfprintf.o)
                0x08006378                _vfprintf_r
                0x08006378                _vfiprintf_r
 .text._scanf_chars
                0x080065b0       0xc8 c:/program files (x86)/embitz/1.00/share/em_armgcc/bin/../lib/gcc/arm-none-eabi/5.4.1/../../../../arm-none-eabi/lib/armv7e-m/fpu\libg_n.a(lib_a-nano-vfscanf_i.o)
                0x080065b0                _scanf_chars
 .text._scanf_i
                0x08006678      0x1e4 c:/program files (x86)/embitz/1.00/share/em_armgcc/bin/../lib/gcc/arm-none-eabi/5.4.1/../../../../arm-none-eabi/lib/armv7e-m/fpu\libg_n.a(lib_a-nano-vfscanf_i.o)
                0x08006678                _scanf_i
 .text._putc_r  0x0800685c       0x6c c:/program files (x86)/embitz/1.00/share/em_armgcc/bin/../lib/gcc/arm-none-eabi/5.4.1/../../../../arm-none-eabi/lib/armv7e-m/fpu\libg_n.a(lib_a-putc.o)
                0x0800685c                _putc_r
 .text._read_r  0x080068c8       0x24 c:/program files (x86)/embitz/1.00/share/em_armgcc/bin/../lib/gcc/arm-none-eabi/5.4.1/../../../../arm-none-eabi/lib/armv7e-m/fpu\libg_n.a(lib_a-readr.o)
                0x080068c8                _read_r
 .text._sbrk_r  0x080068ec       0x20 c:/program files (x86)/embitz/1.00/share/em_armgcc/bin/../lib/gcc/arm-none-eabi/5.4.1/../../../../arm-none-eabi/lib/armv7e-m/fpu\libg_n.a(lib_a-sbrkr.o)
                0x080068ec                _sbrk_r
 .text.__sccl   0x0800690c       0x62 c:/program files (x86)/embitz/1.00/share/em_armgcc/bin/../lib/gcc/arm-none-eabi/5.4.1/../../../../arm-none-eabi/lib/armv7e-m/fpu\libg_n.a(lib_a-sccl.o)
                0x0800690c                __sccl
 *fill*         0x0800696e        0x2 
 .text._strtol_r
                0x08006970      0x10c c:/program files (x86)/embitz/1.00/share/em_armgcc/bin/../lib/gcc/arm-none-eabi/5.4.1/../../../../arm-none-eabi/lib/armv7e-m/fpu\libg_n.a(lib_a-strtol.o)
                0x08006970                _strtol_r
 .text._strtoul_r
                0x08006a7c       0xfc c:/program files (x86)/embitz/1.00/share/em_armgcc/bin/../lib/gcc/arm-none-eabi/5.4.1/../../../../arm-none-eabi/lib/armv7e-m/fpu\libg_n.a(lib_a-strtoul.o)
                0x08006a7c                _strtoul_r
 .text.__submore
                0x08006b78       0x76 c:/program files (x86)/embitz/1.00/share/em_armgcc/bin/../lib/gcc/arm-none-eabi/5.4.1/../../../../arm-none-eabi/lib/armv7e-m/fpu\libg_n.a(lib_a-ungetc.o)
                0x08006b78                __submore
 *fill*         0x08006bee        0x2 
 .text._fstat_r
                0x08006bf0       0x24 c:/program files (x86)/embitz/1.00/share/em_armgcc/bin/../lib/gcc/arm-none-eabi/5.4.1/../../../../arm-none-eabi/lib/armv7e-m/fpu\libg_n.a(lib_a-fstatr.o)
                0x08006bf0                _fstat_r
 .text._isatty_r
                0x08006c14       0x20 c:/program files (x86)/embitz/1.00/share/em_armgcc/bin/../lib/gcc/arm-none-eabi/5.4.1/../../../../arm-none-eabi/lib/armv7e-m/fpu\libg_n.a(lib_a-isattyr.o)
                0x08006c14                _isatty_r
 .text.memmove  0x08006c34       0x36 c:/program files (x86)/embitz/1.00/share/em_armgcc/bin/../lib/gcc/arm-none-eabi/5.4.1/../../../../arm-none-eabi/lib/armv7e-m/fpu\libg_n.a(lib_a-memmove.o)
                0x08006c34                memmove
 .text.__malloc_lock
                0x08006c6a        0x2 c:/program files (x86)/embitz/1.00/share/em_armgcc/bin/../lib/gcc/arm-none-eabi/5.4.1/../../../../arm-none-eabi/lib/armv7e-m/fpu\libg_n.a(lib_a-mlock.o)
                0x08006c6a                __malloc_lock
 .text.__malloc_unlock
                0x08006c6c        0x2 c:/program files (x86)/embitz/1.00/share/em_armgcc/bin/../lib/gcc/arm-none-eabi/5.4.1/../../../../arm-none-eabi/lib/armv7e-m/fpu\libg_n.a(lib_a-mlock.o)
                0x08006c6c                __malloc_unlock
 .text._realloc_r
                0x08006c6e       0x4c c:/program files (x86)/embitz/1.00/share/em_armgcc/bin/../lib/gcc/arm-none-eabi/5.4.1/../../../../arm-none-eabi/lib/armv7e-m/fpu\libg_n.a(lib_a-nano-reallocr.o)
                0x08006c6e                _realloc_r
 .text._malloc_usable_size_r
                0x08006cba       0x14 c:/program files (x86)/embitz/1.00/share/em_armgcc/bin/../lib/gcc/arm-none-eabi/5.4.1/../../../../arm-none-eabi/lib/armv7e-m/fpu\libg_n.a(lib_a-nano-msizer.o)
                0x08006cba                _malloc_usable_size_r
 *fill*         0x08006cce        0x2 
 .text          0x08006cd0      0x370 c:/program files (x86)/embitz/1.00/share/em_armgcc/bin/../lib/gcc/arm-none-eabi/5.4.1/armv7e-m/fpu\libgcc.a(_arm_addsubdf3.o)
                0x08006cd0                __aeabi_drsub
                0x08006cd8                __aeabi_dsub
                0x08006cd8                __subdf3
                0x08006cdc                __aeabi_dadd
                0x08006cdc                __adddf3
                0x08006f54                __floatunsidf
                0x08006f54                __aeabi_ui2d
                0x08006f74                __floatsidf
                0x08006f74                __aeabi_i2d
                0x08006f98                __aeabi_f2d
                0x08006f98                __extendsfdf2
                0x08006fd4                __floatundidf
                0x08006fd4                __aeabi_ul2d
                0x08006fe4                __floatdidf
                0x08006fe4                __aeabi_l2d
 .text          0x08007040      0x424 c:/program files (x86)/embitz/1.00/share/em_armgcc/bin/../lib/gcc/arm-none-eabi/5.4.1/armv7e-m/fpu\libgcc.a(_arm_muldivdf3.o)
                0x08007040                __aeabi_dmul
                0x08007040                __muldf3
                0x08007294                __divdf3
                0x08007294                __aeabi_ddiv
 .text          0x08007464      0x110 c:/program files (x86)/embitz/1.00/share/em_armgcc/bin/../lib/gcc/arm-none-eabi/5.4.1/armv7e-m/fpu\libgcc.a(_arm_cmpdf2.o)
                0x08007464                __gtdf2
                0x08007464                __gedf2
                0x0800746c                __ltdf2
                0x0800746c                __ledf2
                0x08007474                __nedf2
                0x08007474                __eqdf2
                0x08007474                __cmpdf2
                0x080074f0                __aeabi_cdrcmple
                0x08007500                __aeabi_cdcmpeq
                0x08007500                __aeabi_cdcmple
                0x08007510                __aeabi_dcmpeq
                0x08007524                __aeabi_dcmplt
                0x08007538                __aeabi_dcmple
                0x0800754c                __aeabi_dcmpge
                0x08007560                __aeabi_dcmpgt
 .text          0x08007574       0x2c c:/program files (x86)/embitz/1.00/share/em_armgcc/bin/../lib/gcc/arm-none-eabi/5.4.1/armv7e-m/fpu\libgcc.a(_arm_unorddf2.o)
                0x08007574                __unorddf2
                0x08007574                __aeabi_dcmpun
 .text          0x080075a0       0x50 c:/program files (x86)/embitz/1.00/share/em_armgcc/bin/../lib/gcc/arm-none-eabi/5.4.1/armv7e-m/fpu\libgcc.a(_arm_fixdfsi.o)
                0x080075a0                __aeabi_d2iz
                0x080075a0                __fixdfsi
 .text._close   0x080075f0       0x10 c:/program files (x86)/embitz/1.00/share/em_armgcc/bin/../lib/gcc/arm-none-eabi/5.4.1/../../../../arm-none-eabi/lib/armv7e-m/fpu\libnosys_s.a(close.o)
                0x080075f0                _close
 .text._fstat   0x08007600       0x10 c:/program files (x86)/embitz/1.00/share/em_armgcc/bin/../lib/gcc/arm-none-eabi/5.4.1/../../../../arm-none-eabi/lib/armv7e-m/fpu\libnosys_s.a(fstat.o)
                0x08007600                _fstat
 .text._isatty  0x08007610       0x10 c:/program files (x86)/embitz/1.00/share/em_armgcc/bin/../lib/gcc/arm-none-eabi/5.4.1/../../../../arm-none-eabi/lib/armv7e-m/fpu\libnosys_s.a(isatty.o)
                0x08007610                _isatty
 .text._lseek   0x08007620       0x10 c:/program files (x86)/embitz/1.00/share/em_armgcc/bin/../lib/gcc/arm-none-eabi/5.4.1/../../../../arm-none-eabi/lib/armv7e-m/fpu\libnosys_s.a(lseek.o)
                0x08007620                _lseek
 .text._read    0x08007630       0x10 c:/program files (x86)/embitz/1.00/share/em_armgcc/bin/../lib/gcc/arm-none-eabi/5.4.1/../../../../arm-none-eabi/lib/armv7e-m/fpu\libnosys_s.a(read.o)
                0x08007630                _read
 .text._sbrk    0x08007640       0x1c c:/program files (x86)/embitz/1.00/share/em_armgcc/bin/../lib/gcc/arm-none-eabi/5.4.1/../../../../arm-none-eabi/lib/armv7e-m/fpu\libnosys_s.a(sbrk.o)
                0x08007640                _sbrk
 *(.init)
 *(.fini)
 *crtbegin.o(.ctors)
 *crtbegin?.o(.ctors)
 *(EXCLUDE_FILE(*crtend.o *crtend?.o) .ctors)
 *(SORT(.ctors.*))
 *(.ctors)
 *crtbegin.o(.dtors)
 *crtbegin?.o(.dtors)
 *(EXCLUDE_FILE(*crtend.o *crtend?.o) .dtors)
 *(SORT(.dtors.*))
 *(.dtors)
 *(.rodata*)
 .rodata.months
                0x0800765c       0x30 obj\debug\testbitfields.o
 .rodata.str1.1
                0x0800768c      0x1a1 obj\debug\testbitfields.o
 .rodata.Font16_Table
                0x0800782d      0xbe0 ..\library.a(stm32f429i_discovery_lcd.o)
                0x0800782d                Font16_Table
 .rodata.Font24_Table
                0x0800840d     0x1ab8 ..\library.a(stm32f429i_discovery_lcd.o)
                0x0800840d                Font24_Table
 .rodata.Font12_Table
                0x08009ec5      0x474 ..\library.a(stm32f429i_discovery_lcd.o)
                0x08009ec5                Font12_Table
 .rodata.APBAHBPrescTable
                0x0800a339       0x10 ..\library.a(stm32f4xx_hal_rcc.o)
                0x0800a339                APBAHBPrescTable
 .rodata.str1.1
                0x0800a349       0x10 c:/program files (x86)/embitz/1.00/share/em_armgcc/bin/../lib/gcc/arm-none-eabi/5.4.1/../../../../arm-none-eabi/lib/armv7e-m/fpu\libg_n.a(lib_a-nano-vfprintf_float.o)
                                 0x12 (size before relaxing)
 .rodata.str1.1
                0x0800a359       0x22 c:/program files (x86)/embitz/1.00/share/em_armgcc/bin/../lib/gcc/arm-none-eabi/5.4.1/../../../../arm-none-eabi/lib/armv7e-m/fpu\libg_n.a(lib_a-nano-vfprintf_i.o)
 .rodata.str1.1
                0x0800a37b        0xd c:/program files (x86)/embitz/1.00/share/em_armgcc/bin/../lib/gcc/arm-none-eabi/5.4.1/../../../../arm-none-eabi/lib/armv7e-m/fpu\libg_n.a(lib_a-dtoa.o)
                                  0xf (size before relaxing)
 .rodata.__sf_fake_stdin
                0x0800a388       0x20 c:/program files (x86)/embitz/1.00/share/em_armgcc/bin/../lib/gcc/arm-none-eabi/5.4.1/../../../../arm-none-eabi/lib/armv7e-m/fpu\libg_n.a(lib_a-findfp.o)
                0x0800a388                __sf_fake_stdin
 .rodata.__sf_fake_stdout
                0x0800a3a8       0x20 c:/program files (x86)/embitz/1.00/share/em_armgcc/bin/../lib/gcc/arm-none-eabi/5.4.1/../../../../arm-none-eabi/lib/armv7e-m/fpu\libg_n.a(lib_a-findfp.o)
                0x0800a3a8                __sf_fake_stdout
 .rodata.__sf_fake_stderr
                0x0800a3c8       0x20 c:/program files (x86)/embitz/1.00/share/em_armgcc/bin/../lib/gcc/arm-none-eabi/5.4.1/../../../../arm-none-eabi/lib/armv7e-m/fpu\libg_n.a(lib_a-findfp.o)
                0x0800a3c8                __sf_fake_stderr
 .rodata.str1.1
                0x0800a3e8        0x2 c:/program files (x86)/embitz/1.00/share/em_armgcc/bin/../lib/gcc/arm-none-eabi/5.4.1/../../../../arm-none-eabi/lib/armv7e-m/fpu\libg_n.a(lib_a-impure.o)
 *fill*         0x0800a3ea        0x2 
 .rodata._global_impure_ptr
                0x0800a3ec        0x4 c:/program files (x86)/embitz/1.00/share/em_armgcc/bin/../lib/gcc/arm-none-eabi/5.4.1/../../../../arm-none-eabi/lib/armv7e-m/fpu\libg_n.a(lib_a-impure.o)
                0x0800a3ec                _global_impure_ptr
 .rodata.str1.1
                0x0800a3f0        0x8 c:/program files (x86)/embitz/1.00/share/em_armgcc/bin/../lib/gcc/arm-none-eabi/5.4.1/../../../../arm-none-eabi/lib/armv7e-m/fpu\libg_n.a(lib_a-locale.o)
                                  0xb (size before relaxing)
 .rodata.p05.5410
                0x0800a3f8        0xc c:/program files (x86)/embitz/1.00/share/em_armgcc/bin/../lib/gcc/arm-none-eabi/5.4.1/../../../../arm-none-eabi/lib/armv7e-m/fpu\libg_n.a(lib_a-mprec.o)
 *fill*         0x0800a404        0x4 
 .rodata.__mprec_bigtens
                0x0800a408       0x28 c:/program files (x86)/embitz/1.00/share/em_armgcc/bin/../lib/gcc/arm-none-eabi/5.4.1/../../../../arm-none-eabi/lib/armv7e-m/fpu\libg_n.a(lib_a-mprec.o)
                0x0800a408                __mprec_bigtens
 .rodata.__mprec_tens
                0x0800a430       0xc8 c:/program files (x86)/embitz/1.00/share/em_armgcc/bin/../lib/gcc/arm-none-eabi/5.4.1/../../../../arm-none-eabi/lib/armv7e-m/fpu\libg_n.a(lib_a-mprec.o)
                0x0800a430                __mprec_tens
 .rodata.str1.1
                0x0800a4f8       0x11 c:/program files (x86)/embitz/1.00/share/em_armgcc/bin/../lib/gcc/arm-none-eabi/5.4.1/../../../../arm-none-eabi/lib/armv7e-m/fpu\libg_n.a(lib_a-nano-svfprintf.o)
 .rodata.str1.1
                0x0800a509        0x4 c:/program files (x86)/embitz/1.00/share/em_armgcc/bin/../lib/gcc/arm-none-eabi/5.4.1/../../../../arm-none-eabi/lib/armv7e-m/fpu\libg_n.a(lib_a-nano-svfscanf.o)
 .rodata.str1.1
                0x0800a509       0x11 c:/program files (x86)/embitz/1.00/share/em_armgcc/bin/../lib/gcc/arm-none-eabi/5.4.1/../../../../arm-none-eabi/lib/armv7e-m/fpu\libg_n.a(lib_a-nano-vfprintf.o)
 *fill*         0x0800a509        0x3 
 .rodata        0x0800a50c        0xc c:/program files (x86)/embitz/1.00/share/em_armgcc/bin/../lib/gcc/arm-none-eabi/5.4.1/../../../../arm-none-eabi/lib/armv7e-m/fpu\libg_n.a(lib_a-nano-vfscanf_i.o)
 .rodata.str1.1
                0x0800a518       0x18 c:/program files (x86)/embitz/1.00/share/em_armgcc/bin/../lib/gcc/arm-none-eabi/5.4.1/../../../../arm-none-eabi/lib/armv7e-m/fpu\libg_n.a(lib_a-nano-vfscanf_i.o)
                                 0x1b (size before relaxing)
 .rodata._ctype_
                0x0800a530      0x101 c:/program files (x86)/embitz/1.00/share/em_armgcc/bin/../lib/gcc/arm-none-eabi/5.4.1/../../../../arm-none-eabi/lib/armv7e-m/fpu\libg_n.a(lib_a-ctype_.o)
                0x0800a530                _ctype_
 *(.eh_frame*)

.glue_7         0x0800a634        0x0
 .glue_7        0x0800a634        0x0 linker stubs

.glue_7t        0x0800a634        0x0
 .glue_7t       0x0800a634        0x0 linker stubs

.vfp11_veneer   0x0800a634        0x0
 .vfp11_veneer  0x0800a634        0x0 linker stubs

.v4_bx          0x0800a634        0x0
 .v4_bx         0x0800a634        0x0 linker stubs

.iplt           0x0800a634        0x0
 .iplt          0x0800a634        0x0 obj\debug\testbitfields.o

.rel.dyn        0x0800a634        0x0
 .rel.iplt      0x0800a634        0x0 obj\debug\testbitfields.o

.ARM.extab
 *(.ARM.extab* .gnu.linkonce.armextab.*)
                0x0800a634                __exidx_start = .

.ARM.exidx
 *(.ARM.exidx* .gnu.linkonce.armexidx.*)
                0x0800a634                __exidx_end = .
                0x0800a634                __etext = .

.data           0x20000000      0x100 load address 0x0800a631
                0x20000000                __data_start__ = .
 *(vtable)
 *(.data*)
 .data.SpixTimeout
                0x20000000        0x4 ..\library.a(stm32f429i_discovery.o)
                0x20000000                SpixTimeout
 .data.BUTTON_PORT
                0x20000004        0x4 ..\library.a(stm32f429i_discovery.o)
                0x20000004                BUTTON_PORT
 .data.Font24   0x20000008        0x8 ..\library.a(stm32f429i_discovery_lcd.o)
                0x20000008                Font24
 .data.Font12   0x20000010        0x8 ..\library.a(stm32f429i_discovery_lcd.o)
                0x20000010                Font12
 .data.Font16   0x20000018        0x8 ..\library.a(stm32f429i_discovery_lcd.o)
                0x20000018                Font16
 .data.SystemCoreClock
                0x20000020        0x4 ..\library.a(system_stm32f4xx.o)
                0x20000020                SystemCoreClock
 .data.ili9341_drv
                0x20000024       0x38 ..\library.a(ili9341.o)
                0x20000024                ili9341_drv
 .data.impure_data
                0x2000005c       0x60 c:/program files (x86)/embitz/1.00/share/em_armgcc/bin/../lib/gcc/arm-none-eabi/5.4.1/../../../../arm-none-eabi/lib/armv7e-m/fpu\libg_n.a(lib_a-impure.o)
 .data._impure_ptr
                0x200000bc        0x4 c:/program files (x86)/embitz/1.00/share/em_armgcc/bin/../lib/gcc/arm-none-eabi/5.4.1/../../../../arm-none-eabi/lib/armv7e-m/fpu\libg_n.a(lib_a-impure.o)
                0x200000bc                _impure_ptr
 .data.lconv    0x200000c0       0x38 c:/program files (x86)/embitz/1.00/share/em_armgcc/bin/../lib/gcc/arm-none-eabi/5.4.1/../../../../arm-none-eabi/lib/armv7e-m/fpu\libg_n.a(lib_a-locale.o)
 .data.__ctype_ptr__
                0x200000f8        0x4 c:/program files (x86)/embitz/1.00/share/em_armgcc/bin/../lib/gcc/arm-none-eabi/5.4.1/../../../../arm-none-eabi/lib/armv7e-m/fpu\libg_n.a(lib_a-ctype_.o)
                0x200000f8                __ctype_ptr__
                0x200000fc                . = ALIGN (0x4)
                [!provide]                PROVIDE (__preinit_array_start, .)
 *(.preinit_array)
                [!provide]                PROVIDE (__preinit_array_end, .)
                0x200000fc                . = ALIGN (0x4)
                [!provide]                PROVIDE (__init_array_start, .)
 *(SORT(.init_array.*))
 *(.init_array)
                [!provide]                PROVIDE (__init_array_end, .)
                0x20000100                . = ALIGN (0x8)
 *fill*         0x200000fc        0x4 
                [!provide]                PROVIDE (__fini_array_start, .)
 *(SORT(.fini_array.*))
 *(.fini_array)
                [!provide]                PROVIDE (__fini_array_end, .)
                0x20000100                . = ALIGN (0x8)
                0x20000100                __data_end__ = .

.igot.plt       0x20000100        0x0 load address 0x0800a734
 .igot.plt      0x20000100        0x0 obj\debug\testbitfields.o

.bss            0x20000100     0x3ec4 load address 0x0800a734
                0x20000100                __bss_start__ = .
 *(.bss*)
 .bss.SpiHandle
                0x20000100       0x58 ..\library.a(stm32f429i_discovery.o)
 .bss.Is_LCD_IO_Initialized
                0x20000158        0x1 ..\library.a(stm32f429i_discovery.o)
 *fill*         0x20000159        0x3 
 .bss.ActiveLayer
                0x2000015c        0x4 ..\library.a(stm32f429i_discovery_lcd.o)
 .bss.DrawProp  0x20000160       0x18 ..\library.a(stm32f429i_discovery_lcd.o)
 .bss.Dma2dHandler
                0x20000178       0x40 ..\library.a(stm32f429i_discovery_lcd.o)
 .bss.PeriphClkInitStruct
                0x200001b8       0x30 ..\library.a(stm32f429i_discovery_lcd.o)
 .bss.LtdcHandler
                0x200001e8       0xa8 ..\library.a(stm32f429i_discovery_lcd.o)
 .bss.dmaHandle.10808
                0x20000290       0x50 ..\library.a(stm32f429i_discovery_sdram.o)
 .bss.Command   0x200002e0       0x10 ..\library.a(stm32f429i_discovery_sdram.o)
 .bss.Timing    0x200002f0       0x1c ..\library.a(stm32f429i_discovery_sdram.o)
 .bss.SdramHandle
                0x2000030c       0x34 ..\library.a(stm32f429i_discovery_sdram.o)
 .bss.uwTick    0x20000340        0x4 ..\library.a(stm32f4xx_hal.o)
 .bss.__malloc_sbrk_start
                0x20000344        0x4 c:/program files (x86)/embitz/1.00/share/em_armgcc/bin/../lib/gcc/arm-none-eabi/5.4.1/../../../../arm-none-eabi/lib/armv7e-m/fpu\libg_n.a(lib_a-nano-mallocr.o)
                0x20000344                __malloc_sbrk_start
 .bss.__malloc_free_list
                0x20000348        0x4 c:/program files (x86)/embitz/1.00/share/em_armgcc/bin/../lib/gcc/arm-none-eabi/5.4.1/../../../../arm-none-eabi/lib/armv7e-m/fpu\libg_n.a(lib_a-nano-mallocr.o)
                0x20000348                __malloc_free_list
 .bss.heap_end.4169
                0x2000034c        0x4 c:/program files (x86)/embitz/1.00/share/em_armgcc/bin/../lib/gcc/arm-none-eabi/5.4.1/../../../../arm-none-eabi/lib/armv7e-m/fpu\libnosys_s.a(sbrk.o)
 *(COMMON)
 COMMON         0x20000350     0x3c6a ..\library.a(lcd_log.o)
                0x20000350                LCD_CacheBuffer_yptr_bottom_bak
                0x20000352                LCD_CacheBuffer_yptr_top_bak
                0x20000354                LCD_CacheBuffer_yptr_bottom
                0x20000356                LCD_CacheBuffer_xptr
                0x20000358                LCD_CacheBuffer_yptr_invert
                0x20000359                LCD_Lock
                0x2000035a                LCD_Scrolled
                0x2000035c                LCD_CacheBuffer_yptr_top
                0x2000035e                LCD_ScrollActive
                0x20000360                LCD_CacheBuffer
                0x20003fb4                LCD_LineColor
                0x20003fb8                LCD_ScrollBackStep
 *fill*         0x20003fba        0x2 
 COMMON         0x20003fbc        0x4 ..\library.a(stm32f429i_discovery_lcd.o)
                0x20003fbc                LcdDrv
 COMMON         0x20003fc0        0x4 c:/program files (x86)/embitz/1.00/share/em_armgcc/bin/../lib/gcc/arm-none-eabi/5.4.1/../../../../arm-none-eabi/lib/armv7e-m/fpu\libg_n.a(lib_a-reent.o)
                0x20003fc0                errno
                0x20003fc4                __bss_end__ = .

.heap           0x20003fc8      0xc00
                0x20003fc8                __end__ = .
                0x20003fc8                end = __end__
 *(.heap*)
 .heap          0x20003fc8      0xc00 ..\library.a(startup_stm32f429xx.o)
                0x20003fc8                __HeapBase
                0x20004bc8                __HeapLimit = .

.stack_dummy    0x20003fc8      0x400
 *(.stack)
 .stack         0x20003fc8      0x400 ..\library.a(startup_stm32f429xx.o)
                0x20030000                __StackTop = (ORIGIN (RAM) + LENGTH (RAM))
                0x2002fc00                __StackLimit = (__StackTop - SIZEOF (.stack_dummy))
                [!provide]                PROVIDE (__stack, __StackTop)
                0x00000001                ASSERT ((__StackLimit >= __HeapLimit), region RAM overflowed with stack)
LOAD obj\debug\testbitfields.o
LOAD obj\debug\lab_6.o
LOAD ..\library.a
START GROUP
LOAD c:/program files (x86)/embitz/1.00/share/em_armgcc/bin/../lib/gcc/arm-none-eabi/5.4.1/armv7e-m/fpu\libgcc.a
LOAD c:/program files (x86)/embitz/1.00/share/em_armgcc/bin/../lib/gcc/arm-none-eabi/5.4.1/../../../../arm-none-eabi/lib/armv7e-m/fpu\libg_n.a
LOAD c:/program files (x86)/embitz/1.00/share/em_armgcc/bin/../lib/gcc/arm-none-eabi/5.4.1/../../../../arm-none-eabi/lib/armv7e-m/fpu\libc_n.a
END GROUP
START GROUP
LOAD c:/program files (x86)/embitz/1.00/share/em_armgcc/bin/../lib/gcc/arm-none-eabi/5.4.1/armv7e-m/fpu\libgcc.a
LOAD c:/program files (x86)/embitz/1.00/share/em_armgcc/bin/../lib/gcc/arm-none-eabi/5.4.1/../../../../arm-none-eabi/lib/armv7e-m/fpu\libc_n.a
LOAD c:/program files (x86)/embitz/1.00/share/em_armgcc/bin/../lib/gcc/arm-none-eabi/5.4.1/../../../../arm-none-eabi/lib/armv7e-m/fpu\libnosys_s.a
END GROUP
OUTPUT(Lab_6.elf elf32-littlearm)

.debug_info     0x00000000      0x7c7
 .debug_info    0x00000000      0x75b obj\debug\testbitfields.o
 .debug_info    0x0000075b       0x6c obj\debug\lab_6.o

.debug_abbrev   0x00000000      0x15d
 .debug_abbrev  0x00000000      0x149 obj\debug\testbitfields.o
 .debug_abbrev  0x00000149       0x14 obj\debug\lab_6.o

.debug_loc      0x00000000      0x1cc
 .debug_loc     0x00000000      0x1cc obj\debug\testbitfields.o

.debug_aranges  0x00000000       0x40
 .debug_aranges
                0x00000000       0x20 obj\debug\testbitfields.o
 .debug_aranges
                0x00000020       0x20 obj\debug\lab_6.o

.debug_ranges   0x00000000       0x30
 .debug_ranges  0x00000000       0x30 obj\debug\testbitfields.o

.debug_macro    0x00000000     0x1ac1
 .debug_macro   0x00000000      0x1ba obj\debug\testbitfields.o
 .debug_macro   0x000001ba      0x8b0 obj\debug\testbitfields.o
 .debug_macro   0x00000a6a       0x22 obj\debug\testbitfields.o
 .debug_macro   0x00000a8c       0x4c obj\debug\testbitfields.o
 .debug_macro   0x00000ad8       0x8d obj\debug\testbitfields.o
 .debug_macro   0x00000b65       0x35 obj\debug\testbitfields.o
 .debug_macro   0x00000b9a       0x9c obj\debug\testbitfields.o
 .debug_macro   0x00000c36       0x16 obj\debug\testbitfields.o
 .debug_macro   0x00000c4c       0x4a obj\debug\testbitfields.o
 .debug_macro   0x00000c96       0x97 obj\debug\testbitfields.o
 .debug_macro   0x00000d2d      0x30d obj\debug\testbitfields.o
 .debug_macro   0x0000103a       0xfd obj\debug\testbitfields.o
 .debug_macro   0x00001137       0x10 obj\debug\testbitfields.o
 .debug_macro   0x00001147       0x52 obj\debug\testbitfields.o
 .debug_macro   0x00001199       0x1f obj\debug\testbitfields.o
 .debug_macro   0x000011b8       0x43 obj\debug\testbitfields.o
 .debug_macro   0x000011fb       0x20 obj\debug\testbitfields.o
 .debug_macro   0x0000121b      0x187 obj\debug\testbitfields.o
 .debug_macro   0x000013a2       0x10 obj\debug\testbitfields.o
 .debug_macro   0x000013b2       0x5e obj\debug\testbitfields.o
 .debug_macro   0x00001410       0x1c obj\debug\testbitfields.o
 .debug_macro   0x0000142c       0x52 obj\debug\testbitfields.o
 .debug_macro   0x0000147e       0x40 obj\debug\testbitfields.o
 .debug_macro   0x000014be       0x10 obj\debug\testbitfields.o
 .debug_macro   0x000014ce       0x40 obj\debug\testbitfields.o
 .debug_macro   0x0000150e       0xd7 obj\debug\testbitfields.o
 .debug_macro   0x000015e5       0x16 obj\debug\testbitfields.o
 .debug_macro   0x000015fb      0x189 obj\debug\testbitfields.o
 .debug_macro   0x00001784       0xfd obj\debug\testbitfields.o
 .debug_macro   0x00001881      0x1df obj\debug\testbitfields.o
 .debug_macro   0x00001a60       0x16 obj\debug\testbitfields.o
 .debug_macro   0x00001a76       0x35 obj\debug\testbitfields.o
 .debug_macro   0x00001aab       0x16 obj\debug\testbitfields.o

.debug_line     0x00000000      0x3b7
 .debug_line    0x00000000      0x36f obj\debug\testbitfields.o
 .debug_line    0x0000036f       0x48 obj\debug\lab_6.o

.debug_str      0x00000000     0x6ec3
 .debug_str     0x00000000     0x6ec3 obj\debug\testbitfields.o
                               0x70c7 (size before relaxing)

.comment        0x00000000       0xb4
 .comment       0x00000000       0x6e obj\debug\testbitfields.o
                                 0x6f (size before relaxing)
 .comment       0x0000006e       0x46 ..\library.a(initialize.o)
                                 0x47 (size before relaxing)
 .comment       0x000000b4       0x47 ..\library.a(stm32f4xx_it.o)
 .comment       0x000000b4       0x47 ..\library.a(lcd_log.o)
 .comment       0x000000b4       0x47 ..\library.a(stm32f429i_discovery.o)
 .comment       0x000000b4       0x47 ..\library.a(stm32f429i_discovery_lcd.o)
 .comment       0x000000b4       0x47 ..\library.a(stm32f429i_discovery_sdram.o)
 .comment       0x000000b4       0x47 ..\library.a(system_stm32f4xx.o)
 .comment       0x000000b4       0x47 ..\library.a(stm32f4xx_hal.o)
 .comment       0x000000b4       0x47 ..\library.a(stm32f4xx_hal_cortex.o)
 .comment       0x000000b4       0x47 ..\library.a(stm32f4xx_hal_dma.o)
 .comment       0x000000b4       0x47 ..\library.a(stm32f4xx_hal_dma2d.o)
 .comment       0x000000b4       0x47 ..\library.a(stm32f4xx_hal_gpio.o)
 .comment       0x000000b4       0x47 ..\library.a(stm32f4xx_hal_ltdc.o)
 .comment       0x000000b4       0x47 ..\library.a(stm32f4xx_hal_pwr_ex.o)
 .comment       0x000000b4       0x47 ..\library.a(stm32f4xx_hal_rcc.o)
 .comment       0x000000b4       0x47 ..\library.a(stm32f4xx_hal_rcc_ex.o)
 .comment       0x000000b4       0x47 ..\library.a(stm32f4xx_hal_sdram.o)
 .comment       0x000000b4       0x47 ..\library.a(stm32f4xx_hal_spi.o)
 .comment       0x000000b4       0x47 ..\library.a(stm32f4xx_ll_fmc.o)
 .comment       0x000000b4       0x47 ..\library.a(ili9341.o)

.ARM.attributes
                0x00000000       0x35
 .ARM.attributes
                0x00000000       0x39 obj\debug\testbitfields.o
 .ARM.attributes
                0x00000039       0x25 obj\debug\lab_6.o
 .ARM.attributes
                0x0000005e       0x39 ..\library.a(initialize.o)
 .ARM.attributes
                0x00000097       0x1f ..\library.a(startup_stm32f429xx.o)
 .ARM.attributes
                0x000000b6       0x39 ..\library.a(stm32f4xx_it.o)
 .ARM.attributes
                0x000000ef       0x39 ..\library.a(lcd_log.o)
 .ARM.attributes
                0x00000128       0x39 ..\library.a(stm32f429i_discovery.o)
 .ARM.attributes
                0x00000161       0x39 ..\library.a(stm32f429i_discovery_lcd.o)
 .ARM.attributes
                0x0000019a       0x39 ..\library.a(stm32f429i_discovery_sdram.o)
 .ARM.attributes
                0x000001d3       0x39 ..\library.a(system_stm32f4xx.o)
 .ARM.attributes
                0x0000020c       0x39 ..\library.a(stm32f4xx_hal.o)
 .ARM.attributes
                0x00000245       0x39 ..\library.a(stm32f4xx_hal_cortex.o)
 .ARM.attributes
                0x0000027e       0x39 ..\library.a(stm32f4xx_hal_dma.o)
 .ARM.attributes
                0x000002b7       0x39 ..\library.a(stm32f4xx_hal_dma2d.o)
 .ARM.attributes
                0x000002f0       0x39 ..\library.a(stm32f4xx_hal_gpio.o)
 .ARM.attributes
                0x00000329       0x39 ..\library.a(stm32f4xx_hal_ltdc.o)
 .ARM.attributes
                0x00000362       0x39 ..\library.a(stm32f4xx_hal_pwr_ex.o)
 .ARM.attributes
                0x0000039b       0x39 ..\library.a(stm32f4xx_hal_rcc.o)
 .ARM.attributes
                0x000003d4       0x39 ..\library.a(stm32f4xx_hal_rcc_ex.o)
 .ARM.attributes
                0x0000040d       0x39 ..\library.a(stm32f4xx_hal_sdram.o)
 .ARM.attributes
                0x00000446       0x39 ..\library.a(stm32f4xx_hal_spi.o)
 .ARM.attributes
                0x0000047f       0x39 ..\library.a(stm32f4xx_ll_fmc.o)
 .ARM.attributes
                0x000004b8       0x39 ..\library.a(ili9341.o)
 .ARM.attributes
                0x000004f1       0x34 c:/program files (x86)/embitz/1.00/share/em_armgcc/bin/../lib/gcc/arm-none-eabi/5.4.1/../../../../arm-none-eabi/lib/armv7e-m/fpu\libg_n.a(lib_a-nano-vfprintf_float.o)
 .ARM.attributes
                0x00000525       0x34 c:/program files (x86)/embitz/1.00/share/em_armgcc/bin/../lib/gcc/arm-none-eabi/5.4.1/../../../../arm-none-eabi/lib/armv7e-m/fpu\libg_n.a(lib_a-nano-vfprintf_i.o)
 .ARM.attributes
                0x00000559       0x34 c:/program files (x86)/embitz/1.00/share/em_armgcc/bin/../lib/gcc/arm-none-eabi/5.4.1/../../../../arm-none-eabi/lib/armv7e-m/fpu\libg_n.a(lib_a-printf.o)
 .ARM.attributes
                0x0000058d       0x34 c:/program files (x86)/embitz/1.00/share/em_armgcc/bin/../lib/gcc/arm-none-eabi/5.4.1/../../../../arm-none-eabi/lib/armv7e-m/fpu\libg_n.a(lib_a-putchar.o)
 .ARM.attributes
                0x000005c1       0x34 c:/program files (x86)/embitz/1.00/share/em_armgcc/bin/../lib/gcc/arm-none-eabi/5.4.1/../../../../arm-none-eabi/lib/armv7e-m/fpu\libg_n.a(lib_a-puts.o)
 .ARM.attributes
                0x000005f5       0x34 c:/program files (x86)/embitz/1.00/share/em_armgcc/bin/../lib/gcc/arm-none-eabi/5.4.1/../../../../arm-none-eabi/lib/armv7e-m/fpu\libg_n.a(lib_a-sprintf.o)
 .ARM.attributes
                0x00000629       0x34 c:/program files (x86)/embitz/1.00/share/em_armgcc/bin/../lib/gcc/arm-none-eabi/5.4.1/../../../../arm-none-eabi/lib/armv7e-m/fpu\libg_n.a(lib_a-sscanf.o)
 .ARM.attributes
                0x0000065d       0x34 c:/program files (x86)/embitz/1.00/share/em_armgcc/bin/../lib/gcc/arm-none-eabi/5.4.1/../../../../arm-none-eabi/lib/armv7e-m/fpu\libg_n.a(lib_a-stdio.o)
 .ARM.attributes
                0x00000691       0x34 c:/program files (x86)/embitz/1.00/share/em_armgcc/bin/../lib/gcc/arm-none-eabi/5.4.1/../../../../arm-none-eabi/lib/armv7e-m/fpu\libg_n.a(lib_a-strchr.o)
 .ARM.attributes
                0x000006c5       0x20 c:/program files (x86)/embitz/1.00/share/em_armgcc/bin/../lib/gcc/arm-none-eabi/5.4.1/../../../../arm-none-eabi/lib/armv7e-m/fpu\libg_n.a(lib_a-strcmp.o)
 .ARM.attributes
                0x000006e5       0x34 c:/program files (x86)/embitz/1.00/share/em_armgcc/bin/../lib/gcc/arm-none-eabi/5.4.1/../../../../arm-none-eabi/lib/armv7e-m/fpu\libg_n.a(lib_a-strcpy.o)
 .ARM.attributes
                0x00000719       0x1b c:/program files (x86)/embitz/1.00/share/em_armgcc/bin/../lib/gcc/arm-none-eabi/5.4.1/../../../../arm-none-eabi/lib/armv7e-m/fpu\libg_n.a(lib_a-strlen.o)
 .ARM.attributes
                0x00000734       0x34 c:/program files (x86)/embitz/1.00/share/em_armgcc/bin/../lib/gcc/arm-none-eabi/5.4.1/../../../../arm-none-eabi/lib/armv7e-m/fpu\libg_n.a(lib_a-wbuf.o)
 .ARM.attributes
                0x00000768       0x34 c:/program files (x86)/embitz/1.00/share/em_armgcc/bin/../lib/gcc/arm-none-eabi/5.4.1/../../../../arm-none-eabi/lib/armv7e-m/fpu\libg_n.a(lib_a-writer.o)
 .ARM.attributes
                0x0000079c       0x34 c:/program files (x86)/embitz/1.00/share/em_armgcc/bin/../lib/gcc/arm-none-eabi/5.4.1/../../../../arm-none-eabi/lib/armv7e-m/fpu\libg_n.a(lib_a-wsetup.o)
 .ARM.attributes
                0x000007d0       0x34 c:/program files (x86)/embitz/1.00/share/em_armgcc/bin/../lib/gcc/arm-none-eabi/5.4.1/../../../../arm-none-eabi/lib/armv7e-m/fpu\libg_n.a(lib_a-closer.o)
 .ARM.attributes
                0x00000804       0x34 c:/program files (x86)/embitz/1.00/share/em_armgcc/bin/../lib/gcc/arm-none-eabi/5.4.1/../../../../arm-none-eabi/lib/armv7e-m/fpu\libg_n.a(lib_a-dtoa.o)
 .ARM.attributes
                0x00000838       0x34 c:/program files (x86)/embitz/1.00/share/em_armgcc/bin/../lib/gcc/arm-none-eabi/5.4.1/../../../../arm-none-eabi/lib/armv7e-m/fpu\libg_n.a(lib_a-fflush.o)
 .ARM.attributes
                0x0000086c       0x34 c:/program files (x86)/embitz/1.00/share/em_armgcc/bin/../lib/gcc/arm-none-eabi/5.4.1/../../../../arm-none-eabi/lib/armv7e-m/fpu\libg_n.a(lib_a-findfp.o)
 .ARM.attributes
                0x000008a0       0x34 c:/program files (x86)/embitz/1.00/share/em_armgcc/bin/../lib/gcc/arm-none-eabi/5.4.1/../../../../arm-none-eabi/lib/armv7e-m/fpu\libg_n.a(lib_a-fwalk.o)
 .ARM.attributes
                0x000008d4       0x34 c:/program files (x86)/embitz/1.00/share/em_armgcc/bin/../lib/gcc/arm-none-eabi/5.4.1/../../../../arm-none-eabi/lib/armv7e-m/fpu\libg_n.a(lib_a-impure.o)
 .ARM.attributes
                0x00000908       0x34 c:/program files (x86)/embitz/1.00/share/em_armgcc/bin/../lib/gcc/arm-none-eabi/5.4.1/../../../../arm-none-eabi/lib/armv7e-m/fpu\libg_n.a(lib_a-locale.o)
 .ARM.attributes
                0x0000093c       0x34 c:/program files (x86)/embitz/1.00/share/em_armgcc/bin/../lib/gcc/arm-none-eabi/5.4.1/../../../../arm-none-eabi/lib/armv7e-m/fpu\libg_n.a(lib_a-lseekr.o)
 .ARM.attributes
                0x00000970       0x34 c:/program files (x86)/embitz/1.00/share/em_armgcc/bin/../lib/gcc/arm-none-eabi/5.4.1/../../../../arm-none-eabi/lib/armv7e-m/fpu\libg_n.a(lib_a-makebuf.o)
 .ARM.attributes
                0x000009a4       0x34 c:/program files (x86)/embitz/1.00/share/em_armgcc/bin/../lib/gcc/arm-none-eabi/5.4.1/../../../../arm-none-eabi/lib/armv7e-m/fpu\libg_n.a(lib_a-malloc.o)
 .ARM.attributes
                0x000009d8       0x20 c:/program files (x86)/embitz/1.00/share/em_armgcc/bin/../lib/gcc/arm-none-eabi/5.4.1/../../../../arm-none-eabi/lib/armv7e-m/fpu\libg_n.a(lib_a-memchr.o)
 .ARM.attributes
                0x000009f8       0x34 c:/program files (x86)/embitz/1.00/share/em_armgcc/bin/../lib/gcc/arm-none-eabi/5.4.1/../../../../arm-none-eabi/lib/armv7e-m/fpu\libg_n.a(lib_a-memcpy-stub.o)
 .ARM.attributes
                0x00000a2c       0x34 c:/program files (x86)/embitz/1.00/share/em_armgcc/bin/../lib/gcc/arm-none-eabi/5.4.1/../../../../arm-none-eabi/lib/armv7e-m/fpu\libg_n.a(lib_a-memset.o)
 .ARM.attributes
                0x00000a60       0x34 c:/program files (x86)/embitz/1.00/share/em_armgcc/bin/../lib/gcc/arm-none-eabi/5.4.1/../../../../arm-none-eabi/lib/armv7e-m/fpu\libg_n.a(lib_a-mprec.o)
 .ARM.attributes
                0x00000a94       0x34 c:/program files (x86)/embitz/1.00/share/em_armgcc/bin/../lib/gcc/arm-none-eabi/5.4.1/../../../../arm-none-eabi/lib/armv7e-m/fpu\libg_n.a(lib_a-nano-callocr.o)
 .ARM.attributes
                0x00000ac8       0x34 c:/program files (x86)/embitz/1.00/share/em_armgcc/bin/../lib/gcc/arm-none-eabi/5.4.1/../../../../arm-none-eabi/lib/armv7e-m/fpu\libg_n.a(lib_a-nano-freer.o)
 .ARM.attributes
                0x00000afc       0x34 c:/program files (x86)/embitz/1.00/share/em_armgcc/bin/../lib/gcc/arm-none-eabi/5.4.1/../../../../arm-none-eabi/lib/armv7e-m/fpu\libg_n.a(lib_a-nano-mallocr.o)
 .ARM.attributes
                0x00000b30       0x34 c:/program files (x86)/embitz/1.00/share/em_armgcc/bin/../lib/gcc/arm-none-eabi/5.4.1/../../../../arm-none-eabi/lib/armv7e-m/fpu\libg_n.a(lib_a-nano-svfprintf.o)
 .ARM.attributes
                0x00000b64       0x34 c:/program files (x86)/embitz/1.00/share/em_armgcc/bin/../lib/gcc/arm-none-eabi/5.4.1/../../../../arm-none-eabi/lib/armv7e-m/fpu\libg_n.a(lib_a-nano-svfscanf.o)
 .ARM.attributes
                0x00000b98       0x34 c:/program files (x86)/embitz/1.00/share/em_armgcc/bin/../lib/gcc/arm-none-eabi/5.4.1/../../../../arm-none-eabi/lib/armv7e-m/fpu\libg_n.a(lib_a-nano-vfprintf.o)
 .ARM.attributes
                0x00000bcc       0x34 c:/program files (x86)/embitz/1.00/share/em_armgcc/bin/../lib/gcc/arm-none-eabi/5.4.1/../../../../arm-none-eabi/lib/armv7e-m/fpu\libg_n.a(lib_a-nano-vfscanf_i.o)
 .ARM.attributes
                0x00000c00       0x34 c:/program files (x86)/embitz/1.00/share/em_armgcc/bin/../lib/gcc/arm-none-eabi/5.4.1/../../../../arm-none-eabi/lib/armv7e-m/fpu\libg_n.a(lib_a-putc.o)
 .ARM.attributes
                0x00000c34       0x34 c:/program files (x86)/embitz/1.00/share/em_armgcc/bin/../lib/gcc/arm-none-eabi/5.4.1/../../../../arm-none-eabi/lib/armv7e-m/fpu\libg_n.a(lib_a-readr.o)
 .ARM.attributes
                0x00000c68       0x34 c:/program files (x86)/embitz/1.00/share/em_armgcc/bin/../lib/gcc/arm-none-eabi/5.4.1/../../../../arm-none-eabi/lib/armv7e-m/fpu\libg_n.a(lib_a-reent.o)
 .ARM.attributes
                0x00000c9c       0x34 c:/program files (x86)/embitz/1.00/share/em_armgcc/bin/../lib/gcc/arm-none-eabi/5.4.1/../../../../arm-none-eabi/lib/armv7e-m/fpu\libg_n.a(lib_a-sbrkr.o)
 .ARM.attributes
                0x00000cd0       0x34 c:/program files (x86)/embitz/1.00/share/em_armgcc/bin/../lib/gcc/arm-none-eabi/5.4.1/../../../../arm-none-eabi/lib/armv7e-m/fpu\libg_n.a(lib_a-sccl.o)
 .ARM.attributes
                0x00000d04       0x34 c:/program files (x86)/embitz/1.00/share/em_armgcc/bin/../lib/gcc/arm-none-eabi/5.4.1/../../../../arm-none-eabi/lib/armv7e-m/fpu\libg_n.a(lib_a-strtol.o)
 .ARM.attributes
                0x00000d38       0x34 c:/program files (x86)/embitz/1.00/share/em_armgcc/bin/../lib/gcc/arm-none-eabi/5.4.1/../../../../arm-none-eabi/lib/armv7e-m/fpu\libg_n.a(lib_a-strtoul.o)
 .ARM.attributes
                0x00000d6c       0x34 c:/program files (x86)/embitz/1.00/share/em_armgcc/bin/../lib/gcc/arm-none-eabi/5.4.1/../../../../arm-none-eabi/lib/armv7e-m/fpu\libg_n.a(lib_a-ungetc.o)
 .ARM.attributes
                0x00000da0       0x34 c:/program files (x86)/embitz/1.00/share/em_armgcc/bin/../lib/gcc/arm-none-eabi/5.4.1/../../../../arm-none-eabi/lib/armv7e-m/fpu\libg_n.a(lib_a-ctype_.o)
 .ARM.attributes
                0x00000dd4       0x34 c:/program files (x86)/embitz/1.00/share/em_armgcc/bin/../lib/gcc/arm-none-eabi/5.4.1/../../../../arm-none-eabi/lib/armv7e-m/fpu\libg_n.a(lib_a-fstatr.o)
 .ARM.attributes
                0x00000e08       0x34 c:/program files (x86)/embitz/1.00/share/em_armgcc/bin/../lib/gcc/arm-none-eabi/5.4.1/../../../../arm-none-eabi/lib/armv7e-m/fpu\libg_n.a(lib_a-isattyr.o)
 .ARM.attributes
                0x00000e3c       0x34 c:/program files (x86)/embitz/1.00/share/em_armgcc/bin/../lib/gcc/arm-none-eabi/5.4.1/../../../../arm-none-eabi/lib/armv7e-m/fpu\libg_n.a(lib_a-memmove.o)
 .ARM.attributes
                0x00000e70       0x34 c:/program files (x86)/embitz/1.00/share/em_armgcc/bin/../lib/gcc/arm-none-eabi/5.4.1/../../../../arm-none-eabi/lib/armv7e-m/fpu\libg_n.a(lib_a-mlock.o)
 .ARM.attributes
                0x00000ea4       0x34 c:/program files (x86)/embitz/1.00/share/em_armgcc/bin/../lib/gcc/arm-none-eabi/5.4.1/../../../../arm-none-eabi/lib/armv7e-m/fpu\libg_n.a(lib_a-nano-reallocr.o)
 .ARM.attributes
                0x00000ed8       0x34 c:/program files (x86)/embitz/1.00/share/em_armgcc/bin/../lib/gcc/arm-none-eabi/5.4.1/../../../../arm-none-eabi/lib/armv7e-m/fpu\libg_n.a(lib_a-nano-msizer.o)
 .ARM.attributes
                0x00000f0c       0x22 c:/program files (x86)/embitz/1.00/share/em_armgcc/bin/../lib/gcc/arm-none-eabi/5.4.1/armv7e-m/fpu\libgcc.a(_arm_addsubdf3.o)
 .ARM.attributes
                0x00000f2e       0x22 c:/program files (x86)/embitz/1.00/share/em_armgcc/bin/../lib/gcc/arm-none-eabi/5.4.1/armv7e-m/fpu\libgcc.a(_arm_muldivdf3.o)
 .ARM.attributes
                0x00000f50       0x22 c:/program files (x86)/embitz/1.00/share/em_armgcc/bin/../lib/gcc/arm-none-eabi/5.4.1/armv7e-m/fpu\libgcc.a(_arm_cmpdf2.o)
 .ARM.attributes
                0x00000f72       0x22 c:/program files (x86)/embitz/1.00/share/em_armgcc/bin/../lib/gcc/arm-none-eabi/5.4.1/armv7e-m/fpu\libgcc.a(_arm_unorddf2.o)
 .ARM.attributes
                0x00000f94       0x22 c:/program files (x86)/embitz/1.00/share/em_armgcc/bin/../lib/gcc/arm-none-eabi/5.4.1/armv7e-m/fpu\libgcc.a(_arm_fixdfsi.o)
 .ARM.attributes
                0x00000fb6       0x34 c:/program files (x86)/embitz/1.00/share/em_armgcc/bin/../lib/gcc/arm-none-eabi/5.4.1/../../../../arm-none-eabi/lib/armv7e-m/fpu\libnosys_s.a(close.o)
 .ARM.attributes
                0x00000fea       0x34 c:/program files (x86)/embitz/1.00/share/em_armgcc/bin/../lib/gcc/arm-none-eabi/5.4.1/../../../../arm-none-eabi/lib/armv7e-m/fpu\libnosys_s.a(fstat.o)
 .ARM.attributes
                0x0000101e       0x34 c:/program files (x86)/embitz/1.00/share/em_armgcc/bin/../lib/gcc/arm-none-eabi/5.4.1/../../../../arm-none-eabi/lib/armv7e-m/fpu\libnosys_s.a(isatty.o)
 .ARM.attributes
                0x00001052       0x34 c:/program files (x86)/embitz/1.00/share/em_armgcc/bin/../lib/gcc/arm-none-eabi/5.4.1/../../../../arm-none-eabi/lib/armv7e-m/fpu\libnosys_s.a(lseek.o)
 .ARM.attributes
                0x00001086       0x34 c:/program files (x86)/embitz/1.00/share/em_armgcc/bin/../lib/gcc/arm-none-eabi/5.4.1/../../../../arm-none-eabi/lib/armv7e-m/fpu\libnosys_s.a(read.o)
 .ARM.attributes
                0x000010ba       0x34 c:/program files (x86)/embitz/1.00/share/em_armgcc/bin/../lib/gcc/arm-none-eabi/5.4.1/../../../../arm-none-eabi/lib/armv7e-m/fpu\libnosys_s.a(sbrk.o)

.debug_frame    0x00000000     0x1148
 .debug_frame   0x00000000       0x34 obj\debug\testbitfields.o
 .debug_frame   0x00000034       0x88 c:/program files (x86)/embitz/1.00/share/em_armgcc/bin/../lib/gcc/arm-none-eabi/5.4.1/../../../../arm-none-eabi/lib/armv7e-m/fpu\libg_n.a(lib_a-nano-vfprintf_float.o)
 .debug_frame   0x000000bc       0x60 c:/program files (x86)/embitz/1.00/share/em_armgcc/bin/../lib/gcc/arm-none-eabi/5.4.1/../../../../arm-none-eabi/lib/armv7e-m/fpu\libg_n.a(lib_a-nano-vfprintf_i.o)
 .debug_frame   0x0000011c       0x74 c:/program files (x86)/embitz/1.00/share/em_armgcc/bin/../lib/gcc/arm-none-eabi/5.4.1/../../../../arm-none-eabi/lib/armv7e-m/fpu\libg_n.a(lib_a-printf.o)
 .debug_frame   0x00000190       0x58 c:/program files (x86)/embitz/1.00/share/em_armgcc/bin/../lib/gcc/arm-none-eabi/5.4.1/../../../../arm-none-eabi/lib/armv7e-m/fpu\libg_n.a(lib_a-putchar.o)
 .debug_frame   0x000001e8       0x3c c:/program files (x86)/embitz/1.00/share/em_armgcc/bin/../lib/gcc/arm-none-eabi/5.4.1/../../../../arm-none-eabi/lib/armv7e-m/fpu\libg_n.a(lib_a-puts.o)
 .debug_frame   0x00000224       0x70 c:/program files (x86)/embitz/1.00/share/em_armgcc/bin/../lib/gcc/arm-none-eabi/5.4.1/../../../../arm-none-eabi/lib/armv7e-m/fpu\libg_n.a(lib_a-sprintf.o)
 .debug_frame   0x00000294       0x80 c:/program files (x86)/embitz/1.00/share/em_armgcc/bin/../lib/gcc/arm-none-eabi/5.4.1/../../../../arm-none-eabi/lib/armv7e-m/fpu\libg_n.a(lib_a-sscanf.o)
 .debug_frame   0x00000314       0x88 c:/program files (x86)/embitz/1.00/share/em_armgcc/bin/../lib/gcc/arm-none-eabi/5.4.1/../../../../arm-none-eabi/lib/armv7e-m/fpu\libg_n.a(lib_a-stdio.o)
 .debug_frame   0x0000039c       0x20 c:/program files (x86)/embitz/1.00/share/em_armgcc/bin/../lib/gcc/arm-none-eabi/5.4.1/../../../../arm-none-eabi/lib/armv7e-m/fpu\libg_n.a(lib_a-strchr.o)
 .debug_frame   0x000003bc       0x20 c:/program files (x86)/embitz/1.00/share/em_armgcc/bin/../lib/gcc/arm-none-eabi/5.4.1/../../../../arm-none-eabi/lib/armv7e-m/fpu\libg_n.a(lib_a-strcmp.o)
 .debug_frame   0x000003dc       0x20 c:/program files (x86)/embitz/1.00/share/em_armgcc/bin/../lib/gcc/arm-none-eabi/5.4.1/../../../../arm-none-eabi/lib/armv7e-m/fpu\libg_n.a(lib_a-strcpy.o)
 .debug_frame   0x000003fc       0x40 c:/program files (x86)/embitz/1.00/share/em_armgcc/bin/../lib/gcc/arm-none-eabi/5.4.1/../../../../arm-none-eabi/lib/armv7e-m/fpu\libg_n.a(lib_a-wbuf.o)
 .debug_frame   0x0000043c       0x2c c:/program files (x86)/embitz/1.00/share/em_armgcc/bin/../lib/gcc/arm-none-eabi/5.4.1/../../../../arm-none-eabi/lib/armv7e-m/fpu\libg_n.a(lib_a-writer.o)
 .debug_frame   0x00000468       0x2c c:/program files (x86)/embitz/1.00/share/em_armgcc/bin/../lib/gcc/arm-none-eabi/5.4.1/../../../../arm-none-eabi/lib/armv7e-m/fpu\libg_n.a(lib_a-wsetup.o)
 .debug_frame   0x00000494       0x2c c:/program files (x86)/embitz/1.00/share/em_armgcc/bin/../lib/gcc/arm-none-eabi/5.4.1/../../../../arm-none-eabi/lib/armv7e-m/fpu\libg_n.a(lib_a-closer.o)
 .debug_frame   0x000004c0       0x6c c:/program files (x86)/embitz/1.00/share/em_armgcc/bin/../lib/gcc/arm-none-eabi/5.4.1/../../../../arm-none-eabi/lib/armv7e-m/fpu\libg_n.a(lib_a-dtoa.o)
 .debug_frame   0x0000052c       0x68 c:/program files (x86)/embitz/1.00/share/em_armgcc/bin/../lib/gcc/arm-none-eabi/5.4.1/../../../../arm-none-eabi/lib/armv7e-m/fpu\libg_n.a(lib_a-fflush.o)
 .debug_frame   0x00000594      0x11c c:/program files (x86)/embitz/1.00/share/em_armgcc/bin/../lib/gcc/arm-none-eabi/5.4.1/../../../../arm-none-eabi/lib/armv7e-m/fpu\libg_n.a(lib_a-findfp.o)
 .debug_frame   0x000006b0       0x54 c:/program files (x86)/embitz/1.00/share/em_armgcc/bin/../lib/gcc/arm-none-eabi/5.4.1/../../../../arm-none-eabi/lib/armv7e-m/fpu\libg_n.a(lib_a-fwalk.o)
 .debug_frame   0x00000704       0x98 c:/program files (x86)/embitz/1.00/share/em_armgcc/bin/../lib/gcc/arm-none-eabi/5.4.1/../../../../arm-none-eabi/lib/armv7e-m/fpu\libg_n.a(lib_a-locale.o)
 .debug_frame   0x0000079c       0x2c c:/program files (x86)/embitz/1.00/share/em_armgcc/bin/../lib/gcc/arm-none-eabi/5.4.1/../../../../arm-none-eabi/lib/armv7e-m/fpu\libg_n.a(lib_a-lseekr.o)
 .debug_frame   0x000007c8       0x54 c:/program files (x86)/embitz/1.00/share/em_armgcc/bin/../lib/gcc/arm-none-eabi/5.4.1/../../../../arm-none-eabi/lib/armv7e-m/fpu\libg_n.a(lib_a-makebuf.o)
 .debug_frame   0x0000081c       0x30 c:/program files (x86)/embitz/1.00/share/em_armgcc/bin/../lib/gcc/arm-none-eabi/5.4.1/../../../../arm-none-eabi/lib/armv7e-m/fpu\libg_n.a(lib_a-malloc.o)
 .debug_frame   0x0000084c       0x28 c:/program files (x86)/embitz/1.00/share/em_armgcc/bin/../lib/gcc/arm-none-eabi/5.4.1/../../../../arm-none-eabi/lib/armv7e-m/fpu\libg_n.a(lib_a-memcpy-stub.o)
 .debug_frame   0x00000874       0x20 c:/program files (x86)/embitz/1.00/share/em_armgcc/bin/../lib/gcc/arm-none-eabi/5.4.1/../../../../arm-none-eabi/lib/armv7e-m/fpu\libg_n.a(lib_a-memset.o)
 .debug_frame   0x00000894      0x238 c:/program files (x86)/embitz/1.00/share/em_armgcc/bin/../lib/gcc/arm-none-eabi/5.4.1/../../../../arm-none-eabi/lib/armv7e-m/fpu\libg_n.a(lib_a-mprec.o)
 .debug_frame   0x00000acc       0x2c c:/program files (x86)/embitz/1.00/share/em_armgcc/bin/../lib/gcc/arm-none-eabi/5.4.1/../../../../arm-none-eabi/lib/armv7e-m/fpu\libg_n.a(lib_a-nano-callocr.o)
 .debug_frame   0x00000af8       0x38 c:/program files (x86)/embitz/1.00/share/em_armgcc/bin/../lib/gcc/arm-none-eabi/5.4.1/../../../../arm-none-eabi/lib/armv7e-m/fpu\libg_n.a(lib_a-nano-freer.o)
 .debug_frame   0x00000b30       0x2c c:/program files (x86)/embitz/1.00/share/em_armgcc/bin/../lib/gcc/arm-none-eabi/5.4.1/../../../../arm-none-eabi/lib/armv7e-m/fpu\libg_n.a(lib_a-nano-mallocr.o)
 .debug_frame   0x00000b5c       0x90 c:/program files (x86)/embitz/1.00/share/em_armgcc/bin/../lib/gcc/arm-none-eabi/5.4.1/../../../../arm-none-eabi/lib/armv7e-m/fpu\libg_n.a(lib_a-nano-svfprintf.o)
 .debug_frame   0x00000bec       0x74 c:/program files (x86)/embitz/1.00/share/em_armgcc/bin/../lib/gcc/arm-none-eabi/5.4.1/../../../../arm-none-eabi/lib/armv7e-m/fpu\libg_n.a(lib_a-nano-svfscanf.o)
 .debug_frame   0x00000c60       0xac c:/program files (x86)/embitz/1.00/share/em_armgcc/bin/../lib/gcc/arm-none-eabi/5.4.1/../../../../arm-none-eabi/lib/armv7e-m/fpu\libg_n.a(lib_a-nano-vfprintf.o)
 .debug_frame   0x00000d0c       0x60 c:/program files (x86)/embitz/1.00/share/em_armgcc/bin/../lib/gcc/arm-none-eabi/5.4.1/../../../../arm-none-eabi/lib/armv7e-m/fpu\libg_n.a(lib_a-nano-vfscanf_i.o)
 .debug_frame   0x00000d6c       0x48 c:/program files (x86)/embitz/1.00/share/em_armgcc/bin/../lib/gcc/arm-none-eabi/5.4.1/../../../../arm-none-eabi/lib/armv7e-m/fpu\libg_n.a(lib_a-putc.o)
 .debug_frame   0x00000db4       0x2c c:/program files (x86)/embitz/1.00/share/em_armgcc/bin/../lib/gcc/arm-none-eabi/5.4.1/../../../../arm-none-eabi/lib/armv7e-m/fpu\libg_n.a(lib_a-readr.o)
 .debug_frame   0x00000de0       0x5c c:/program files (x86)/embitz/1.00/share/em_armgcc/bin/../lib/gcc/arm-none-eabi/5.4.1/../../../../arm-none-eabi/lib/armv7e-m/fpu\libg_n.a(lib_a-reent.o)
 .debug_frame   0x00000e3c       0x2c c:/program files (x86)/embitz/1.00/share/em_armgcc/bin/../lib/gcc/arm-none-eabi/5.4.1/../../../../arm-none-eabi/lib/armv7e-m/fpu\libg_n.a(lib_a-sbrkr.o)
 .debug_frame   0x00000e68       0x2c c:/program files (x86)/embitz/1.00/share/em_armgcc/bin/../lib/gcc/arm-none-eabi/5.4.1/../../../../arm-none-eabi/lib/armv7e-m/fpu\libg_n.a(lib_a-sccl.o)
 .debug_frame   0x00000e94       0x44 c:/program files (x86)/embitz/1.00/share/em_armgcc/bin/../lib/gcc/arm-none-eabi/5.4.1/../../../../arm-none-eabi/lib/armv7e-m/fpu\libg_n.a(lib_a-strtol.o)
 .debug_frame   0x00000ed8       0x44 c:/program files (x86)/embitz/1.00/share/em_armgcc/bin/../lib/gcc/arm-none-eabi/5.4.1/../../../../arm-none-eabi/lib/armv7e-m/fpu\libg_n.a(lib_a-strtoul.o)
 .debug_frame   0x00000f1c       0x60 c:/program files (x86)/embitz/1.00/share/em_armgcc/bin/../lib/gcc/arm-none-eabi/5.4.1/../../../../arm-none-eabi/lib/armv7e-m/fpu\libg_n.a(lib_a-ungetc.o)
 .debug_frame   0x00000f7c       0x2c c:/program files (x86)/embitz/1.00/share/em_armgcc/bin/../lib/gcc/arm-none-eabi/5.4.1/../../../../arm-none-eabi/lib/armv7e-m/fpu\libg_n.a(lib_a-fstatr.o)
 .debug_frame   0x00000fa8       0x2c c:/program files (x86)/embitz/1.00/share/em_armgcc/bin/../lib/gcc/arm-none-eabi/5.4.1/../../../../arm-none-eabi/lib/armv7e-m/fpu\libg_n.a(lib_a-isattyr.o)
 .debug_frame   0x00000fd4       0x28 c:/program files (x86)/embitz/1.00/share/em_armgcc/bin/../lib/gcc/arm-none-eabi/5.4.1/../../../../arm-none-eabi/lib/armv7e-m/fpu\libg_n.a(lib_a-memmove.o)
 .debug_frame   0x00000ffc       0x30 c:/program files (x86)/embitz/1.00/share/em_armgcc/bin/../lib/gcc/arm-none-eabi/5.4.1/../../../../arm-none-eabi/lib/armv7e-m/fpu\libg_n.a(lib_a-mlock.o)
 .debug_frame   0x0000102c       0x3c c:/program files (x86)/embitz/1.00/share/em_armgcc/bin/../lib/gcc/arm-none-eabi/5.4.1/../../../../arm-none-eabi/lib/armv7e-m/fpu\libg_n.a(lib_a-nano-reallocr.o)
 .debug_frame   0x00001068       0x20 c:/program files (x86)/embitz/1.00/share/em_armgcc/bin/../lib/gcc/arm-none-eabi/5.4.1/../../../../arm-none-eabi/lib/armv7e-m/fpu\libg_n.a(lib_a-nano-msizer.o)
 .debug_frame   0x00001088       0x20 c:/program files (x86)/embitz/1.00/share/em_armgcc/bin/../lib/gcc/arm-none-eabi/5.4.1/../../../../arm-none-eabi/lib/armv7e-m/fpu\libnosys_s.a(close.o)
 .debug_frame   0x000010a8       0x20 c:/program files (x86)/embitz/1.00/share/em_armgcc/bin/../lib/gcc/arm-none-eabi/5.4.1/../../../../arm-none-eabi/lib/armv7e-m/fpu\libnosys_s.a(fstat.o)
 .debug_frame   0x000010c8       0x20 c:/program files (x86)/embitz/1.00/share/em_armgcc/bin/../lib/gcc/arm-none-eabi/5.4.1/../../../../arm-none-eabi/lib/armv7e-m/fpu\libnosys_s.a(isatty.o)
 .debug_frame   0x000010e8       0x20 c:/program files (x86)/embitz/1.00/share/em_armgcc/bin/../lib/gcc/arm-none-eabi/5.4.1/../../../../arm-none-eabi/lib/armv7e-m/fpu\libnosys_s.a(lseek.o)
 .debug_frame   0x00001108       0x20 c:/program files (x86)/embitz/1.00/share/em_armgcc/bin/../lib/gcc/arm-none-eabi/5.4.1/../../../../arm-none-eabi/lib/armv7e-m/fpu\libnosys_s.a(read.o)
 .debug_frame   0x00001128       0x20 c:/program files (x86)/embitz/1.00/share/em_armgcc/bin/../lib/gcc/arm-none-eabi/5.4.1/../../../../arm-none-eabi/lib/armv7e-m/fpu\libnosys_s.a(sbrk.o)

.stab           0x00000000       0x84
 .stab          0x00000000       0x24 c:/program files (x86)/embitz/1.00/share/em_armgcc/bin/../lib/gcc/arm-none-eabi/5.4.1/../../../../arm-none-eabi/lib/armv7e-m/fpu\libnosys_s.a(close.o)
 .stab          0x00000024       0x18 c:/program files (x86)/embitz/1.00/share/em_armgcc/bin/../lib/gcc/arm-none-eabi/5.4.1/../../../../arm-none-eabi/lib/armv7e-m/fpu\libnosys_s.a(fstat.o)
                                 0x24 (size before relaxing)
 .stab          0x0000003c       0x18 c:/program files (x86)/embitz/1.00/share/em_armgcc/bin/../lib/gcc/arm-none-eabi/5.4.1/../../../../arm-none-eabi/lib/armv7e-m/fpu\libnosys_s.a(isatty.o)
                                 0x24 (size before relaxing)
 .stab          0x00000054       0x18 c:/program files (x86)/embitz/1.00/share/em_armgcc/bin/../lib/gcc/arm-none-eabi/5.4.1/../../../../arm-none-eabi/lib/armv7e-m/fpu\libnosys_s.a(lseek.o)
                                 0x24 (size before relaxing)
 .stab          0x0000006c       0x18 c:/program files (x86)/embitz/1.00/share/em_armgcc/bin/../lib/gcc/arm-none-eabi/5.4.1/../../../../arm-none-eabi/lib/armv7e-m/fpu\libnosys_s.a(read.o)
                                 0x24 (size before relaxing)

.stabstr        0x00000000      0x117
 .stabstr       0x00000000      0x117 c:/program files (x86)/embitz/1.00/share/em_armgcc/bin/../lib/gcc/arm-none-eabi/5.4.1/../../../../arm-none-eabi/lib/armv7e-m/fpu\libnosys_s.a(close.o)